12
Enter second number please:
0
Choose an operation (+, -, *, /):
+
Result is: 12.0
Do you want to perform another calculation? (yes/no)
yes
Enter first number please:
12
Enter second number please:
0
Choose an operation (+, -, *, /):
/
Error: Division by zero is Infinity
Enter first number please:
12
Enter second number please:
13
Choose an operation (+, -, *, /):
*
Result is: 156.0
Do you want to perform another calculation? (yes/no)
no
Calculator has exited.
RadhaPutraAbhishektyagi@Abhisheks-MacBook-Air Javastarting % 
  [Restored 12 Sep 2024 at 2:10:26 PM]
Last login: Thu Sep 12 14:10:19 on console
RadhaPutraAbhishektyagi@Abhisheks-MacBook-Air Javastarting % 
  [Restored 12 Sep 2024 at 8:35:32 PM]
Last login: Thu Sep 12 20:35:29 on console
RadhaPutraAbhishektyagi@Abhisheks-MacBook-Air Javastarting % clear;

RadhaPutraAbhishektyagi@Abhisheks-MacBook-Air Javastarting % cd ~;
RadhaPutraAbhishektyagi@Abhisheks-MacBook-Air ~ % pwd
/Users/abhishektyagi_1
RadhaPutraAbhishektyagi@Abhisheks-MacBook-Air ~ % mysql -u root -p;
Enter password: 
Welcome to the MySQL monitor.  Commands end with ; or \g.
Your MySQL connection id is 8
Server version: 8.0.31 MySQL Community Server - GPL

Copyright (c) 2000, 2022, Oracle and/or its affiliates.

Oracle is a registered trademark of Oracle Corporation and/or its
affiliates. Other names may be trademarks of their respective
owners.

Type 'help;' or '\h' for help. Type '\c' to clear the current input statement.

mysql> show schemas;
+----------------------+
| Database             |
+----------------------+
| ABES                 |
| Aggregate            |
| bankmanagementsystem |
| Books                |
| BookShop             |
| constraints          |
| DBMS                 |
| information_schema   |
| mysql                |
| performance_schema   |
| Practice             |
| RadheKrishna         |
| Shirt                |
| sys                  |
| Triggers             |
| Tv_db                |
| View                 |
+----------------------+
17 rows in set (0.01 sec)

mysql> connect tv_db;
Reading table information for completion of table and column names
You can turn off this feature to get a quicker startup with -A

Connection id:    9
Current database: tv_db

mysql> show tables;
+-----------------+
| Tables_in_tv_db |
+-----------------+
| reviewers       |
| reviews         |
| series          |
+-----------------+
3 rows in set (0.00 sec)

mysql> select * from reviewers;
+----+------------+-----------+
| id | first_name | last_name |
+----+------------+-----------+
|  1 | Thomas     | Stoneman  |
|  2 | Wyatt      | Skaggs    |
|  3 | Kimbra     | Masters   |
|  4 | Domingo    | Cortes    |
|  5 | Colt       | Steele    |
|  6 | Pinkie     | Petit     |
|  7 | Marlon     | Crafford  |
+----+------------+-----------+
7 rows in set (0.00 sec)

mysql> select * from reviews;
+----+--------+-----------+-------------+
| id | rating | series_id | reviewer_id |
+----+--------+-----------+-------------+
|  1 |    8.0 |         1 |           1 |
|  2 |    7.5 |         1 |           2 |
|  3 |    8.5 |         1 |           3 |
|  4 |    7.7 |         1 |           4 |
|  5 |    8.9 |         1 |           5 |
|  6 |    8.1 |         2 |           1 |
|  7 |    6.0 |         2 |           4 |
|  8 |    8.0 |         2 |           3 |
|  9 |    8.4 |         2 |           6 |
| 10 |    9.9 |         2 |           5 |
| 11 |    7.0 |         3 |           1 |
| 12 |    7.5 |         3 |           6 |
| 13 |    8.0 |         3 |           4 |
| 14 |    7.1 |         3 |           3 |
| 15 |    8.0 |         3 |           5 |
| 16 |    7.5 |         4 |           1 |
| 17 |    7.8 |         4 |           3 |
| 18 |    8.3 |         4 |           4 |
| 19 |    7.6 |         4 |           2 |
| 20 |    8.5 |         4 |           5 |
| 21 |    9.5 |         5 |           1 |
| 22 |    9.0 |         5 |           3 |
| 23 |    9.1 |         5 |           4 |
| 24 |    9.3 |         5 |           2 |
| 25 |    9.9 |         5 |           5 |
| 26 |    6.5 |         6 |           2 |
| 27 |    7.8 |         6 |           3 |
| 28 |    8.8 |         6 |           4 |
| 29 |    8.4 |         6 |           2 |
| 30 |    9.1 |         6 |           5 |
| 31 |    9.1 |         7 |           2 |
| 32 |    9.7 |         7 |           5 |
| 33 |    8.5 |         8 |           4 |
| 34 |    7.8 |         8 |           2 |
| 35 |    8.8 |         8 |           6 |
| 36 |    9.3 |         8 |           5 |
| 37 |    5.5 |         9 |           2 |
| 38 |    6.8 |         9 |           3 |
| 39 |    5.8 |         9 |           4 |
| 40 |    4.3 |         9 |           6 |
| 41 |    4.5 |         9 |           5 |
| 42 |    9.9 |        10 |           5 |
| 43 |    8.0 |        13 |           3 |
| 44 |    7.2 |        13 |           4 |
| 45 |    8.5 |        14 |           2 |
| 46 |    8.9 |        14 |           3 |
| 47 |    8.9 |        14 |           4 |
+----+--------+-----------+-------------+
47 rows in set (0.00 sec)

mysql> select * from series;
+----+-----------------------+---------------+-----------+
| id | title                 | released_year | genre     |
+----+-----------------------+---------------+-----------+
|  1 | Archer                |          2009 | Animation |
|  2 | Arrested Development  |          2003 | Comedy    |
|  3 | Bob's Burgers         |          2011 | Animation |
|  4 | Bojack Horseman       |          2014 | Animation |
|  5 | Breaking Bad          |          2008 | Drama     |
|  6 | Curb Your Enthusiasm  |          2000 | Comedy    |
|  7 | Fargo                 |          2014 | Drama     |
|  8 | Freaks and Geeks      |          1999 | Comedy    |
|  9 | General Hospital      |          1963 | Drama     |
| 10 | Halt and Catch Fire   |          2014 | Drama     |
| 11 | Malcolm In The Middle |          2000 | Comedy    |
| 12 | Pushing Daisies       |          2007 | Comedy    |
| 13 | Seinfeld              |          1989 | Comedy    |
| 14 | Stranger Things       |          2016 | Drama     |
+----+-----------------------+---------------+-----------+
14 rows in set (0.00 sec)

mysql> show create table reviews;
+---------+-----------------------------------------------------------------------------------------------------------------------------------------------------------------------------------------------------------------------------------------------------------------------------------------------------------------------------------------------------------------------------------------------------------------------------------------------------------------------------------------------------------------------------------+
| Table   | Create Table                                                                                                                                                                                                                                                                                                                                                                                                                                                                                                                      |
+---------+-----------------------------------------------------------------------------------------------------------------------------------------------------------------------------------------------------------------------------------------------------------------------------------------------------------------------------------------------------------------------------------------------------------------------------------------------------------------------------------------------------------------------------------+
| reviews | CREATE TABLE `reviews` (
  `id` int NOT NULL AUTO_INCREMENT,
  `rating` decimal(2,1) DEFAULT NULL,
  `series_id` int DEFAULT NULL,
  `reviewer_id` int DEFAULT NULL,
  PRIMARY KEY (`id`),
  KEY `series_id` (`series_id`),
  KEY `reviewer_id` (`reviewer_id`),
  CONSTRAINT `reviews_ibfk_1` FOREIGN KEY (`series_id`) REFERENCES `series` (`id`),
  CONSTRAINT `reviews_ibfk_2` FOREIGN KEY (`reviewer_id`) REFERENCES `reviewers` (`id`)
) ENGINE=InnoDB AUTO_INCREMENT=48 DEFAULT CHARSET=utf8mb4 COLLATE=utf8mb4_0900_ai_ci |
+---------+-----------------------------------------------------------------------------------------------------------------------------------------------------------------------------------------------------------------------------------------------------------------------------------------------------------------------------------------------------------------------------------------------------------------------------------------------------------------------------------------------------------------------------------+
1 row in set (0.00 sec)

mysql> desc reviews;
+-------------+--------------+------+-----+---------+----------------+
| Field       | Type         | Null | Key | Default | Extra          |
+-------------+--------------+------+-----+---------+----------------+
| id          | int          | NO   | PRI | NULL    | auto_increment |
| rating      | decimal(2,1) | YES  |     | NULL    |                |
| series_id   | int          | YES  | MUL | NULL    |                |
| reviewer_id | int          | YES  | MUL | NULL    |                |
+-------------+--------------+------+-----+---------+----------------+
4 rows in set (0.00 sec)

mysql> select * from reviews inner joins series on
    -> reviews.series_id=series.id;
ERROR 1064 (42000): You have an error in your SQL syntax; check the manual that corresponds to your MySQL server version for the right syntax to use near 'joins series on
reviews.series_id=series.id' at line 1
mysql> select * from reviews inner join series on reviews.series_id=series.id;
+----+--------+-----------+-------------+----+----------------------+---------------+-----------+
| id | rating | series_id | reviewer_id | id | title                | released_year | genre     |
+----+--------+-----------+-------------+----+----------------------+---------------+-----------+
|  1 |    8.0 |         1 |           1 |  1 | Archer               |          2009 | Animation |
|  2 |    7.5 |         1 |           2 |  1 | Archer               |          2009 | Animation |
|  3 |    8.5 |         1 |           3 |  1 | Archer               |          2009 | Animation |
|  4 |    7.7 |         1 |           4 |  1 | Archer               |          2009 | Animation |
|  5 |    8.9 |         1 |           5 |  1 | Archer               |          2009 | Animation |
|  6 |    8.1 |         2 |           1 |  2 | Arrested Development |          2003 | Comedy    |
|  7 |    6.0 |         2 |           4 |  2 | Arrested Development |          2003 | Comedy    |
|  8 |    8.0 |         2 |           3 |  2 | Arrested Development |          2003 | Comedy    |
|  9 |    8.4 |         2 |           6 |  2 | Arrested Development |          2003 | Comedy    |
| 10 |    9.9 |         2 |           5 |  2 | Arrested Development |          2003 | Comedy    |
| 11 |    7.0 |         3 |           1 |  3 | Bob's Burgers        |          2011 | Animation |
| 12 |    7.5 |         3 |           6 |  3 | Bob's Burgers        |          2011 | Animation |
| 13 |    8.0 |         3 |           4 |  3 | Bob's Burgers        |          2011 | Animation |
| 14 |    7.1 |         3 |           3 |  3 | Bob's Burgers        |          2011 | Animation |
| 15 |    8.0 |         3 |           5 |  3 | Bob's Burgers        |          2011 | Animation |
| 16 |    7.5 |         4 |           1 |  4 | Bojack Horseman      |          2014 | Animation |
| 17 |    7.8 |         4 |           3 |  4 | Bojack Horseman      |          2014 | Animation |
| 18 |    8.3 |         4 |           4 |  4 | Bojack Horseman      |          2014 | Animation |
| 19 |    7.6 |         4 |           2 |  4 | Bojack Horseman      |          2014 | Animation |
| 20 |    8.5 |         4 |           5 |  4 | Bojack Horseman      |          2014 | Animation |
| 21 |    9.5 |         5 |           1 |  5 | Breaking Bad         |          2008 | Drama     |
| 22 |    9.0 |         5 |           3 |  5 | Breaking Bad         |          2008 | Drama     |
| 23 |    9.1 |         5 |           4 |  5 | Breaking Bad         |          2008 | Drama     |
| 24 |    9.3 |         5 |           2 |  5 | Breaking Bad         |          2008 | Drama     |
| 25 |    9.9 |         5 |           5 |  5 | Breaking Bad         |          2008 | Drama     |
| 26 |    6.5 |         6 |           2 |  6 | Curb Your Enthusiasm |          2000 | Comedy    |
| 27 |    7.8 |         6 |           3 |  6 | Curb Your Enthusiasm |          2000 | Comedy    |
| 28 |    8.8 |         6 |           4 |  6 | Curb Your Enthusiasm |          2000 | Comedy    |
| 29 |    8.4 |         6 |           2 |  6 | Curb Your Enthusiasm |          2000 | Comedy    |
| 30 |    9.1 |         6 |           5 |  6 | Curb Your Enthusiasm |          2000 | Comedy    |
| 31 |    9.1 |         7 |           2 |  7 | Fargo                |          2014 | Drama     |
| 32 |    9.7 |         7 |           5 |  7 | Fargo                |          2014 | Drama     |
| 33 |    8.5 |         8 |           4 |  8 | Freaks and Geeks     |          1999 | Comedy    |
| 34 |    7.8 |         8 |           2 |  8 | Freaks and Geeks     |          1999 | Comedy    |
| 35 |    8.8 |         8 |           6 |  8 | Freaks and Geeks     |          1999 | Comedy    |
| 36 |    9.3 |         8 |           5 |  8 | Freaks and Geeks     |          1999 | Comedy    |
| 37 |    5.5 |         9 |           2 |  9 | General Hospital     |          1963 | Drama     |
| 38 |    6.8 |         9 |           3 |  9 | General Hospital     |          1963 | Drama     |
| 39 |    5.8 |         9 |           4 |  9 | General Hospital     |          1963 | Drama     |
| 40 |    4.3 |         9 |           6 |  9 | General Hospital     |          1963 | Drama     |
| 41 |    4.5 |         9 |           5 |  9 | General Hospital     |          1963 | Drama     |
| 42 |    9.9 |        10 |           5 | 10 | Halt and Catch Fire  |          2014 | Drama     |
| 43 |    8.0 |        13 |           3 | 13 | Seinfeld             |          1989 | Comedy    |
| 44 |    7.2 |        13 |           4 | 13 | Seinfeld             |          1989 | Comedy    |
| 45 |    8.5 |        14 |           2 | 14 | Stranger Things      |          2016 | Drama     |
| 46 |    8.9 |        14 |           3 | 14 | Stranger Things      |          2016 | Drama     |
| 47 |    8.9 |        14 |           4 | 14 | Stranger Things      |          2016 | Drama     |
+----+--------+-----------+-------------+----+----------------------+---------------+-----------+
47 rows in set (0.00 sec)

mysql> select title,rating from reviews inner join series on reviews.series_id=series.id;
+----------------------+--------+
| title                | rating |
+----------------------+--------+
| Archer               |    8.0 |
| Archer               |    7.5 |
| Archer               |    8.5 |
| Archer               |    7.7 |
| Archer               |    8.9 |
| Arrested Development |    8.1 |
| Arrested Development |    6.0 |
| Arrested Development |    8.0 |
| Arrested Development |    8.4 |
| Arrested Development |    9.9 |
| Bob's Burgers        |    7.0 |
| Bob's Burgers        |    7.5 |
| Bob's Burgers        |    8.0 |
| Bob's Burgers        |    7.1 |
| Bob's Burgers        |    8.0 |
| Bojack Horseman      |    7.5 |
| Bojack Horseman      |    7.8 |
| Bojack Horseman      |    8.3 |
| Bojack Horseman      |    7.6 |
| Bojack Horseman      |    8.5 |
| Breaking Bad         |    9.5 |
| Breaking Bad         |    9.0 |
| Breaking Bad         |    9.1 |
| Breaking Bad         |    9.3 |
| Breaking Bad         |    9.9 |
| Curb Your Enthusiasm |    6.5 |
| Curb Your Enthusiasm |    7.8 |
| Curb Your Enthusiasm |    8.8 |
| Curb Your Enthusiasm |    8.4 |
| Curb Your Enthusiasm |    9.1 |
| Fargo                |    9.1 |
| Fargo                |    9.7 |
| Freaks and Geeks     |    8.5 |
| Freaks and Geeks     |    7.8 |
| Freaks and Geeks     |    8.8 |
| Freaks and Geeks     |    9.3 |
| General Hospital     |    5.5 |
| General Hospital     |    6.8 |
| General Hospital     |    5.8 |
| General Hospital     |    4.3 |
| General Hospital     |    4.5 |
| Halt and Catch Fire  |    9.9 |
| Seinfeld             |    8.0 |
| Seinfeld             |    7.2 |
| Stranger Things      |    8.5 |
| Stranger Things      |    8.9 |
| Stranger Things      |    8.9 |
+----------------------+--------+
47 rows in set (0.00 sec)

mysql> select * from series;
+----+-----------------------+---------------+-----------+
| id | title                 | released_year | genre     |
+----+-----------------------+---------------+-----------+
|  1 | Archer                |          2009 | Animation |
|  2 | Arrested Development  |          2003 | Comedy    |
|  3 | Bob's Burgers         |          2011 | Animation |
|  4 | Bojack Horseman       |          2014 | Animation |
|  5 | Breaking Bad          |          2008 | Drama     |
|  6 | Curb Your Enthusiasm  |          2000 | Comedy    |
|  7 | Fargo                 |          2014 | Drama     |
|  8 | Freaks and Geeks      |          1999 | Comedy    |
|  9 | General Hospital      |          1963 | Drama     |
| 10 | Halt and Catch Fire   |          2014 | Drama     |
| 11 | Malcolm In The Middle |          2000 | Comedy    |
| 12 | Pushing Daisies       |          2007 | Comedy    |
| 13 | Seinfeld              |          1989 | Comedy    |
| 14 | Stranger Things       |          2016 | Drama     |
+----+-----------------------+---------------+-----------+
14 rows in set (0.00 sec)

mysql> select * from reviews;
+----+--------+-----------+-------------+
| id | rating | series_id | reviewer_id |
+----+--------+-----------+-------------+
|  1 |    8.0 |         1 |           1 |
|  2 |    7.5 |         1 |           2 |
|  3 |    8.5 |         1 |           3 |
|  4 |    7.7 |         1 |           4 |
|  5 |    8.9 |         1 |           5 |
|  6 |    8.1 |         2 |           1 |
|  7 |    6.0 |         2 |           4 |
|  8 |    8.0 |         2 |           3 |
|  9 |    8.4 |         2 |           6 |
| 10 |    9.9 |         2 |           5 |
| 11 |    7.0 |         3 |           1 |
| 12 |    7.5 |         3 |           6 |
| 13 |    8.0 |         3 |           4 |
| 14 |    7.1 |         3 |           3 |
| 15 |    8.0 |         3 |           5 |
| 16 |    7.5 |         4 |           1 |
| 17 |    7.8 |         4 |           3 |
| 18 |    8.3 |         4 |           4 |
| 19 |    7.6 |         4 |           2 |
| 20 |    8.5 |         4 |           5 |
| 21 |    9.5 |         5 |           1 |
| 22 |    9.0 |         5 |           3 |
| 23 |    9.1 |         5 |           4 |
| 24 |    9.3 |         5 |           2 |
| 25 |    9.9 |         5 |           5 |
| 26 |    6.5 |         6 |           2 |
| 27 |    7.8 |         6 |           3 |
| 28 |    8.8 |         6 |           4 |
| 29 |    8.4 |         6 |           2 |
| 30 |    9.1 |         6 |           5 |
| 31 |    9.1 |         7 |           2 |
| 32 |    9.7 |         7 |           5 |
| 33 |    8.5 |         8 |           4 |
| 34 |    7.8 |         8 |           2 |
| 35 |    8.8 |         8 |           6 |
| 36 |    9.3 |         8 |           5 |
| 37 |    5.5 |         9 |           2 |
| 38 |    6.8 |         9 |           3 |
| 39 |    5.8 |         9 |           4 |
| 40 |    4.3 |         9 |           6 |
| 41 |    4.5 |         9 |           5 |
| 42 |    9.9 |        10 |           5 |
| 43 |    8.0 |        13 |           3 |
| 44 |    7.2 |        13 |           4 |
| 45 |    8.5 |        14 |           2 |
| 46 |    8.9 |        14 |           3 |
| 47 |    8.9 |        14 |           4 |
+----+--------+-----------+-------------+
47 rows in set (0.01 sec)

mysql> select * from reviewers;
+----+------------+-----------+
| id | first_name | last_name |
+----+------------+-----------+
|  1 | Thomas     | Stoneman  |
|  2 | Wyatt      | Skaggs    |
|  3 | Kimbra     | Masters   |
|  4 | Domingo    | Cortes    |
|  5 | Colt       | Steele    |
|  6 | Pinkie     | Petit     |
|  7 | Marlon     | Crafford  |
+----+------------+-----------+
7 rows in set (0.00 sec)

mysql> select title,avg(rating) as avg_rating from series inner join reviews on
    -> series.id=reviews.series_id;
ERROR 1140 (42000): In aggregated query without GROUP BY, expression #1 of SELECT list contains nonaggregated column 'tv_db.series.title'; this is incompatible with sql_mode=only_full_group_by
mysql> select title,avg(rating) as avg_rating from series inner join reviews on series.id=reviews.series_id group by title order by avg_rating asc;
+----------------------+------------+
| title                | avg_rating |
+----------------------+------------+
| General Hospital     |    5.38000 |
| Bob's Burgers        |    7.52000 |
| Seinfeld             |    7.60000 |
| Bojack Horseman      |    7.94000 |
| Arrested Development |    8.08000 |
| Archer               |    8.12000 |
| Curb Your Enthusiasm |    8.12000 |
| Freaks and Geeks     |    8.60000 |
| Stranger Things      |    8.76667 |
| Breaking Bad         |    9.36000 |
| Fargo                |    9.40000 |
| Halt and Catch Fire  |    9.90000 |
+----------------------+------------+
12 rows in set (0.00 sec)

mysql> select title,avg(rating) as avg_rating from series inner join reviews on series.id=reviews.series_id group by title order by avg_rating asc;
+----------------------+------------+
| title                | avg_rating |
+----------------------+------------+
| General Hospital     |    5.38000 |
| Bob's Burgers        |    7.52000 |
| Seinfeld             |    7.60000 |
| Bojack Horseman      |    7.94000 |
| Arrested Development |    8.08000 |
| Archer               |    8.12000 |
| Curb Your Enthusiasm |    8.12000 |
| Freaks and Geeks     |    8.60000 |
| Stranger Things      |    8.76667 |
| Breaking Bad         |    9.36000 |
| Fargo                |    9.40000 |
| Halt and Catch Fire  |    9.90000 |
+----------------------+------------+
12 rows in set (0.00 sec)

mysql> SELECT 
    ->     title, count(*) AS Total
    -> FROM
    ->     series
    ->         INNER JOIN
    ->     reviews ON series.id = reviews.series_id
    -> GROUP BY title
    -> ORDER BY total desc;
+----------------------+-------+
| title                | Total |
+----------------------+-------+
| Archer               |     5 |
| Arrested Development |     5 |
| Bob's Burgers        |     5 |
| Bojack Horseman      |     5 |
| Breaking Bad         |     5 |
| Curb Your Enthusiasm |     5 |
| General Hospital     |     5 |
| Freaks and Geeks     |     4 |
| Stranger Things      |     3 |
| Fargo                |     2 |
| Seinfeld             |     2 |
| Halt and Catch Fire  |     1 |
+----------------------+-------+
12 rows in set (0.01 sec)

mysql> 
mysql> SELECT      title, count(*) AS Total FROM     series         INNER JOIN     reviews ON series.id = reviews.series_id GROUP BY title ORDER BY total ;
+----------------------+-------+
| title                | Total |
+----------------------+-------+
| Halt and Catch Fire  |     1 |
| Fargo                |     2 |
| Seinfeld             |     2 |
| Stranger Things      |     3 |
| Freaks and Geeks     |     4 |
| Archer               |     5 |
| Arrested Development |     5 |
| Bob's Burgers        |     5 |
| Bojack Horseman      |     5 |
| Breaking Bad         |     5 |
| Curb Your Enthusiasm |     5 |
| General Hospital     |     5 |
+----------------------+-------+
12 rows in set (0.00 sec)

mysql> select title,avg(rating) as avg_rating from series inner join reviews on series.id=reviews.series_id group by title order by avg_rating asc;
+----------------------+------------+
| title                | avg_rating |
+----------------------+------------+
| General Hospital     |    5.38000 |
| Bob's Burgers        |    7.52000 |
| Seinfeld             |    7.60000 |
| Bojack Horseman      |    7.94000 |
| Arrested Development |    8.08000 |
| Archer               |    8.12000 |
| Curb Your Enthusiasm |    8.12000 |
| Freaks and Geeks     |    8.60000 |
| Stranger Things      |    8.76667 |
| Breaking Bad         |    9.36000 |
| Fargo                |    9.40000 |
| Halt and Catch Fire  |    9.90000 |
+----------------------+------------+
12 rows in set (0.01 sec)

mysql> SELECT      title, count(*) AS Total FROM     series         INNER JOIN     reviews ON series.id = reviews.series_id GROUP BY title ORDER BY total ;
+----------------------+-------+
| title                | Total |
+----------------------+-------+
| Halt and Catch Fire  |     1 |
| Fargo                |     2 |
| Seinfeld             |     2 |
| Stranger Things      |     3 |
| Freaks and Geeks     |     4 |
| Archer               |     5 |
| Arrested Development |     5 |
| Bob's Burgers        |     5 |
| Bojack Horseman      |     5 |
| Breaking Bad         |     5 |
| Curb Your Enthusiasm |     5 |
| General Hospital     |     5 |
+----------------------+-------+
12 rows in set (0.00 sec)

mysql> SELECT title, rating FROM series INNER JOIN reviews ON series.id = reviews.series_id;
+----------------------+--------+
| title                | rating |
+----------------------+--------+
| Archer               |    8.0 |
| Archer               |    7.5 |
| Archer               |    8.5 |
| Archer               |    7.7 |
| Archer               |    8.9 |
| Arrested Development |    8.1 |
| Arrested Development |    6.0 |
| Arrested Development |    8.0 |
| Arrested Development |    8.4 |
| Arrested Development |    9.9 |
| Bob's Burgers        |    7.0 |
| Bob's Burgers        |    7.5 |
| Bob's Burgers        |    8.0 |
| Bob's Burgers        |    7.1 |
| Bob's Burgers        |    8.0 |
| Bojack Horseman      |    7.5 |
| Bojack Horseman      |    7.8 |
| Bojack Horseman      |    8.3 |
| Bojack Horseman      |    7.6 |
| Bojack Horseman      |    8.5 |
| Breaking Bad         |    9.5 |
| Breaking Bad         |    9.0 |
| Breaking Bad         |    9.1 |
| Breaking Bad         |    9.3 |
| Breaking Bad         |    9.9 |
| Curb Your Enthusiasm |    6.5 |
| Curb Your Enthusiasm |    7.8 |
| Curb Your Enthusiasm |    8.8 |
| Curb Your Enthusiasm |    8.4 |
| Curb Your Enthusiasm |    9.1 |
| Fargo                |    9.1 |
| Fargo                |    9.7 |
| Freaks and Geeks     |    8.5 |
| Freaks and Geeks     |    7.8 |
| Freaks and Geeks     |    8.8 |
| Freaks and Geeks     |    9.3 |
| General Hospital     |    5.5 |
| General Hospital     |    6.8 |
| General Hospital     |    5.8 |
| General Hospital     |    4.3 |
| General Hospital     |    4.5 |
| Halt and Catch Fire  |    9.9 |
| Seinfeld             |    8.0 |
| Seinfeld             |    7.2 |
| Stranger Things      |    8.5 |
| Stranger Things      |    8.9 |
| Stranger Things      |    8.9 |
+----------------------+--------+
47 rows in set (0.00 sec)

mysql> SELECT      title, count(*) AS Total FROM     series         INNER JOIN     reviews ON series.id = reviews.series_id GROUP BY title ORDER BY total ;
+----------------------+-------+
| title                | Total |
+----------------------+-------+
| Halt and Catch Fire  |     1 |
| Fargo                |     2 |
| Seinfeld             |     2 |
| Stranger Things      |     3 |
| Freaks and Geeks     |     4 |
| Archer               |     5 |
| Arrested Development |     5 |
| Bob's Burgers        |     5 |
| Bojack Horseman      |     5 |
| Breaking Bad         |     5 |
| Curb Your Enthusiasm |     5 |
| General Hospital     |     5 |
+----------------------+-------+
12 rows in set (0.00 sec)

mysql> SELECT title, rating FROM series INNER JOIN reviews ON series.id = reviews.series_id;
+----------------------+--------+
| title                | rating |
+----------------------+--------+
| Archer               |    8.0 |
| Archer               |    7.5 |
| Archer               |    8.5 |
| Archer               |    7.7 |
| Archer               |    8.9 |
| Arrested Development |    8.1 |
| Arrested Development |    6.0 |
| Arrested Development |    8.0 |
| Arrested Development |    8.4 |
| Arrested Development |    9.9 |
| Bob's Burgers        |    7.0 |
| Bob's Burgers        |    7.5 |
| Bob's Burgers        |    8.0 |
| Bob's Burgers        |    7.1 |
| Bob's Burgers        |    8.0 |
| Bojack Horseman      |    7.5 |
| Bojack Horseman      |    7.8 |
| Bojack Horseman      |    8.3 |
| Bojack Horseman      |    7.6 |
| Bojack Horseman      |    8.5 |
| Breaking Bad         |    9.5 |
| Breaking Bad         |    9.0 |
| Breaking Bad         |    9.1 |
| Breaking Bad         |    9.3 |
| Breaking Bad         |    9.9 |
| Curb Your Enthusiasm |    6.5 |
| Curb Your Enthusiasm |    7.8 |
| Curb Your Enthusiasm |    8.8 |
| Curb Your Enthusiasm |    8.4 |
| Curb Your Enthusiasm |    9.1 |
| Fargo                |    9.1 |
| Fargo                |    9.7 |
| Freaks and Geeks     |    8.5 |
| Freaks and Geeks     |    7.8 |
| Freaks and Geeks     |    8.8 |
| Freaks and Geeks     |    9.3 |
| General Hospital     |    5.5 |
| General Hospital     |    6.8 |
| General Hospital     |    5.8 |
| General Hospital     |    4.3 |
| General Hospital     |    4.5 |
| Halt and Catch Fire  |    9.9 |
| Seinfeld             |    8.0 |
| Seinfeld             |    7.2 |
| Stranger Things      |    8.5 |
| Stranger Things      |    8.9 |
| Stranger Things      |    8.9 |
+----------------------+--------+
47 rows in set (0.00 sec)

mysql> select title,avg(rating) as avg_rating from series inner join reviews on series.id=reviews.series_id group by title order by avg_rating asc;
+----------------------+------------+
| title                | avg_rating |
+----------------------+------------+
| General Hospital     |    5.38000 |
| Bob's Burgers        |    7.52000 |
| Seinfeld             |    7.60000 |
| Bojack Horseman      |    7.94000 |
| Arrested Development |    8.08000 |
| Archer               |    8.12000 |
| Curb Your Enthusiasm |    8.12000 |
| Freaks and Geeks     |    8.60000 |
| Stranger Things      |    8.76667 |
| Breaking Bad         |    9.36000 |
| Fargo                |    9.40000 |
| Halt and Catch Fire  |    9.90000 |
+----------------------+------------+
12 rows in set (0.01 sec)

mysql> select title,avg(rating) as avg_rating from series inner join reviews on series.id=reviews.series_id group by title order by avg_rating asc;
+----------------------+------------+
| title                | avg_rating |
+----------------------+------------+
| General Hospital     |    5.38000 |
| Bob's Burgers        |    7.52000 |
| Seinfeld             |    7.60000 |
| Bojack Horseman      |    7.94000 |
| Arrested Development |    8.08000 |
| Archer               |    8.12000 |
| Curb Your Enthusiasm |    8.12000 |
| Freaks and Geeks     |    8.60000 |
| Stranger Things      |    8.76667 |
| Breaking Bad         |    9.36000 |
| Fargo                |    9.40000 |
| Halt and Catch Fire  |    9.90000 |
+----------------------+------------+
12 rows in set (0.00 sec)

mysql> SELECT 
    ->     title,round(avg(rating),2)  AS avg_rating
    -> FROM
    ->     series
    ->         INNER JOIN
    ->     reviews ON series.id = reviews.series_id
    -> GROUP BY title
    -> ORDER BY avg_rating desc;
+----------------------+------------+
| title                | avg_rating |
+----------------------+------------+
| Halt and Catch Fire  |       9.90 |
| Fargo                |       9.40 |
| Breaking Bad         |       9.36 |
| Stranger Things      |       8.77 |
| Freaks and Geeks     |       8.60 |
| Archer               |       8.12 |
| Curb Your Enthusiasm |       8.12 |
| Arrested Development |       8.08 |
| Bojack Horseman      |       7.94 |
| Seinfeld             |       7.60 |
| Bob's Burgers        |       7.52 |
| General Hospital     |       5.38 |
+----------------------+------------+
12 rows in set (0.00 sec)

mysql> 
mysql> 
mysql>      
mysql>      SELECT 
    ->     title,round(avg(rating),2)  AS avg_rating
    -> FROM
    ->     series
    ->         INNER JOIN
    ->     reviews ON series.id = reviews.series_id
    -> GROUP BY title
    -> ORDER BY avg_rating desc;
+----------------------+------------+
| title                | avg_rating |
+----------------------+------------+
| Halt and Catch Fire  |       9.90 |
| Fargo                |       9.40 |
| Breaking Bad         |       9.36 |
| Stranger Things      |       8.77 |
| Freaks and Geeks     |       8.60 |
| Archer               |       8.12 |
| Curb Your Enthusiasm |       8.12 |
| Arrested Development |       8.08 |
| Bojack Horseman      |       7.94 |
| Seinfeld             |       7.60 |
| Bob's Burgers        |       7.52 |
| General Hospital     |       5.38 |
+----------------------+------------+
12 rows in set (0.00 sec)

mysql> 
mysql> 
mysql>      
mysql>      SELECT 
    ->     title,round(avg(rating),2)  AS avg_rating
    -> FROM
    ->     series
    ->         INNER JOIN
    ->     reviews ON series.id = reviews.series_id
    -> GROUP BY title
    -> ORDER BY avg_rating desc;
+----------------------+------------+
| title                | avg_rating |
+----------------------+------------+
| Halt and Catch Fire  |       9.90 |
| Fargo                |       9.40 |
| Breaking Bad         |       9.36 |
| Stranger Things      |       8.77 |
| Freaks and Geeks     |       8.60 |
| Archer               |       8.12 |
| Curb Your Enthusiasm |       8.12 |
| Arrested Development |       8.08 |
| Bojack Horseman      |       7.94 |
| Seinfeld             |       7.60 |
| Bob's Burgers        |       7.52 |
| General Hospital     |       5.38 |
+----------------------+------------+
12 rows in set (0.00 sec)

mysql> 
mysql> 
mysql>      
mysql> SELECT      title,round(avg(rating),1)  AS avg_rating FROM series INNER JOIN  reviews ON series.id = reviews.series_id GROUP BY title ORDER BY avg_rating desc;
+----------------------+------------+
| title                | avg_rating |
+----------------------+------------+
| Halt and Catch Fire  |        9.9 |
| Breaking Bad         |        9.4 |
| Fargo                |        9.4 |
| Stranger Things      |        8.8 |
| Freaks and Geeks     |        8.6 |
| Archer               |        8.1 |
| Arrested Development |        8.1 |
| Curb Your Enthusiasm |        8.1 |
| Bojack Horseman      |        7.9 |
| Seinfeld             |        7.6 |
| Bob's Burgers        |        7.5 |
| General Hospital     |        5.4 |
+----------------------+------------+
12 rows in set (0.00 sec)

mysql> select round(3.8888);
+---------------+
| round(3.8888) |
+---------------+
|             4 |
+---------------+
1 row in set (0.00 sec)

mysql> select round(3.222);
+--------------+
| round(3.222) |
+--------------+
|            3 |
+--------------+
1 row in set (0.00 sec)

mysql> select round(3.555);
+--------------+
| round(3.555) |
+--------------+
|            4 |
+--------------+
1 row in set (0.00 sec)

mysql> select round(3.5);
+------------+
| round(3.5) |
+------------+
|          4 |
+------------+
1 row in set (0.00 sec)

mysql> select round(3.4);
+------------+
| round(3.4) |
+------------+
|          3 |
+------------+
1 row in set (0.00 sec)

mysql> select round(12.32234,2)
    -> ;
+-------------------+
| round(12.32234,2) |
+-------------------+
|             12.32 |
+-------------------+
1 row in set (0.00 sec)

mysql> select * from rviewers;
ERROR 1146 (42S02): Table 'tv_db.rviewers' doesn't exist
mysql> select * from reviewers;
+----+------------+-----------+
| id | first_name | last_name |
+----+------------+-----------+
|  1 | Thomas     | Stoneman  |
|  2 | Wyatt      | Skaggs    |
|  3 | Kimbra     | Masters   |
|  4 | Domingo    | Cortes    |
|  5 | Colt       | Steele    |
|  6 | Pinkie     | Petit     |
|  7 | Marlon     | Crafford  |
+----+------------+-----------+
7 rows in set (0.00 sec)

mysql> select * from review;
ERROR 1146 (42S02): Table 'tv_db.review' doesn't exist
mysql> select * from reviews;
+----+--------+-----------+-------------+
| id | rating | series_id | reviewer_id |
+----+--------+-----------+-------------+
|  1 |    8.0 |         1 |           1 |
|  2 |    7.5 |         1 |           2 |
|  3 |    8.5 |         1 |           3 |
|  4 |    7.7 |         1 |           4 |
|  5 |    8.9 |         1 |           5 |
|  6 |    8.1 |         2 |           1 |
|  7 |    6.0 |         2 |           4 |
|  8 |    8.0 |         2 |           3 |
|  9 |    8.4 |         2 |           6 |
| 10 |    9.9 |         2 |           5 |
| 11 |    7.0 |         3 |           1 |
| 12 |    7.5 |         3 |           6 |
| 13 |    8.0 |         3 |           4 |
| 14 |    7.1 |         3 |           3 |
| 15 |    8.0 |         3 |           5 |
| 16 |    7.5 |         4 |           1 |
| 17 |    7.8 |         4 |           3 |
| 18 |    8.3 |         4 |           4 |
| 19 |    7.6 |         4 |           2 |
| 20 |    8.5 |         4 |           5 |
| 21 |    9.5 |         5 |           1 |
| 22 |    9.0 |         5 |           3 |
| 23 |    9.1 |         5 |           4 |
| 24 |    9.3 |         5 |           2 |
| 25 |    9.9 |         5 |           5 |
| 26 |    6.5 |         6 |           2 |
| 27 |    7.8 |         6 |           3 |
| 28 |    8.8 |         6 |           4 |
| 29 |    8.4 |         6 |           2 |
| 30 |    9.1 |         6 |           5 |
| 31 |    9.1 |         7 |           2 |
| 32 |    9.7 |         7 |           5 |
| 33 |    8.5 |         8 |           4 |
| 34 |    7.8 |         8 |           2 |
| 35 |    8.8 |         8 |           6 |
| 36 |    9.3 |         8 |           5 |
| 37 |    5.5 |         9 |           2 |
| 38 |    6.8 |         9 |           3 |
| 39 |    5.8 |         9 |           4 |
| 40 |    4.3 |         9 |           6 |
| 41 |    4.5 |         9 |           5 |
| 42 |    9.9 |        10 |           5 |
| 43 |    8.0 |        13 |           3 |
| 44 |    7.2 |        13 |           4 |
| 45 |    8.5 |        14 |           2 |
| 46 |    8.9 |        14 |           3 |
| 47 |    8.9 |        14 |           4 |
+----+--------+-----------+-------------+
47 rows in set (0.00 sec)

mysql> select First_name,last_Name,Rating from reviewers inner join reviews on
    -> reviewers.id=reviews.reviewers_id;
ERROR 1054 (42S22): Unknown column 'reviews.reviewers_id' in 'on clause'
mysql> select First_name,last_Name,Rating from reviewers inner join reviews on reviewers.id=reviews.reviewer_id;
+------------+-----------+--------+
| First_name | last_Name | Rating |
+------------+-----------+--------+
| Thomas     | Stoneman  |    8.0 |
| Thomas     | Stoneman  |    8.1 |
| Thomas     | Stoneman  |    7.0 |
| Thomas     | Stoneman  |    7.5 |
| Thomas     | Stoneman  |    9.5 |
| Wyatt      | Skaggs    |    7.5 |
| Wyatt      | Skaggs    |    7.6 |
| Wyatt      | Skaggs    |    9.3 |
| Wyatt      | Skaggs    |    6.5 |
| Wyatt      | Skaggs    |    8.4 |
| Wyatt      | Skaggs    |    9.1 |
| Wyatt      | Skaggs    |    7.8 |
| Wyatt      | Skaggs    |    5.5 |
| Wyatt      | Skaggs    |    8.5 |
| Kimbra     | Masters   |    8.5 |
| Kimbra     | Masters   |    8.0 |
| Kimbra     | Masters   |    7.1 |
| Kimbra     | Masters   |    7.8 |
| Kimbra     | Masters   |    9.0 |
| Kimbra     | Masters   |    7.8 |
| Kimbra     | Masters   |    6.8 |
| Kimbra     | Masters   |    8.0 |
| Kimbra     | Masters   |    8.9 |
| Domingo    | Cortes    |    7.7 |
| Domingo    | Cortes    |    6.0 |
| Domingo    | Cortes    |    8.0 |
| Domingo    | Cortes    |    8.3 |
| Domingo    | Cortes    |    9.1 |
| Domingo    | Cortes    |    8.8 |
| Domingo    | Cortes    |    8.5 |
| Domingo    | Cortes    |    5.8 |
| Domingo    | Cortes    |    7.2 |
| Domingo    | Cortes    |    8.9 |
| Colt       | Steele    |    8.9 |
| Colt       | Steele    |    9.9 |
| Colt       | Steele    |    8.0 |
| Colt       | Steele    |    8.5 |
| Colt       | Steele    |    9.9 |
| Colt       | Steele    |    9.1 |
| Colt       | Steele    |    9.7 |
| Colt       | Steele    |    9.3 |
| Colt       | Steele    |    4.5 |
| Colt       | Steele    |    9.9 |
| Pinkie     | Petit     |    8.4 |
| Pinkie     | Petit     |    7.5 |
| Pinkie     | Petit     |    8.8 |
| Pinkie     | Petit     |    4.3 |
+------------+-----------+--------+
47 rows in set (0.00 sec)

mysql> select * from series Left join reviews on
    -> series.id=reviews.series_id;
+----+-----------------------+---------------+-----------+------+--------+-----------+-------------+
| id | title                 | released_year | genre     | id   | rating | series_id | reviewer_id |
+----+-----------------------+---------------+-----------+------+--------+-----------+-------------+
|  1 | Archer                |          2009 | Animation |    1 |    8.0 |         1 |           1 |
|  1 | Archer                |          2009 | Animation |    2 |    7.5 |         1 |           2 |
|  1 | Archer                |          2009 | Animation |    3 |    8.5 |         1 |           3 |
|  1 | Archer                |          2009 | Animation |    4 |    7.7 |         1 |           4 |
|  1 | Archer                |          2009 | Animation |    5 |    8.9 |         1 |           5 |
|  2 | Arrested Development  |          2003 | Comedy    |    6 |    8.1 |         2 |           1 |
|  2 | Arrested Development  |          2003 | Comedy    |    7 |    6.0 |         2 |           4 |
|  2 | Arrested Development  |          2003 | Comedy    |    8 |    8.0 |         2 |           3 |
|  2 | Arrested Development  |          2003 | Comedy    |    9 |    8.4 |         2 |           6 |
|  2 | Arrested Development  |          2003 | Comedy    |   10 |    9.9 |         2 |           5 |
|  3 | Bob's Burgers         |          2011 | Animation |   11 |    7.0 |         3 |           1 |
|  3 | Bob's Burgers         |          2011 | Animation |   12 |    7.5 |         3 |           6 |
|  3 | Bob's Burgers         |          2011 | Animation |   13 |    8.0 |         3 |           4 |
|  3 | Bob's Burgers         |          2011 | Animation |   14 |    7.1 |         3 |           3 |
|  3 | Bob's Burgers         |          2011 | Animation |   15 |    8.0 |         3 |           5 |
|  4 | Bojack Horseman       |          2014 | Animation |   16 |    7.5 |         4 |           1 |
|  4 | Bojack Horseman       |          2014 | Animation |   17 |    7.8 |         4 |           3 |
|  4 | Bojack Horseman       |          2014 | Animation |   18 |    8.3 |         4 |           4 |
|  4 | Bojack Horseman       |          2014 | Animation |   19 |    7.6 |         4 |           2 |
|  4 | Bojack Horseman       |          2014 | Animation |   20 |    8.5 |         4 |           5 |
|  5 | Breaking Bad          |          2008 | Drama     |   21 |    9.5 |         5 |           1 |
|  5 | Breaking Bad          |          2008 | Drama     |   22 |    9.0 |         5 |           3 |
|  5 | Breaking Bad          |          2008 | Drama     |   23 |    9.1 |         5 |           4 |
|  5 | Breaking Bad          |          2008 | Drama     |   24 |    9.3 |         5 |           2 |
|  5 | Breaking Bad          |          2008 | Drama     |   25 |    9.9 |         5 |           5 |
|  6 | Curb Your Enthusiasm  |          2000 | Comedy    |   26 |    6.5 |         6 |           2 |
|  6 | Curb Your Enthusiasm  |          2000 | Comedy    |   27 |    7.8 |         6 |           3 |
|  6 | Curb Your Enthusiasm  |          2000 | Comedy    |   28 |    8.8 |         6 |           4 |
|  6 | Curb Your Enthusiasm  |          2000 | Comedy    |   29 |    8.4 |         6 |           2 |
|  6 | Curb Your Enthusiasm  |          2000 | Comedy    |   30 |    9.1 |         6 |           5 |
|  7 | Fargo                 |          2014 | Drama     |   31 |    9.1 |         7 |           2 |
|  7 | Fargo                 |          2014 | Drama     |   32 |    9.7 |         7 |           5 |
|  8 | Freaks and Geeks      |          1999 | Comedy    |   33 |    8.5 |         8 |           4 |
|  8 | Freaks and Geeks      |          1999 | Comedy    |   34 |    7.8 |         8 |           2 |
|  8 | Freaks and Geeks      |          1999 | Comedy    |   35 |    8.8 |         8 |           6 |
|  8 | Freaks and Geeks      |          1999 | Comedy    |   36 |    9.3 |         8 |           5 |
|  9 | General Hospital      |          1963 | Drama     |   37 |    5.5 |         9 |           2 |
|  9 | General Hospital      |          1963 | Drama     |   38 |    6.8 |         9 |           3 |
|  9 | General Hospital      |          1963 | Drama     |   39 |    5.8 |         9 |           4 |
|  9 | General Hospital      |          1963 | Drama     |   40 |    4.3 |         9 |           6 |
|  9 | General Hospital      |          1963 | Drama     |   41 |    4.5 |         9 |           5 |
| 10 | Halt and Catch Fire   |          2014 | Drama     |   42 |    9.9 |        10 |           5 |
| 11 | Malcolm In The Middle |          2000 | Comedy    | NULL |   NULL |      NULL |        NULL |
| 12 | Pushing Daisies       |          2007 | Comedy    | NULL |   NULL |      NULL |        NULL |
| 13 | Seinfeld              |          1989 | Comedy    |   43 |    8.0 |        13 |           3 |
| 13 | Seinfeld              |          1989 | Comedy    |   44 |    7.2 |        13 |           4 |
| 14 | Stranger Things       |          2016 | Drama     |   45 |    8.5 |        14 |           2 |
| 14 | Stranger Things       |          2016 | Drama     |   46 |    8.9 |        14 |           3 |
| 14 | Stranger Things       |          2016 | Drama     |   47 |    8.9 |        14 |           4 |
+----+-----------------------+---------------+-----------+------+--------+-----------+-------------+
49 rows in set (0.00 sec)

mysql> select * from series inner join reviews on series.id=reviews.series_id;
+----+----------------------+---------------+-----------+----+--------+-----------+-------------+
| id | title                | released_year | genre     | id | rating | series_id | reviewer_id |
+----+----------------------+---------------+-----------+----+--------+-----------+-------------+
|  1 | Archer               |          2009 | Animation |  1 |    8.0 |         1 |           1 |
|  1 | Archer               |          2009 | Animation |  2 |    7.5 |         1 |           2 |
|  1 | Archer               |          2009 | Animation |  3 |    8.5 |         1 |           3 |
|  1 | Archer               |          2009 | Animation |  4 |    7.7 |         1 |           4 |
|  1 | Archer               |          2009 | Animation |  5 |    8.9 |         1 |           5 |
|  2 | Arrested Development |          2003 | Comedy    |  6 |    8.1 |         2 |           1 |
|  2 | Arrested Development |          2003 | Comedy    |  7 |    6.0 |         2 |           4 |
|  2 | Arrested Development |          2003 | Comedy    |  8 |    8.0 |         2 |           3 |
|  2 | Arrested Development |          2003 | Comedy    |  9 |    8.4 |         2 |           6 |
|  2 | Arrested Development |          2003 | Comedy    | 10 |    9.9 |         2 |           5 |
|  3 | Bob's Burgers        |          2011 | Animation | 11 |    7.0 |         3 |           1 |
|  3 | Bob's Burgers        |          2011 | Animation | 12 |    7.5 |         3 |           6 |
|  3 | Bob's Burgers        |          2011 | Animation | 13 |    8.0 |         3 |           4 |
|  3 | Bob's Burgers        |          2011 | Animation | 14 |    7.1 |         3 |           3 |
|  3 | Bob's Burgers        |          2011 | Animation | 15 |    8.0 |         3 |           5 |
|  4 | Bojack Horseman      |          2014 | Animation | 16 |    7.5 |         4 |           1 |
|  4 | Bojack Horseman      |          2014 | Animation | 17 |    7.8 |         4 |           3 |
|  4 | Bojack Horseman      |          2014 | Animation | 18 |    8.3 |         4 |           4 |
|  4 | Bojack Horseman      |          2014 | Animation | 19 |    7.6 |         4 |           2 |
|  4 | Bojack Horseman      |          2014 | Animation | 20 |    8.5 |         4 |           5 |
|  5 | Breaking Bad         |          2008 | Drama     | 21 |    9.5 |         5 |           1 |
|  5 | Breaking Bad         |          2008 | Drama     | 22 |    9.0 |         5 |           3 |
|  5 | Breaking Bad         |          2008 | Drama     | 23 |    9.1 |         5 |           4 |
|  5 | Breaking Bad         |          2008 | Drama     | 24 |    9.3 |         5 |           2 |
|  5 | Breaking Bad         |          2008 | Drama     | 25 |    9.9 |         5 |           5 |
|  6 | Curb Your Enthusiasm |          2000 | Comedy    | 26 |    6.5 |         6 |           2 |
|  6 | Curb Your Enthusiasm |          2000 | Comedy    | 27 |    7.8 |         6 |           3 |
|  6 | Curb Your Enthusiasm |          2000 | Comedy    | 28 |    8.8 |         6 |           4 |
|  6 | Curb Your Enthusiasm |          2000 | Comedy    | 29 |    8.4 |         6 |           2 |
|  6 | Curb Your Enthusiasm |          2000 | Comedy    | 30 |    9.1 |         6 |           5 |
|  7 | Fargo                |          2014 | Drama     | 31 |    9.1 |         7 |           2 |
|  7 | Fargo                |          2014 | Drama     | 32 |    9.7 |         7 |           5 |
|  8 | Freaks and Geeks     |          1999 | Comedy    | 33 |    8.5 |         8 |           4 |
|  8 | Freaks and Geeks     |          1999 | Comedy    | 34 |    7.8 |         8 |           2 |
|  8 | Freaks and Geeks     |          1999 | Comedy    | 35 |    8.8 |         8 |           6 |
|  8 | Freaks and Geeks     |          1999 | Comedy    | 36 |    9.3 |         8 |           5 |
|  9 | General Hospital     |          1963 | Drama     | 37 |    5.5 |         9 |           2 |
|  9 | General Hospital     |          1963 | Drama     | 38 |    6.8 |         9 |           3 |
|  9 | General Hospital     |          1963 | Drama     | 39 |    5.8 |         9 |           4 |
|  9 | General Hospital     |          1963 | Drama     | 40 |    4.3 |         9 |           6 |
|  9 | General Hospital     |          1963 | Drama     | 41 |    4.5 |         9 |           5 |
| 10 | Halt and Catch Fire  |          2014 | Drama     | 42 |    9.9 |        10 |           5 |
| 13 | Seinfeld             |          1989 | Comedy    | 43 |    8.0 |        13 |           3 |
| 13 | Seinfeld             |          1989 | Comedy    | 44 |    7.2 |        13 |           4 |
| 14 | Stranger Things      |          2016 | Drama     | 45 |    8.5 |        14 |           2 |
| 14 | Stranger Things      |          2016 | Drama     | 46 |    8.9 |        14 |           3 |
| 14 | Stranger Things      |          2016 | Drama     | 47 |    8.9 |        14 |           4 |
+----+----------------------+---------------+-----------+----+--------+-----------+-------------+
47 rows in set (0.00 sec)

mysql> select  title as Unreviewed_Series from series inner join reviews on series.id=reviews.series_i
d where Rating is null;
Empty set (0.00 sec)

mysql> select  title as Unreviewed_Series from series inner join reviews on series.id=reviews.series_id where Rating is null;
Empty set (0.00 sec)

mysql> SELECT 
    ->     title AS Unreviewed_Series
    -> FROM
    ->     series
    ->         Left JOIN
    ->     reviews ON series.id = reviews.series_id
    -> WHERE
    ->     Rating IS NULL;
+-----------------------+
| Unreviewed_Series     |
+-----------------------+
| Malcolm In The Middle |
| Pushing Daisies       |
+-----------------------+
2 rows in set (0.00 sec)

mysql> select * fro reviews;
ERROR 1064 (42000): You have an error in your SQL syntax; check the manual that corresponds to your MySQL server version for the right syntax to use near 'fro reviews' at line 1
mysql> select * from reviews;
+----+--------+-----------+-------------+
| id | rating | series_id | reviewer_id |
+----+--------+-----------+-------------+
|  1 |    8.0 |         1 |           1 |
|  2 |    7.5 |         1 |           2 |
|  3 |    8.5 |         1 |           3 |
|  4 |    7.7 |         1 |           4 |
|  5 |    8.9 |         1 |           5 |
|  6 |    8.1 |         2 |           1 |
|  7 |    6.0 |         2 |           4 |
|  8 |    8.0 |         2 |           3 |
|  9 |    8.4 |         2 |           6 |
| 10 |    9.9 |         2 |           5 |
| 11 |    7.0 |         3 |           1 |
| 12 |    7.5 |         3 |           6 |
| 13 |    8.0 |         3 |           4 |
| 14 |    7.1 |         3 |           3 |
| 15 |    8.0 |         3 |           5 |
| 16 |    7.5 |         4 |           1 |
| 17 |    7.8 |         4 |           3 |
| 18 |    8.3 |         4 |           4 |
| 19 |    7.6 |         4 |           2 |
| 20 |    8.5 |         4 |           5 |
| 21 |    9.5 |         5 |           1 |
| 22 |    9.0 |         5 |           3 |
| 23 |    9.1 |         5 |           4 |
| 24 |    9.3 |         5 |           2 |
| 25 |    9.9 |         5 |           5 |
| 26 |    6.5 |         6 |           2 |
| 27 |    7.8 |         6 |           3 |
| 28 |    8.8 |         6 |           4 |
| 29 |    8.4 |         6 |           2 |
| 30 |    9.1 |         6 |           5 |
| 31 |    9.1 |         7 |           2 |
| 32 |    9.7 |         7 |           5 |
| 33 |    8.5 |         8 |           4 |
| 34 |    7.8 |         8 |           2 |
| 35 |    8.8 |         8 |           6 |
| 36 |    9.3 |         8 |           5 |
| 37 |    5.5 |         9 |           2 |
| 38 |    6.8 |         9 |           3 |
| 39 |    5.8 |         9 |           4 |
| 40 |    4.3 |         9 |           6 |
| 41 |    4.5 |         9 |           5 |
| 42 |    9.9 |        10 |           5 |
| 43 |    8.0 |        13 |           3 |
| 44 |    7.2 |        13 |           4 |
| 45 |    8.5 |        14 |           2 |
| 46 |    8.9 |        14 |           3 |
| 47 |    8.9 |        14 |           4 |
+----+--------+-----------+-------------+
47 rows in set (0.00 sec)

mysql> select * from series;
+----+-----------------------+---------------+-----------+
| id | title                 | released_year | genre     |
+----+-----------------------+---------------+-----------+
|  1 | Archer                |          2009 | Animation |
|  2 | Arrested Development  |          2003 | Comedy    |
|  3 | Bob's Burgers         |          2011 | Animation |
|  4 | Bojack Horseman       |          2014 | Animation |
|  5 | Breaking Bad          |          2008 | Drama     |
|  6 | Curb Your Enthusiasm  |          2000 | Comedy    |
|  7 | Fargo                 |          2014 | Drama     |
|  8 | Freaks and Geeks      |          1999 | Comedy    |
|  9 | General Hospital      |          1963 | Drama     |
| 10 | Halt and Catch Fire   |          2014 | Drama     |
| 11 | Malcolm In The Middle |          2000 | Comedy    |
| 12 | Pushing Daisies       |          2007 | Comedy    |
| 13 | Seinfeld              |          1989 | Comedy    |
| 14 | Stranger Things       |          2016 | Drama     |
+----+-----------------------+---------------+-----------+
14 rows in set (0.00 sec)

mysql> select * from reviews;
+----+--------+-----------+-------------+
| id | rating | series_id | reviewer_id |
+----+--------+-----------+-------------+
|  1 |    8.0 |         1 |           1 |
|  2 |    7.5 |         1 |           2 |
|  3 |    8.5 |         1 |           3 |
|  4 |    7.7 |         1 |           4 |
|  5 |    8.9 |         1 |           5 |
|  6 |    8.1 |         2 |           1 |
|  7 |    6.0 |         2 |           4 |
|  8 |    8.0 |         2 |           3 |
|  9 |    8.4 |         2 |           6 |
| 10 |    9.9 |         2 |           5 |
| 11 |    7.0 |         3 |           1 |
| 12 |    7.5 |         3 |           6 |
| 13 |    8.0 |         3 |           4 |
| 14 |    7.1 |         3 |           3 |
| 15 |    8.0 |         3 |           5 |
| 16 |    7.5 |         4 |           1 |
| 17 |    7.8 |         4 |           3 |
| 18 |    8.3 |         4 |           4 |
| 19 |    7.6 |         4 |           2 |
| 20 |    8.5 |         4 |           5 |
| 21 |    9.5 |         5 |           1 |
| 22 |    9.0 |         5 |           3 |
| 23 |    9.1 |         5 |           4 |
| 24 |    9.3 |         5 |           2 |
| 25 |    9.9 |         5 |           5 |
| 26 |    6.5 |         6 |           2 |
| 27 |    7.8 |         6 |           3 |
| 28 |    8.8 |         6 |           4 |
| 29 |    8.4 |         6 |           2 |
| 30 |    9.1 |         6 |           5 |
| 31 |    9.1 |         7 |           2 |
| 32 |    9.7 |         7 |           5 |
| 33 |    8.5 |         8 |           4 |
| 34 |    7.8 |         8 |           2 |
| 35 |    8.8 |         8 |           6 |
| 36 |    9.3 |         8 |           5 |
| 37 |    5.5 |         9 |           2 |
| 38 |    6.8 |         9 |           3 |
| 39 |    5.8 |         9 |           4 |
| 40 |    4.3 |         9 |           6 |
| 41 |    4.5 |         9 |           5 |
| 42 |    9.9 |        10 |           5 |
| 43 |    8.0 |        13 |           3 |
| 44 |    7.2 |        13 |           4 |
| 45 |    8.5 |        14 |           2 |
| 46 |    8.9 |        14 |           3 |
| 47 |    8.9 |        14 |           4 |
+----+--------+-----------+-------------+
47 rows in set (0.00 sec)

mysql> select genre,avg(rating) from series Inner join 
    -> reviews on series.id=reviews.reviewer_id;
ERROR 1140 (42000): In aggregated query without GROUP BY, expression #1 of SELECT list contains nonaggregated column 'tv_db.series.genre'; this is incompatible with sql_mode=only_full_group_by
mysql> select genre,avg(rating) from series Inner join  reviews on series.id=reviews.reviewer_id;
ERROR 1140 (42000): In aggregated query without GROUP BY, expression #1 of SELECT list contains nonaggregated column 'tv_db.series.genre'; this is incompatible with sql_mode=only_full_group_by
mysql> select genre,avg(rating) from series Inner join  reviews on series.id=reviews.reviewer_id group by genre ;
+-----------+-------------+
| genre     | avg(rating) |
+-----------+-------------+
| Animation |     7.92917 |
| Comedy    |     7.63077 |
| Drama     |     8.77000 |
+-----------+-------------+
3 rows in set (0.00 sec)

mysql> SELECT 
    ->     genre, AVG(rating) as Rating
    -> FROM
    ->     series
    ->         INNER JOIN
    ->     reviews ON series.id = reviews.reviewer_id
    -> GROUP BY genre
    -> order by Rating desc ; 
+-----------+---------+
| genre     | Rating  |
+-----------+---------+
| Drama     | 8.77000 |
| Animation | 7.92917 |
| Comedy    | 7.63077 |
+-----------+---------+
3 rows in set (0.00 sec)

mysql> SELECT      genre, AVG(rating) as Rating FROM     series         INNER JOIN     reviews ON series.id = reviews.reviewer_id GROUP BY genre order by Rating desc;
+-----------+---------+
| genre     | Rating  |
+-----------+---------+
| Drama     | 8.77000 |
| Animation | 7.92917 |
| Comedy    | 7.63077 |
+-----------+---------+
3 rows in set (0.00 sec)

mysql> SELECT 
    ->     genre, round(AVG(rating),2) as Rating
    -> FROM
    ->     series
    ->         INNER JOIN
    ->     reviews ON series.id = reviews.reviewer_id
    -> GROUP BY genre
    -> order by Rating desc ; 
+-----------+--------+
| genre     | Rating |
+-----------+--------+
| Drama     |   8.77 |
| Animation |   7.93 |
| Comedy    |   7.63 |
+-----------+--------+
3 rows in set (0.00 sec)

mysql> select * from series;
+----+-----------------------+---------------+-----------+
| id | title                 | released_year | genre     |
+----+-----------------------+---------------+-----------+
|  1 | Archer                |          2009 | Animation |
|  2 | Arrested Development  |          2003 | Comedy    |
|  3 | Bob's Burgers         |          2011 | Animation |
|  4 | Bojack Horseman       |          2014 | Animation |
|  5 | Breaking Bad          |          2008 | Drama     |
|  6 | Curb Your Enthusiasm  |          2000 | Comedy    |
|  7 | Fargo                 |          2014 | Drama     |
|  8 | Freaks and Geeks      |          1999 | Comedy    |
|  9 | General Hospital      |          1963 | Drama     |
| 10 | Halt and Catch Fire   |          2014 | Drama     |
| 11 | Malcolm In The Middle |          2000 | Comedy    |
| 12 | Pushing Daisies       |          2007 | Comedy    |
| 13 | Seinfeld              |          1989 | Comedy    |
| 14 | Stranger Things       |          2016 | Drama     |
+----+-----------------------+---------------+-----------+
14 rows in set (0.00 sec)

mysql> select * from reviews;;
+----+--------+-----------+-------------+
| id | rating | series_id | reviewer_id |
+----+--------+-----------+-------------+
|  1 |    8.0 |         1 |           1 |
|  2 |    7.5 |         1 |           2 |
|  3 |    8.5 |         1 |           3 |
|  4 |    7.7 |         1 |           4 |
|  5 |    8.9 |         1 |           5 |
|  6 |    8.1 |         2 |           1 |
|  7 |    6.0 |         2 |           4 |
|  8 |    8.0 |         2 |           3 |
|  9 |    8.4 |         2 |           6 |
| 10 |    9.9 |         2 |           5 |
| 11 |    7.0 |         3 |           1 |
| 12 |    7.5 |         3 |           6 |
| 13 |    8.0 |         3 |           4 |
| 14 |    7.1 |         3 |           3 |
| 15 |    8.0 |         3 |           5 |
| 16 |    7.5 |         4 |           1 |
| 17 |    7.8 |         4 |           3 |
| 18 |    8.3 |         4 |           4 |
| 19 |    7.6 |         4 |           2 |
| 20 |    8.5 |         4 |           5 |
| 21 |    9.5 |         5 |           1 |
| 22 |    9.0 |         5 |           3 |
| 23 |    9.1 |         5 |           4 |
| 24 |    9.3 |         5 |           2 |
| 25 |    9.9 |         5 |           5 |
| 26 |    6.5 |         6 |           2 |
| 27 |    7.8 |         6 |           3 |
| 28 |    8.8 |         6 |           4 |
| 29 |    8.4 |         6 |           2 |
| 30 |    9.1 |         6 |           5 |
| 31 |    9.1 |         7 |           2 |
| 32 |    9.7 |         7 |           5 |
| 33 |    8.5 |         8 |           4 |
| 34 |    7.8 |         8 |           2 |
| 35 |    8.8 |         8 |           6 |
| 36 |    9.3 |         8 |           5 |
| 37 |    5.5 |         9 |           2 |
| 38 |    6.8 |         9 |           3 |
| 39 |    5.8 |         9 |           4 |
| 40 |    4.3 |         9 |           6 |
| 41 |    4.5 |         9 |           5 |
| 42 |    9.9 |        10 |           5 |
| 43 |    8.0 |        13 |           3 |
| 44 |    7.2 |        13 |           4 |
| 45 |    8.5 |        14 |           2 |
| 46 |    8.9 |        14 |           3 |
| 47 |    8.9 |        14 |           4 |
+----+--------+-----------+-------------+
47 rows in set (0.00 sec)

ERROR: 
No query specified

mysql> select * from reviewers;
+----+------------+-----------+
| id | first_name | last_name |
+----+------------+-----------+
|  1 | Thomas     | Stoneman  |
|  2 | Wyatt      | Skaggs    |
|  3 | Kimbra     | Masters   |
|  4 | Domingo    | Cortes    |
|  5 | Colt       | Steele    |
|  6 | Pinkie     | Petit     |
|  7 | Marlon     | Crafford  |
+----+------------+-----------+
7 rows in set (0.00 sec)

mysql> select first_Name,Last_Name,count(*) as Count from reviewers inner join reviews on
    -> reviewers.id=reviews.reviewer.id;
ERROR 1054 (42S22): Unknown column 'reviews.reviewer.id' in 'on clause'
mysql> select first_Name,Last_Name,count(*) as Count from reviewers inner join reviews on reviewers.id=reviews.reviewer_id;
ERROR 1140 (42000): In aggregated query without GROUP BY, expression #1 of SELECT list contains nonaggregated column 'tv_db.reviewers.first_name'; this is incompatible with sql_mode=only_full_group_by
mysql> select first_Name,Last_Name,count(*) as Count from reviewers inner join reviews on reviewers.id=reviews.reviewer_id group by first_name;
ERROR 1055 (42000): Expression #2 of SELECT list is not in GROUP BY clause and contains nonaggregated column 'tv_db.reviewers.last_name' which is not functionally dependent on columns in GROUP BY clause; this is incompatible with sql_mode=only_full_group_by
mysql> select first_Name,Last_Name,count(*) as Count from reviewers inner join reviews on reviewers.id=reviews.reviewer_id group by first_name;
ERROR 1055 (42000): Expression #2 of SELECT list is not in GROUP BY clause and contains nonaggregated column 'tv_db.reviewers.last_name' which is not functionally dependent on columns in GROUP BY clause; this is incompatible with sql_mode=only_full_group_by
mysql> ELECT 
    ->     first_Name, Last_Name, COUNT(*) AS Count
    -> FROM
    ->     reviewers
    ->         left JOIN
    ->     reviews ON reviewers.id = reviews.reviewer_id
    -> GROUP BY first_name,last_Name;
ERROR 1064 (42000): You have an error in your SQL syntax; check the manual that corresponds to your MySQL server version for the right syntax to use near 'ELECT 
    first_Name, Last_Name, COUNT(*) AS Count
FROM
    reviewers
        l' at line 1
mysql> ELECT 
    ->     first_Name, Last_Name, COUNT(*) AS Count
    -> FROM
    ->     reviewers
    ->         left JOIN
    ->     reviews ON reviewers.id = reviews.reviewer_id
    -> GROUP BY first_name,last_Name;
ERROR 1064 (42000): You have an error in your SQL syntax; check the manual that corresponds to your MySQL server version for the right syntax to use near 'ELECT 
    first_Name, Last_Name, COUNT(*) AS Count
FROM
    reviewers
        l' at line 1
mysql> ELECT      first_Name, Last_Name, COUNT(*) AS Count FROM     reviewers         left JOIN     reviews ON reviewers.id = reviews.reviewer_id GROUP BY first_name,last_Name;
ERROR 1064 (42000): You have an error in your SQL syntax; check the manual that corresponds to your MySQL server version for the right syntax to use near 'ELECT      first_Name, Last_Name, COUNT(*) AS Count FROM     reviewers         l' at line 1
mysql> SELECT 
    ->     first_Name, Last_Name, COUNT(*) AS counts
    -> FROM
    ->     reviewers
    ->         left JOIN
    ->     reviews ON reviewers.id = reviews.reviewer_id
    -> GROUP BY first_name,last_Name;
+------------+-----------+--------+
| first_Name | Last_Name | counts |
+------------+-----------+--------+
| Thomas     | Stoneman  |      5 |
| Wyatt      | Skaggs    |      9 |
| Kimbra     | Masters   |      9 |
| Domingo    | Cortes    |     10 |
| Colt       | Steele    |     10 |
| Pinkie     | Petit     |      4 |
| Marlon     | Crafford  |      1 |
+------------+-----------+--------+
7 rows in set (0.00 sec)

mysql> SELECT      first_Name, Last_Name, COUNT(*) AS counts FROM     reviewers         left JOIN
reviews ON reviewers.id = reviews.reviewer_id GROUP BY first_name,last_Name;
+------------+-----------+--------+
| first_Name | Last_Name | counts |
+------------+-----------+--------+
| Thomas     | Stoneman  |      5 |
| Wyatt      | Skaggs    |      9 |
| Kimbra     | Masters   |      9 |
| Domingo    | Cortes    |     10 |
| Colt       | Steele    |     10 |
| Pinkie     | Petit     |      4 |
| Marlon     | Crafford  |      1 |
+------------+-----------+--------+
7 rows in set (0.00 sec)

mysql> SELECT 
    ->     *
    ->     
    -> FROM
    ->     reviewers
    ->         left JOIN
    ->     reviews ON reviewers.id = reviews.reviewer_id
    -> GROUP BY first_name,last_Name;
ERROR 1055 (42000): Expression #1 of SELECT list is not in GROUP BY clause and contains nonaggregated column 'tv_db.reviewers.id' which is not functionally dependent on columns in GROUP BY clause; this is incompatible with sql_mode=only_full_group_by
mysql>  
mysql> SELECT 
    ->     *
    ->     
    -> FROM
    ->     reviewers
    ->         left JOIN
    ->     reviews ON reviewers.id = reviews.reviewer_id;
+----+------------+-----------+------+--------+-----------+-------------+
| id | first_name | last_name | id   | rating | series_id | reviewer_id |
+----+------------+-----------+------+--------+-----------+-------------+
|  1 | Thomas     | Stoneman  |    1 |    8.0 |         1 |           1 |
|  1 | Thomas     | Stoneman  |    6 |    8.1 |         2 |           1 |
|  1 | Thomas     | Stoneman  |   11 |    7.0 |         3 |           1 |
|  1 | Thomas     | Stoneman  |   16 |    7.5 |         4 |           1 |
|  1 | Thomas     | Stoneman  |   21 |    9.5 |         5 |           1 |
|  2 | Wyatt      | Skaggs    |    2 |    7.5 |         1 |           2 |
|  2 | Wyatt      | Skaggs    |   19 |    7.6 |         4 |           2 |
|  2 | Wyatt      | Skaggs    |   24 |    9.3 |         5 |           2 |
|  2 | Wyatt      | Skaggs    |   26 |    6.5 |         6 |           2 |
|  2 | Wyatt      | Skaggs    |   29 |    8.4 |         6 |           2 |
|  2 | Wyatt      | Skaggs    |   31 |    9.1 |         7 |           2 |
|  2 | Wyatt      | Skaggs    |   34 |    7.8 |         8 |           2 |
|  2 | Wyatt      | Skaggs    |   37 |    5.5 |         9 |           2 |
|  2 | Wyatt      | Skaggs    |   45 |    8.5 |        14 |           2 |
|  3 | Kimbra     | Masters   |    3 |    8.5 |         1 |           3 |
|  3 | Kimbra     | Masters   |    8 |    8.0 |         2 |           3 |
|  3 | Kimbra     | Masters   |   14 |    7.1 |         3 |           3 |
|  3 | Kimbra     | Masters   |   17 |    7.8 |         4 |           3 |
|  3 | Kimbra     | Masters   |   22 |    9.0 |         5 |           3 |
|  3 | Kimbra     | Masters   |   27 |    7.8 |         6 |           3 |
|  3 | Kimbra     | Masters   |   38 |    6.8 |         9 |           3 |
|  3 | Kimbra     | Masters   |   43 |    8.0 |        13 |           3 |
|  3 | Kimbra     | Masters   |   46 |    8.9 |        14 |           3 |
|  4 | Domingo    | Cortes    |    4 |    7.7 |         1 |           4 |
|  4 | Domingo    | Cortes    |    7 |    6.0 |         2 |           4 |
|  4 | Domingo    | Cortes    |   13 |    8.0 |         3 |           4 |
|  4 | Domingo    | Cortes    |   18 |    8.3 |         4 |           4 |
|  4 | Domingo    | Cortes    |   23 |    9.1 |         5 |           4 |
|  4 | Domingo    | Cortes    |   28 |    8.8 |         6 |           4 |
|  4 | Domingo    | Cortes    |   33 |    8.5 |         8 |           4 |
|  4 | Domingo    | Cortes    |   39 |    5.8 |         9 |           4 |
|  4 | Domingo    | Cortes    |   44 |    7.2 |        13 |           4 |
|  4 | Domingo    | Cortes    |   47 |    8.9 |        14 |           4 |
|  5 | Colt       | Steele    |    5 |    8.9 |         1 |           5 |
|  5 | Colt       | Steele    |   10 |    9.9 |         2 |           5 |
|  5 | Colt       | Steele    |   15 |    8.0 |         3 |           5 |
|  5 | Colt       | Steele    |   20 |    8.5 |         4 |           5 |
|  5 | Colt       | Steele    |   25 |    9.9 |         5 |           5 |
|  5 | Colt       | Steele    |   30 |    9.1 |         6 |           5 |
|  5 | Colt       | Steele    |   32 |    9.7 |         7 |           5 |
|  5 | Colt       | Steele    |   36 |    9.3 |         8 |           5 |
|  5 | Colt       | Steele    |   41 |    4.5 |         9 |           5 |
|  5 | Colt       | Steele    |   42 |    9.9 |        10 |           5 |
|  6 | Pinkie     | Petit     |    9 |    8.4 |         2 |           6 |
|  6 | Pinkie     | Petit     |   12 |    7.5 |         3 |           6 |
|  6 | Pinkie     | Petit     |   35 |    8.8 |         8 |           6 |
|  6 | Pinkie     | Petit     |   40 |    4.3 |         9 |           6 |
|  7 | Marlon     | Crafford  | NULL |   NULL |      NULL |        NULL |
+----+------------+-----------+------+--------+-----------+-------------+
48 rows in set (0.00 sec)

mysql> SELECT 
    ->     *
    ->     
    -> FROM
    ->     reviewers
    ->          JOIN
    ->     reviews ON reviewers.id = reviews.reviewer_id;
+----+------------+-----------+----+--------+-----------+-------------+
| id | first_name | last_name | id | rating | series_id | reviewer_id |
+----+------------+-----------+----+--------+-----------+-------------+
|  1 | Thomas     | Stoneman  |  1 |    8.0 |         1 |           1 |
|  1 | Thomas     | Stoneman  |  6 |    8.1 |         2 |           1 |
|  1 | Thomas     | Stoneman  | 11 |    7.0 |         3 |           1 |
|  1 | Thomas     | Stoneman  | 16 |    7.5 |         4 |           1 |
|  1 | Thomas     | Stoneman  | 21 |    9.5 |         5 |           1 |
|  2 | Wyatt      | Skaggs    |  2 |    7.5 |         1 |           2 |
|  2 | Wyatt      | Skaggs    | 19 |    7.6 |         4 |           2 |
|  2 | Wyatt      | Skaggs    | 24 |    9.3 |         5 |           2 |
|  2 | Wyatt      | Skaggs    | 26 |    6.5 |         6 |           2 |
|  2 | Wyatt      | Skaggs    | 29 |    8.4 |         6 |           2 |
|  2 | Wyatt      | Skaggs    | 31 |    9.1 |         7 |           2 |
|  2 | Wyatt      | Skaggs    | 34 |    7.8 |         8 |           2 |
|  2 | Wyatt      | Skaggs    | 37 |    5.5 |         9 |           2 |
|  2 | Wyatt      | Skaggs    | 45 |    8.5 |        14 |           2 |
|  3 | Kimbra     | Masters   |  3 |    8.5 |         1 |           3 |
|  3 | Kimbra     | Masters   |  8 |    8.0 |         2 |           3 |
|  3 | Kimbra     | Masters   | 14 |    7.1 |         3 |           3 |
|  3 | Kimbra     | Masters   | 17 |    7.8 |         4 |           3 |
|  3 | Kimbra     | Masters   | 22 |    9.0 |         5 |           3 |
|  3 | Kimbra     | Masters   | 27 |    7.8 |         6 |           3 |
|  3 | Kimbra     | Masters   | 38 |    6.8 |         9 |           3 |
|  3 | Kimbra     | Masters   | 43 |    8.0 |        13 |           3 |
|  3 | Kimbra     | Masters   | 46 |    8.9 |        14 |           3 |
|  4 | Domingo    | Cortes    |  4 |    7.7 |         1 |           4 |
|  4 | Domingo    | Cortes    |  7 |    6.0 |         2 |           4 |
|  4 | Domingo    | Cortes    | 13 |    8.0 |         3 |           4 |
|  4 | Domingo    | Cortes    | 18 |    8.3 |         4 |           4 |
|  4 | Domingo    | Cortes    | 23 |    9.1 |         5 |           4 |
|  4 | Domingo    | Cortes    | 28 |    8.8 |         6 |           4 |
|  4 | Domingo    | Cortes    | 33 |    8.5 |         8 |           4 |
|  4 | Domingo    | Cortes    | 39 |    5.8 |         9 |           4 |
|  4 | Domingo    | Cortes    | 44 |    7.2 |        13 |           4 |
|  4 | Domingo    | Cortes    | 47 |    8.9 |        14 |           4 |
|  5 | Colt       | Steele    |  5 |    8.9 |         1 |           5 |
|  5 | Colt       | Steele    | 10 |    9.9 |         2 |           5 |
|  5 | Colt       | Steele    | 15 |    8.0 |         3 |           5 |
|  5 | Colt       | Steele    | 20 |    8.5 |         4 |           5 |
|  5 | Colt       | Steele    | 25 |    9.9 |         5 |           5 |
|  5 | Colt       | Steele    | 30 |    9.1 |         6 |           5 |
|  5 | Colt       | Steele    | 32 |    9.7 |         7 |           5 |
|  5 | Colt       | Steele    | 36 |    9.3 |         8 |           5 |
|  5 | Colt       | Steele    | 41 |    4.5 |         9 |           5 |
|  5 | Colt       | Steele    | 42 |    9.9 |        10 |           5 |
|  6 | Pinkie     | Petit     |  9 |    8.4 |         2 |           6 |
|  6 | Pinkie     | Petit     | 12 |    7.5 |         3 |           6 |
|  6 | Pinkie     | Petit     | 35 |    8.8 |         8 |           6 |
|  6 | Pinkie     | Petit     | 40 |    4.3 |         9 |           6 |
+----+------------+-----------+----+--------+-----------+-------------+
47 rows in set (0.00 sec)

mysql> SELECT 
    ->     first_Name,Last_Name,count(rating) as Count
    -> FROM
    ->     reviewers
    ->          JOIN
    ->     reviews ON reviewers.id = reviews.reviewer_id
    ->      group by First_nAME,lAST_nAME ;
+------------+-----------+-------+
| first_Name | Last_Name | Count |
+------------+-----------+-------+
| Thomas     | Stoneman  |     5 |
| Wyatt      | Skaggs    |     9 |
| Kimbra     | Masters   |     9 |
| Domingo    | Cortes    |    10 |
| Colt       | Steele    |    10 |
| Pinkie     | Petit     |     4 |
+------------+-----------+-------+
6 rows in set (0.00 sec)

mysql> SELECT 
    ->     first_Name,Last_Name,count(rating) as Count
    -> FROM
    ->     reviewers
    ->      LEFT     JOIN
    ->     reviews ON reviewers.id = reviews.reviewer_id
    ->      group by First_nAME,lAST_nAME ;
+------------+-----------+-------+
| first_Name | Last_Name | Count |
+------------+-----------+-------+
| Thomas     | Stoneman  |     5 |
| Wyatt      | Skaggs    |     9 |
| Kimbra     | Masters   |     9 |
| Domingo    | Cortes    |    10 |
| Colt       | Steele    |    10 |
| Pinkie     | Petit     |     4 |
| Marlon     | Crafford  |     0 |
+------------+-----------+-------+
7 rows in set (0.00 sec)

mysql> SELECT 
    ->     first_Name,Last_Name,count(rating) as Count,
    ->     Max(rating) as Max,
    ->     Min(rating) as Min,
    ->     Avg(rating) as Average
    ->     
    -> FROM
    ->     reviewers
    ->      LEFT     JOIN
    ->     reviews ON reviewers.id = reviews.reviewer_id
    ->      group by First_nAME,lAST_nAME ;
+------------+-----------+-------+------+------+---------+
| first_Name | Last_Name | Count | Max  | Min  | Average |
+------------+-----------+-------+------+------+---------+
| Thomas     | Stoneman  |     5 |  9.5 |  7.0 | 8.02000 |
| Wyatt      | Skaggs    |     9 |  9.3 |  5.5 | 7.80000 |
| Kimbra     | Masters   |     9 |  9.0 |  6.8 | 7.98889 |
| Domingo    | Cortes    |    10 |  9.1 |  5.8 | 7.83000 |
| Colt       | Steele    |    10 |  9.9 |  4.5 | 8.77000 |
| Pinkie     | Petit     |     4 |  8.8 |  4.3 | 7.25000 |
| Marlon     | Crafford  |     0 | NULL | NULL |    NULL |
+------------+-----------+-------+------+------+---------+
7 rows in set (0.01 sec)

mysql> 
mysql> SELECT 
    ->     first_Name,Last_Name,count(rating) as Count,
    ->     Max(rating) as Max,
    ->     Min(rating) as Min,
    ->     round(ifnull(Avg(rating),0),2) as Average
    ->     
    -> FROM
    ->     reviewers
    ->      LEFT     JOIN
    ->     reviews ON reviewers.id = reviews.reviewer_id
    ->      group by First_nAME,lAST_nAME ;
+------------+-----------+-------+------+------+---------+
| first_Name | Last_Name | Count | Max  | Min  | Average |
+------------+-----------+-------+------+------+---------+
| Thomas     | Stoneman  |     5 |  9.5 |  7.0 |    8.02 |
| Wyatt      | Skaggs    |     9 |  9.3 |  5.5 |    7.80 |
| Kimbra     | Masters   |     9 |  9.0 |  6.8 |    7.99 |
| Domingo    | Cortes    |    10 |  9.1 |  5.8 |    7.83 |
| Colt       | Steele    |    10 |  9.9 |  4.5 |    8.77 |
| Pinkie     | Petit     |     4 |  8.8 |  4.3 |    7.25 |
| Marlon     | Crafford  |     0 | NULL | NULL |    0.00 |
+------------+-----------+-------+------+------+---------+
7 rows in set (0.00 sec)

mysql> 
mysql> SELECT 
    ->     first_Name,Last_Name,count(rating) as Count,
    ->     ifnull(Max(rating),0) as Max,
    ->     ifnull(Min(rating),0) as Min,
    ->     round(ifnull(Avg(rating),0),2) as Average
    ->     
    -> FROM
    ->     reviewers
    ->      LEFT     JOIN
    ->     reviews ON reviewers.id = reviews.reviewer_id
    ->      group by First_nAME,lAST_nAME ;
+------------+-----------+-------+-----+-----+---------+
| first_Name | Last_Name | Count | Max | Min | Average |
+------------+-----------+-------+-----+-----+---------+
| Thomas     | Stoneman  |     5 | 9.5 | 7.0 |    8.02 |
| Wyatt      | Skaggs    |     9 | 9.3 | 5.5 |    7.80 |
| Kimbra     | Masters   |     9 | 9.0 | 6.8 |    7.99 |
| Domingo    | Cortes    |    10 | 9.1 | 5.8 |    7.83 |
| Colt       | Steele    |    10 | 9.9 | 4.5 |    8.77 |
| Pinkie     | Petit     |     4 | 8.8 | 4.3 |    7.25 |
| Marlon     | Crafford  |     0 | 0.0 | 0.0 |    0.00 |
+------------+-----------+-------+-----+-----+---------+
7 rows in set (0.00 sec)

mysql> 
mysql>  
mysql> SELECT 
    ->     first_Name,Last_Name,count(rating) as Count,
    ->     ifnull(Min(rating),0) as Min,
    ->     ifnull(Max(rating),0) as Max,
    ->     round(ifnull(Avg(rating),0),2) as Average
    ->     
    -> FROM
    ->     reviewers
    ->      LEFT     JOIN
    ->     reviews ON reviewers.id = reviews.reviewer_id
    ->      group by First_nAME,lAST_nAME ;
+------------+-----------+-------+-----+-----+---------+
| first_Name | Last_Name | Count | Min | Max | Average |
+------------+-----------+-------+-----+-----+---------+
| Thomas     | Stoneman  |     5 | 7.0 | 9.5 |    8.02 |
| Wyatt      | Skaggs    |     9 | 5.5 | 9.3 |    7.80 |
| Kimbra     | Masters   |     9 | 6.8 | 9.0 |    7.99 |
| Domingo    | Cortes    |    10 | 5.8 | 9.1 |    7.83 |
| Colt       | Steele    |    10 | 4.5 | 9.9 |    8.77 |
| Pinkie     | Petit     |     4 | 4.3 | 8.8 |    7.25 |
| Marlon     | Crafford  |     0 | 0.0 | 0.0 |    0.00 |
+------------+-----------+-------+-----+-----+---------+
7 rows in set (0.00 sec)

mysql> 
mysql>  
mysql> SELECT 
    ->     first_Name,Last_Name,count(rating) as Count,
    ->     ifnull(Min(rating),0) as Min,
    ->     ifnull(Max(rating),0) as Max,
    ->     round(ifnull(Avg(rating),0),2) as Average,
    ->     Case 
    ->     when count(rating)>0 then 'ACTIVE';
ERROR 1064 (42000): You have an error in your SQL syntax; check the manual that corresponds to your MySQL server version for the right syntax to use near '' at line 7
mysql>     else 'INACTIVE';
ERROR 1064 (42000): You have an error in your SQL syntax; check the manual that corresponds to your MySQL server version for the right syntax to use near 'else 'INACTIVE'' at line 1
mysql>     End
    ->     
    -> FROM
    ->     reviewers
    ->      LEFT     JOIN
    ->     reviews ON reviewers.id = reviews.reviewer_id
    ->      group by First_nAME,lAST_nAME ;
ERROR 1064 (42000): You have an error in your SQL syntax; check the manual that corresponds to your MySQL server version for the right syntax to use near 'End
    
FROM
    reviewers
     LEFT     JOIN
    reviews ON reviewers.id = rev' at line 1
mysql> 
mysql>  
mysql> SELECT 
    ->     first_Name,Last_Name,count(rating) as Count,
    ->     ifnull(Min(rating),0) as Min,
    ->     ifnull(Max(rating),0) as Max,
    ->     round(ifnull(Avg(rating),0),2) as Average,
    ->     Case 
    ->     when  Count(rating)>0 then 'ACTIVE'
    ->     else 'INACTIVE'
    ->     End as status
    ->     
    -> FROM
    ->     reviewers
    ->      LEFT     JOIN
    ->     reviews ON reviewers.id = reviews.reviewer_id
    ->      group by First_nAME,lAST_nAME ;
+------------+-----------+-------+-----+-----+---------+----------+
| first_Name | Last_Name | Count | Min | Max | Average | status   |
+------------+-----------+-------+-----+-----+---------+----------+
| Thomas     | Stoneman  |     5 | 7.0 | 9.5 |    8.02 | ACTIVE   |
| Wyatt      | Skaggs    |     9 | 5.5 | 9.3 |    7.80 | ACTIVE   |
| Kimbra     | Masters   |     9 | 6.8 | 9.0 |    7.99 | ACTIVE   |
| Domingo    | Cortes    |    10 | 5.8 | 9.1 |    7.83 | ACTIVE   |
| Colt       | Steele    |    10 | 4.5 | 9.9 |    8.77 | ACTIVE   |
| Pinkie     | Petit     |     4 | 4.3 | 8.8 |    7.25 | ACTIVE   |
| Marlon     | Crafford  |     0 | 0.0 | 0.0 |    0.00 | INACTIVE |
+------------+-----------+-------+-----+-----+---------+----------+
7 rows in set (0.00 sec)

mysql> 
mysql>  
mysql> SELECT 
    ->     first_Name,
    ->     Last_Name,
    ->     COUNT(rating) AS Count,
    ->     IFNULL(MIN(rating), 0) AS Min,
    ->     IFNULL(MAX(rating), 0) AS Max,
    ->     ROUND(IFNULL(AVG(rating), 0), 2) AS Average,
    ->     CASE
    ->         WHEN COUNT(rating) >=10 THEN 'POWERUSER'
    ->         when Count(Rating)>0 then 'ACTIVE'
    ->         ELSE 'INACTIVE'
    ->     END AS status
    -> FROM
    ->     reviewers
    ->         LEFT JOIN
    ->     reviews ON reviewers.id = reviews.reviewer_id
    -> GROUP BY First_nAME , lAST_nAME;
+------------+-----------+-------+-----+-----+---------+-----------+
| first_Name | Last_Name | Count | Min | Max | Average | status    |
+------------+-----------+-------+-----+-----+---------+-----------+
| Thomas     | Stoneman  |     5 | 7.0 | 9.5 |    8.02 | ACTIVE    |
| Wyatt      | Skaggs    |     9 | 5.5 | 9.3 |    7.80 | ACTIVE    |
| Kimbra     | Masters   |     9 | 6.8 | 9.0 |    7.99 | ACTIVE    |
| Domingo    | Cortes    |    10 | 5.8 | 9.1 |    7.83 | POWERUSER |
| Colt       | Steele    |    10 | 4.5 | 9.9 |    8.77 | POWERUSER |
| Pinkie     | Petit     |     4 | 4.3 | 8.8 |    7.25 | ACTIVE    |
| Marlon     | Crafford  |     0 | 0.0 | 0.0 |    0.00 | INACTIVE  |
+------------+-----------+-------+-----+-----+---------+-----------+
7 rows in set (0.00 sec)

mysql> 
mysql> SELECT 
    ->     first_Name,
    ->     Last_Name,
    ->     COUNT(rating) AS Count,
    ->     IFNULL(MIN(rating), 0) AS Min,
    ->     IFNULL(MAX(rating), 0) AS Max,
    ->     ROUND(IFNULL(AVG(rating), 0), 2) AS Average,
    ->     IF(Count(rating)>0, 'ACTIVE' 'INACTIVE') AS status
    -> FROM
    ->     reviewers
    ->         LEFT JOIN
    ->     reviews ON reviewers.id = reviews.reviewer_id
    -> GROUP BY First_nAME , lAST_nAME;
ERROR 1064 (42000): You have an error in your SQL syntax; check the manual that corresponds to your MySQL server version for the right syntax to use near ') AS status
FROM
    reviewers
        LEFT JOIN
    reviews ON reviewers.id = r' at line 8
mysql> 
mysql>  
mysql> SELECT 
    ->     first_Name,
    ->     Last_Name,
    ->     COUNT(rating) AS Count,
    ->     IFNULL(MIN(rating), 0) AS Min,
    ->     IFNULL(MAX(rating), 0) AS Max,
    ->     ROUND(IFNULL(AVG(rating), 0), 2) AS Average,
    ->     IF(Count(rating)>0, 'ACTIVE' 'INACTIVE') AS status
    -> FROM
    ->     reviewers
    ->         LEFT JOIN
    ->     reviews ON reviewers.id = reviews.reviewer_id
    -> GROUP BY First_nAME , lAST_nAME;
ERROR 1064 (42000): You have an error in your SQL syntax; check the manual that corresponds to your MySQL server version for the right syntax to use near ') AS status
FROM
    reviewers
        LEFT JOIN
    reviews ON reviewers.id = r' at line 8
mysql> 
mysql>  
mysql> SELECT 
    ->     first_Name,
    ->     Last_Name,
    ->     COUNT(rating) AS Count,
    ->     IFNULL(MIN(rating), 0) AS Min,
    ->     IFNULL(MAX(rating), 0) AS Max,
    ->     ROUND(IFNULL(AVG(rating), 0), 2) AS Average,
    ->     IF(Count(rating)>0, 'SUPERACTIVE' 'INACTIVE') AS status
    -> FROM
    ->     reviewers
    ->         LEFT JOIN
    ->     reviews ON reviewers.id = reviews.reviewer_id
    -> GROUP BY First_nAME , lAST_nAME;
ERROR 1064 (42000): You have an error in your SQL syntax; check the manual that corresponds to your MySQL server version for the right syntax to use near ') AS status
FROM
    reviewers
        LEFT JOIN
    reviews ON reviewers.id = r' at line 8
mysql> SELECT 
    ->     first_Name,
    ->     Last_Name,
    ->     COUNT(rating) AS Count,
    ->     IFNULL(MIN(rating), 0) AS Min,
    ->     IFNULL(MAX(rating), 0) AS Max,
    ->     ROUND(IFNULL(AVG(rating), 0), 2) AS Average,
    ->     IF(Count(rating)>0, 'SUPERACTIVE','INACTIVE') AS status
    -> FROM
    ->     reviewers
    ->         LEFT JOIN
    ->     reviews ON reviewers.id = reviews.reviewer_id
    -> GROUP BY First_nAME , lAST_nAME;
+------------+-----------+-------+-----+-----+---------+-------------+
| first_Name | Last_Name | Count | Min | Max | Average | status      |
+------------+-----------+-------+-----+-----+---------+-------------+
| Thomas     | Stoneman  |     5 | 7.0 | 9.5 |    8.02 | SUPERACTIVE |
| Wyatt      | Skaggs    |     9 | 5.5 | 9.3 |    7.80 | SUPERACTIVE |
| Kimbra     | Masters   |     9 | 6.8 | 9.0 |    7.99 | SUPERACTIVE |
| Domingo    | Cortes    |    10 | 5.8 | 9.1 |    7.83 | SUPERACTIVE |
| Colt       | Steele    |    10 | 4.5 | 9.9 |    8.77 | SUPERACTIVE |
| Pinkie     | Petit     |     4 | 4.3 | 8.8 |    7.25 | SUPERACTIVE |
| Marlon     | Crafford  |     0 | 0.0 | 0.0 |    0.00 | INACTIVE    |
+------------+-----------+-------+-----+-----+---------+-------------+
7 rows in set (0.01 sec)

mysql> select * from series;
+----+-----------------------+---------------+-----------+
| id | title                 | released_year | genre     |
+----+-----------------------+---------------+-----------+
|  1 | Archer                |          2009 | Animation |
|  2 | Arrested Development  |          2003 | Comedy    |
|  3 | Bob's Burgers         |          2011 | Animation |
|  4 | Bojack Horseman       |          2014 | Animation |
|  5 | Breaking Bad          |          2008 | Drama     |
|  6 | Curb Your Enthusiasm  |          2000 | Comedy    |
|  7 | Fargo                 |          2014 | Drama     |
|  8 | Freaks and Geeks      |          1999 | Comedy    |
|  9 | General Hospital      |          1963 | Drama     |
| 10 | Halt and Catch Fire   |          2014 | Drama     |
| 11 | Malcolm In The Middle |          2000 | Comedy    |
| 12 | Pushing Daisies       |          2007 | Comedy    |
| 13 | Seinfeld              |          1989 | Comedy    |
| 14 | Stranger Things       |          2016 | Drama     |
+----+-----------------------+---------------+-----------+
14 rows in set (0.00 sec)

mysql> select * from reviews;
+----+--------+-----------+-------------+
| id | rating | series_id | reviewer_id |
+----+--------+-----------+-------------+
|  1 |    8.0 |         1 |           1 |
|  2 |    7.5 |         1 |           2 |
|  3 |    8.5 |         1 |           3 |
|  4 |    7.7 |         1 |           4 |
|  5 |    8.9 |         1 |           5 |
|  6 |    8.1 |         2 |           1 |
|  7 |    6.0 |         2 |           4 |
|  8 |    8.0 |         2 |           3 |
|  9 |    8.4 |         2 |           6 |
| 10 |    9.9 |         2 |           5 |
| 11 |    7.0 |         3 |           1 |
| 12 |    7.5 |         3 |           6 |
| 13 |    8.0 |         3 |           4 |
| 14 |    7.1 |         3 |           3 |
| 15 |    8.0 |         3 |           5 |
| 16 |    7.5 |         4 |           1 |
| 17 |    7.8 |         4 |           3 |
| 18 |    8.3 |         4 |           4 |
| 19 |    7.6 |         4 |           2 |
| 20 |    8.5 |         4 |           5 |
| 21 |    9.5 |         5 |           1 |
| 22 |    9.0 |         5 |           3 |
| 23 |    9.1 |         5 |           4 |
| 24 |    9.3 |         5 |           2 |
| 25 |    9.9 |         5 |           5 |
| 26 |    6.5 |         6 |           2 |
| 27 |    7.8 |         6 |           3 |
| 28 |    8.8 |         6 |           4 |
| 29 |    8.4 |         6 |           2 |
| 30 |    9.1 |         6 |           5 |
| 31 |    9.1 |         7 |           2 |
| 32 |    9.7 |         7 |           5 |
| 33 |    8.5 |         8 |           4 |
| 34 |    7.8 |         8 |           2 |
| 35 |    8.8 |         8 |           6 |
| 36 |    9.3 |         8 |           5 |
| 37 |    5.5 |         9 |           2 |
| 38 |    6.8 |         9 |           3 |
| 39 |    5.8 |         9 |           4 |
| 40 |    4.3 |         9 |           6 |
| 41 |    4.5 |         9 |           5 |
| 42 |    9.9 |        10 |           5 |
| 43 |    8.0 |        13 |           3 |
| 44 |    7.2 |        13 |           4 |
| 45 |    8.5 |        14 |           2 |
| 46 |    8.9 |        14 |           3 |
| 47 |    8.9 |        14 |           4 |
+----+--------+-----------+-------------+
47 rows in set (0.00 sec)

mysql> select * from reviewers;
+----+------------+-----------+
| id | first_name | last_name |
+----+------------+-----------+
|  1 | Thomas     | Stoneman  |
|  2 | Wyatt      | Skaggs    |
|  3 | Kimbra     | Masters   |
|  4 | Domingo    | Cortes    |
|  5 | Colt       | Steele    |
|  6 | Pinkie     | Petit     |
|  7 | Marlon     | Crafford  |
+----+------------+-----------+
7 rows in set (0.00 sec)

mysql> select title,Rating,concat(First_Name,' 'Last_Name) from series inner join reviewers inner join reviews on ;
ERROR 1064 (42000): You have an error in your SQL syntax; check the manual that corresponds to your MySQL server version for the right syntax to use near '' at line 1
mysql> select * from reviews inner join series on
    -> reviews.series_id=series.id;
+----+--------+-----------+-------------+----+----------------------+---------------+-----------+
| id | rating | series_id | reviewer_id | id | title                | released_year | genre     |
+----+--------+-----------+-------------+----+----------------------+---------------+-----------+
|  1 |    8.0 |         1 |           1 |  1 | Archer               |          2009 | Animation |
|  2 |    7.5 |         1 |           2 |  1 | Archer               |          2009 | Animation |
|  3 |    8.5 |         1 |           3 |  1 | Archer               |          2009 | Animation |
|  4 |    7.7 |         1 |           4 |  1 | Archer               |          2009 | Animation |
|  5 |    8.9 |         1 |           5 |  1 | Archer               |          2009 | Animation |
|  6 |    8.1 |         2 |           1 |  2 | Arrested Development |          2003 | Comedy    |
|  7 |    6.0 |         2 |           4 |  2 | Arrested Development |          2003 | Comedy    |
|  8 |    8.0 |         2 |           3 |  2 | Arrested Development |          2003 | Comedy    |
|  9 |    8.4 |         2 |           6 |  2 | Arrested Development |          2003 | Comedy    |
| 10 |    9.9 |         2 |           5 |  2 | Arrested Development |          2003 | Comedy    |
| 11 |    7.0 |         3 |           1 |  3 | Bob's Burgers        |          2011 | Animation |
| 12 |    7.5 |         3 |           6 |  3 | Bob's Burgers        |          2011 | Animation |
| 13 |    8.0 |         3 |           4 |  3 | Bob's Burgers        |          2011 | Animation |
| 14 |    7.1 |         3 |           3 |  3 | Bob's Burgers        |          2011 | Animation |
| 15 |    8.0 |         3 |           5 |  3 | Bob's Burgers        |          2011 | Animation |
| 16 |    7.5 |         4 |           1 |  4 | Bojack Horseman      |          2014 | Animation |
| 17 |    7.8 |         4 |           3 |  4 | Bojack Horseman      |          2014 | Animation |
| 18 |    8.3 |         4 |           4 |  4 | Bojack Horseman      |          2014 | Animation |
| 19 |    7.6 |         4 |           2 |  4 | Bojack Horseman      |          2014 | Animation |
| 20 |    8.5 |         4 |           5 |  4 | Bojack Horseman      |          2014 | Animation |
| 21 |    9.5 |         5 |           1 |  5 | Breaking Bad         |          2008 | Drama     |
| 22 |    9.0 |         5 |           3 |  5 | Breaking Bad         |          2008 | Drama     |
| 23 |    9.1 |         5 |           4 |  5 | Breaking Bad         |          2008 | Drama     |
| 24 |    9.3 |         5 |           2 |  5 | Breaking Bad         |          2008 | Drama     |
| 25 |    9.9 |         5 |           5 |  5 | Breaking Bad         |          2008 | Drama     |
| 26 |    6.5 |         6 |           2 |  6 | Curb Your Enthusiasm |          2000 | Comedy    |
| 27 |    7.8 |         6 |           3 |  6 | Curb Your Enthusiasm |          2000 | Comedy    |
| 28 |    8.8 |         6 |           4 |  6 | Curb Your Enthusiasm |          2000 | Comedy    |
| 29 |    8.4 |         6 |           2 |  6 | Curb Your Enthusiasm |          2000 | Comedy    |
| 30 |    9.1 |         6 |           5 |  6 | Curb Your Enthusiasm |          2000 | Comedy    |
| 31 |    9.1 |         7 |           2 |  7 | Fargo                |          2014 | Drama     |
| 32 |    9.7 |         7 |           5 |  7 | Fargo                |          2014 | Drama     |
| 33 |    8.5 |         8 |           4 |  8 | Freaks and Geeks     |          1999 | Comedy    |
| 34 |    7.8 |         8 |           2 |  8 | Freaks and Geeks     |          1999 | Comedy    |
| 35 |    8.8 |         8 |           6 |  8 | Freaks and Geeks     |          1999 | Comedy    |
| 36 |    9.3 |         8 |           5 |  8 | Freaks and Geeks     |          1999 | Comedy    |
| 37 |    5.5 |         9 |           2 |  9 | General Hospital     |          1963 | Drama     |
| 38 |    6.8 |         9 |           3 |  9 | General Hospital     |          1963 | Drama     |
| 39 |    5.8 |         9 |           4 |  9 | General Hospital     |          1963 | Drama     |
| 40 |    4.3 |         9 |           6 |  9 | General Hospital     |          1963 | Drama     |
| 41 |    4.5 |         9 |           5 |  9 | General Hospital     |          1963 | Drama     |
| 42 |    9.9 |        10 |           5 | 10 | Halt and Catch Fire  |          2014 | Drama     |
| 43 |    8.0 |        13 |           3 | 13 | Seinfeld             |          1989 | Comedy    |
| 44 |    7.2 |        13 |           4 | 13 | Seinfeld             |          1989 | Comedy    |
| 45 |    8.5 |        14 |           2 | 14 | Stranger Things      |          2016 | Drama     |
| 46 |    8.9 |        14 |           3 | 14 | Stranger Things      |          2016 | Drama     |
| 47 |    8.9 |        14 |           4 | 14 | Stranger Things      |          2016 | Drama     |
+----+--------+-----------+-------------+----+----------------------+---------------+-----------+
47 rows in set (0.00 sec)

mysql> select * from reviews inner join series on reviews.series_id=series.id inner join reviewers;
+----+--------+-----------+-------------+----+----------------------+---------------+-----------+----+------------+-----------+
| id | rating | series_id | reviewer_id | id | title                | released_year | genre     | id | first_name | last_name |
+----+--------+-----------+-------------+----+----------------------+---------------+-----------+----+------------+-----------+
|  1 |    8.0 |         1 |           1 |  1 | Archer               |          2009 | Animation |  7 | Marlon     | Crafford  |
|  1 |    8.0 |         1 |           1 |  1 | Archer               |          2009 | Animation |  6 | Pinkie     | Petit     |
|  1 |    8.0 |         1 |           1 |  1 | Archer               |          2009 | Animation |  5 | Colt       | Steele    |
|  1 |    8.0 |         1 |           1 |  1 | Archer               |          2009 | Animation |  4 | Domingo    | Cortes    |
|  1 |    8.0 |         1 |           1 |  1 | Archer               |          2009 | Animation |  3 | Kimbra     | Masters   |
|  1 |    8.0 |         1 |           1 |  1 | Archer               |          2009 | Animation |  2 | Wyatt      | Skaggs    |
|  1 |    8.0 |         1 |           1 |  1 | Archer               |          2009 | Animation |  1 | Thomas     | Stoneman  |
|  2 |    7.5 |         1 |           2 |  1 | Archer               |          2009 | Animation |  7 | Marlon     | Crafford  |
|  2 |    7.5 |         1 |           2 |  1 | Archer               |          2009 | Animation |  6 | Pinkie     | Petit     |
|  2 |    7.5 |         1 |           2 |  1 | Archer               |          2009 | Animation |  5 | Colt       | Steele    |
|  2 |    7.5 |         1 |           2 |  1 | Archer               |          2009 | Animation |  4 | Domingo    | Cortes    |
|  2 |    7.5 |         1 |           2 |  1 | Archer               |          2009 | Animation |  3 | Kimbra     | Masters   |
|  2 |    7.5 |         1 |           2 |  1 | Archer               |          2009 | Animation |  2 | Wyatt      | Skaggs    |
|  2 |    7.5 |         1 |           2 |  1 | Archer               |          2009 | Animation |  1 | Thomas     | Stoneman  |
|  3 |    8.5 |         1 |           3 |  1 | Archer               |          2009 | Animation |  7 | Marlon     | Crafford  |
|  3 |    8.5 |         1 |           3 |  1 | Archer               |          2009 | Animation |  6 | Pinkie     | Petit     |
|  3 |    8.5 |         1 |           3 |  1 | Archer               |          2009 | Animation |  5 | Colt       | Steele    |
|  3 |    8.5 |         1 |           3 |  1 | Archer               |          2009 | Animation |  4 | Domingo    | Cortes    |
|  3 |    8.5 |         1 |           3 |  1 | Archer               |          2009 | Animation |  3 | Kimbra     | Masters   |
|  3 |    8.5 |         1 |           3 |  1 | Archer               |          2009 | Animation |  2 | Wyatt      | Skaggs    |
|  3 |    8.5 |         1 |           3 |  1 | Archer               |          2009 | Animation |  1 | Thomas     | Stoneman  |
|  4 |    7.7 |         1 |           4 |  1 | Archer               |          2009 | Animation |  7 | Marlon     | Crafford  |
|  4 |    7.7 |         1 |           4 |  1 | Archer               |          2009 | Animation |  6 | Pinkie     | Petit     |
|  4 |    7.7 |         1 |           4 |  1 | Archer               |          2009 | Animation |  5 | Colt       | Steele    |
|  4 |    7.7 |         1 |           4 |  1 | Archer               |          2009 | Animation |  4 | Domingo    | Cortes    |
|  4 |    7.7 |         1 |           4 |  1 | Archer               |          2009 | Animation |  3 | Kimbra     | Masters   |
|  4 |    7.7 |         1 |           4 |  1 | Archer               |          2009 | Animation |  2 | Wyatt      | Skaggs    |
|  4 |    7.7 |         1 |           4 |  1 | Archer               |          2009 | Animation |  1 | Thomas     | Stoneman  |
|  5 |    8.9 |         1 |           5 |  1 | Archer               |          2009 | Animation |  7 | Marlon     | Crafford  |
|  5 |    8.9 |         1 |           5 |  1 | Archer               |          2009 | Animation |  6 | Pinkie     | Petit     |
|  5 |    8.9 |         1 |           5 |  1 | Archer               |          2009 | Animation |  5 | Colt       | Steele    |
|  5 |    8.9 |         1 |           5 |  1 | Archer               |          2009 | Animation |  4 | Domingo    | Cortes    |
|  5 |    8.9 |         1 |           5 |  1 | Archer               |          2009 | Animation |  3 | Kimbra     | Masters   |
|  5 |    8.9 |         1 |           5 |  1 | Archer               |          2009 | Animation |  2 | Wyatt      | Skaggs    |
|  5 |    8.9 |         1 |           5 |  1 | Archer               |          2009 | Animation |  1 | Thomas     | Stoneman  |
|  6 |    8.1 |         2 |           1 |  2 | Arrested Development |          2003 | Comedy    |  7 | Marlon     | Crafford  |
|  6 |    8.1 |         2 |           1 |  2 | Arrested Development |          2003 | Comedy    |  6 | Pinkie     | Petit     |
|  6 |    8.1 |         2 |           1 |  2 | Arrested Development |          2003 | Comedy    |  5 | Colt       | Steele    |
|  6 |    8.1 |         2 |           1 |  2 | Arrested Development |          2003 | Comedy    |  4 | Domingo    | Cortes    |
|  6 |    8.1 |         2 |           1 |  2 | Arrested Development |          2003 | Comedy    |  3 | Kimbra     | Masters   |
|  6 |    8.1 |         2 |           1 |  2 | Arrested Development |          2003 | Comedy    |  2 | Wyatt      | Skaggs    |
|  6 |    8.1 |         2 |           1 |  2 | Arrested Development |          2003 | Comedy    |  1 | Thomas     | Stoneman  |
|  7 |    6.0 |         2 |           4 |  2 | Arrested Development |          2003 | Comedy    |  7 | Marlon     | Crafford  |
|  7 |    6.0 |         2 |           4 |  2 | Arrested Development |          2003 | Comedy    |  6 | Pinkie     | Petit     |
|  7 |    6.0 |         2 |           4 |  2 | Arrested Development |          2003 | Comedy    |  5 | Colt       | Steele    |
|  7 |    6.0 |         2 |           4 |  2 | Arrested Development |          2003 | Comedy    |  4 | Domingo    | Cortes    |
|  7 |    6.0 |         2 |           4 |  2 | Arrested Development |          2003 | Comedy    |  3 | Kimbra     | Masters   |
|  7 |    6.0 |         2 |           4 |  2 | Arrested Development |          2003 | Comedy    |  2 | Wyatt      | Skaggs    |
|  7 |    6.0 |         2 |           4 |  2 | Arrested Development |          2003 | Comedy    |  1 | Thomas     | Stoneman  |
|  8 |    8.0 |         2 |           3 |  2 | Arrested Development |          2003 | Comedy    |  7 | Marlon     | Crafford  |
|  8 |    8.0 |         2 |           3 |  2 | Arrested Development |          2003 | Comedy    |  6 | Pinkie     | Petit     |
|  8 |    8.0 |         2 |           3 |  2 | Arrested Development |          2003 | Comedy    |  5 | Colt       | Steele    |
|  8 |    8.0 |         2 |           3 |  2 | Arrested Development |          2003 | Comedy    |  4 | Domingo    | Cortes    |
|  8 |    8.0 |         2 |           3 |  2 | Arrested Development |          2003 | Comedy    |  3 | Kimbra     | Masters   |
|  8 |    8.0 |         2 |           3 |  2 | Arrested Development |          2003 | Comedy    |  2 | Wyatt      | Skaggs    |
|  8 |    8.0 |         2 |           3 |  2 | Arrested Development |          2003 | Comedy    |  1 | Thomas     | Stoneman  |
|  9 |    8.4 |         2 |           6 |  2 | Arrested Development |          2003 | Comedy    |  7 | Marlon     | Crafford  |
|  9 |    8.4 |         2 |           6 |  2 | Arrested Development |          2003 | Comedy    |  6 | Pinkie     | Petit     |
|  9 |    8.4 |         2 |           6 |  2 | Arrested Development |          2003 | Comedy    |  5 | Colt       | Steele    |
|  9 |    8.4 |         2 |           6 |  2 | Arrested Development |          2003 | Comedy    |  4 | Domingo    | Cortes    |
|  9 |    8.4 |         2 |           6 |  2 | Arrested Development |          2003 | Comedy    |  3 | Kimbra     | Masters   |
|  9 |    8.4 |         2 |           6 |  2 | Arrested Development |          2003 | Comedy    |  2 | Wyatt      | Skaggs    |
|  9 |    8.4 |         2 |           6 |  2 | Arrested Development |          2003 | Comedy    |  1 | Thomas     | Stoneman  |
| 10 |    9.9 |         2 |           5 |  2 | Arrested Development |          2003 | Comedy    |  7 | Marlon     | Crafford  |
| 10 |    9.9 |         2 |           5 |  2 | Arrested Development |          2003 | Comedy    |  6 | Pinkie     | Petit     |
| 10 |    9.9 |         2 |           5 |  2 | Arrested Development |          2003 | Comedy    |  5 | Colt       | Steele    |
| 10 |    9.9 |         2 |           5 |  2 | Arrested Development |          2003 | Comedy    |  4 | Domingo    | Cortes    |
| 10 |    9.9 |         2 |           5 |  2 | Arrested Development |          2003 | Comedy    |  3 | Kimbra     | Masters   |
| 10 |    9.9 |         2 |           5 |  2 | Arrested Development |          2003 | Comedy    |  2 | Wyatt      | Skaggs    |
| 10 |    9.9 |         2 |           5 |  2 | Arrested Development |          2003 | Comedy    |  1 | Thomas     | Stoneman  |
| 11 |    7.0 |         3 |           1 |  3 | Bob's Burgers        |          2011 | Animation |  7 | Marlon     | Crafford  |
| 11 |    7.0 |         3 |           1 |  3 | Bob's Burgers        |          2011 | Animation |  6 | Pinkie     | Petit     |
| 11 |    7.0 |         3 |           1 |  3 | Bob's Burgers        |          2011 | Animation |  5 | Colt       | Steele    |
| 11 |    7.0 |         3 |           1 |  3 | Bob's Burgers        |          2011 | Animation |  4 | Domingo    | Cortes    |
| 11 |    7.0 |         3 |           1 |  3 | Bob's Burgers        |          2011 | Animation |  3 | Kimbra     | Masters   |
| 11 |    7.0 |         3 |           1 |  3 | Bob's Burgers        |          2011 | Animation |  2 | Wyatt      | Skaggs    |
| 11 |    7.0 |         3 |           1 |  3 | Bob's Burgers        |          2011 | Animation |  1 | Thomas     | Stoneman  |
| 12 |    7.5 |         3 |           6 |  3 | Bob's Burgers        |          2011 | Animation |  7 | Marlon     | Crafford  |
| 12 |    7.5 |         3 |           6 |  3 | Bob's Burgers        |          2011 | Animation |  6 | Pinkie     | Petit     |
| 12 |    7.5 |         3 |           6 |  3 | Bob's Burgers        |          2011 | Animation |  5 | Colt       | Steele    |
| 12 |    7.5 |         3 |           6 |  3 | Bob's Burgers        |          2011 | Animation |  4 | Domingo    | Cortes    |
| 12 |    7.5 |         3 |           6 |  3 | Bob's Burgers        |          2011 | Animation |  3 | Kimbra     | Masters   |
| 12 |    7.5 |         3 |           6 |  3 | Bob's Burgers        |          2011 | Animation |  2 | Wyatt      | Skaggs    |
| 12 |    7.5 |         3 |           6 |  3 | Bob's Burgers        |          2011 | Animation |  1 | Thomas     | Stoneman  |
| 13 |    8.0 |         3 |           4 |  3 | Bob's Burgers        |          2011 | Animation |  7 | Marlon     | Crafford  |
| 13 |    8.0 |         3 |           4 |  3 | Bob's Burgers        |          2011 | Animation |  6 | Pinkie     | Petit     |
| 13 |    8.0 |         3 |           4 |  3 | Bob's Burgers        |          2011 | Animation |  5 | Colt       | Steele    |
| 13 |    8.0 |         3 |           4 |  3 | Bob's Burgers        |          2011 | Animation |  4 | Domingo    | Cortes    |
| 13 |    8.0 |         3 |           4 |  3 | Bob's Burgers        |          2011 | Animation |  3 | Kimbra     | Masters   |
| 13 |    8.0 |         3 |           4 |  3 | Bob's Burgers        |          2011 | Animation |  2 | Wyatt      | Skaggs    |
| 13 |    8.0 |         3 |           4 |  3 | Bob's Burgers        |          2011 | Animation |  1 | Thomas     | Stoneman  |
| 14 |    7.1 |         3 |           3 |  3 | Bob's Burgers        |          2011 | Animation |  7 | Marlon     | Crafford  |
| 14 |    7.1 |         3 |           3 |  3 | Bob's Burgers        |          2011 | Animation |  6 | Pinkie     | Petit     |
| 14 |    7.1 |         3 |           3 |  3 | Bob's Burgers        |          2011 | Animation |  5 | Colt       | Steele    |
| 14 |    7.1 |         3 |           3 |  3 | Bob's Burgers        |          2011 | Animation |  4 | Domingo    | Cortes    |
| 14 |    7.1 |         3 |           3 |  3 | Bob's Burgers        |          2011 | Animation |  3 | Kimbra     | Masters   |
| 14 |    7.1 |         3 |           3 |  3 | Bob's Burgers        |          2011 | Animation |  2 | Wyatt      | Skaggs    |
| 14 |    7.1 |         3 |           3 |  3 | Bob's Burgers        |          2011 | Animation |  1 | Thomas     | Stoneman  |
| 15 |    8.0 |         3 |           5 |  3 | Bob's Burgers        |          2011 | Animation |  7 | Marlon     | Crafford  |
| 15 |    8.0 |         3 |           5 |  3 | Bob's Burgers        |          2011 | Animation |  6 | Pinkie     | Petit     |
| 15 |    8.0 |         3 |           5 |  3 | Bob's Burgers        |          2011 | Animation |  5 | Colt       | Steele    |
| 15 |    8.0 |         3 |           5 |  3 | Bob's Burgers        |          2011 | Animation |  4 | Domingo    | Cortes    |
| 15 |    8.0 |         3 |           5 |  3 | Bob's Burgers        |          2011 | Animation |  3 | Kimbra     | Masters   |
| 15 |    8.0 |         3 |           5 |  3 | Bob's Burgers        |          2011 | Animation |  2 | Wyatt      | Skaggs    |
| 15 |    8.0 |         3 |           5 |  3 | Bob's Burgers        |          2011 | Animation |  1 | Thomas     | Stoneman  |
| 16 |    7.5 |         4 |           1 |  4 | Bojack Horseman      |          2014 | Animation |  7 | Marlon     | Crafford  |
| 16 |    7.5 |         4 |           1 |  4 | Bojack Horseman      |          2014 | Animation |  6 | Pinkie     | Petit     |
| 16 |    7.5 |         4 |           1 |  4 | Bojack Horseman      |          2014 | Animation |  5 | Colt       | Steele    |
| 16 |    7.5 |         4 |           1 |  4 | Bojack Horseman      |          2014 | Animation |  4 | Domingo    | Cortes    |
| 16 |    7.5 |         4 |           1 |  4 | Bojack Horseman      |          2014 | Animation |  3 | Kimbra     | Masters   |
| 16 |    7.5 |         4 |           1 |  4 | Bojack Horseman      |          2014 | Animation |  2 | Wyatt      | Skaggs    |
| 16 |    7.5 |         4 |           1 |  4 | Bojack Horseman      |          2014 | Animation |  1 | Thomas     | Stoneman  |
| 17 |    7.8 |         4 |           3 |  4 | Bojack Horseman      |          2014 | Animation |  7 | Marlon     | Crafford  |
| 17 |    7.8 |         4 |           3 |  4 | Bojack Horseman      |          2014 | Animation |  6 | Pinkie     | Petit     |
| 17 |    7.8 |         4 |           3 |  4 | Bojack Horseman      |          2014 | Animation |  5 | Colt       | Steele    |
| 17 |    7.8 |         4 |           3 |  4 | Bojack Horseman      |          2014 | Animation |  4 | Domingo    | Cortes    |
| 17 |    7.8 |         4 |           3 |  4 | Bojack Horseman      |          2014 | Animation |  3 | Kimbra     | Masters   |
| 17 |    7.8 |         4 |           3 |  4 | Bojack Horseman      |          2014 | Animation |  2 | Wyatt      | Skaggs    |
| 17 |    7.8 |         4 |           3 |  4 | Bojack Horseman      |          2014 | Animation |  1 | Thomas     | Stoneman  |
| 18 |    8.3 |         4 |           4 |  4 | Bojack Horseman      |          2014 | Animation |  7 | Marlon     | Crafford  |
| 18 |    8.3 |         4 |           4 |  4 | Bojack Horseman      |          2014 | Animation |  6 | Pinkie     | Petit     |
| 18 |    8.3 |         4 |           4 |  4 | Bojack Horseman      |          2014 | Animation |  5 | Colt       | Steele    |
| 18 |    8.3 |         4 |           4 |  4 | Bojack Horseman      |          2014 | Animation |  4 | Domingo    | Cortes    |
| 18 |    8.3 |         4 |           4 |  4 | Bojack Horseman      |          2014 | Animation |  3 | Kimbra     | Masters   |
| 18 |    8.3 |         4 |           4 |  4 | Bojack Horseman      |          2014 | Animation |  2 | Wyatt      | Skaggs    |
| 18 |    8.3 |         4 |           4 |  4 | Bojack Horseman      |          2014 | Animation |  1 | Thomas     | Stoneman  |
| 19 |    7.6 |         4 |           2 |  4 | Bojack Horseman      |          2014 | Animation |  7 | Marlon     | Crafford  |
| 19 |    7.6 |         4 |           2 |  4 | Bojack Horseman      |          2014 | Animation |  6 | Pinkie     | Petit     |
| 19 |    7.6 |         4 |           2 |  4 | Bojack Horseman      |          2014 | Animation |  5 | Colt       | Steele    |
| 19 |    7.6 |         4 |           2 |  4 | Bojack Horseman      |          2014 | Animation |  4 | Domingo    | Cortes    |
| 19 |    7.6 |         4 |           2 |  4 | Bojack Horseman      |          2014 | Animation |  3 | Kimbra     | Masters   |
| 19 |    7.6 |         4 |           2 |  4 | Bojack Horseman      |          2014 | Animation |  2 | Wyatt      | Skaggs    |
| 19 |    7.6 |         4 |           2 |  4 | Bojack Horseman      |          2014 | Animation |  1 | Thomas     | Stoneman  |
| 20 |    8.5 |         4 |           5 |  4 | Bojack Horseman      |          2014 | Animation |  7 | Marlon     | Crafford  |
| 20 |    8.5 |         4 |           5 |  4 | Bojack Horseman      |          2014 | Animation |  6 | Pinkie     | Petit     |
| 20 |    8.5 |         4 |           5 |  4 | Bojack Horseman      |          2014 | Animation |  5 | Colt       | Steele    |
| 20 |    8.5 |         4 |           5 |  4 | Bojack Horseman      |          2014 | Animation |  4 | Domingo    | Cortes    |
| 20 |    8.5 |         4 |           5 |  4 | Bojack Horseman      |          2014 | Animation |  3 | Kimbra     | Masters   |
| 20 |    8.5 |         4 |           5 |  4 | Bojack Horseman      |          2014 | Animation |  2 | Wyatt      | Skaggs    |
| 20 |    8.5 |         4 |           5 |  4 | Bojack Horseman      |          2014 | Animation |  1 | Thomas     | Stoneman  |
| 21 |    9.5 |         5 |           1 |  5 | Breaking Bad         |          2008 | Drama     |  7 | Marlon     | Crafford  |
| 21 |    9.5 |         5 |           1 |  5 | Breaking Bad         |          2008 | Drama     |  6 | Pinkie     | Petit     |
| 21 |    9.5 |         5 |           1 |  5 | Breaking Bad         |          2008 | Drama     |  5 | Colt       | Steele    |
| 21 |    9.5 |         5 |           1 |  5 | Breaking Bad         |          2008 | Drama     |  4 | Domingo    | Cortes    |
| 21 |    9.5 |         5 |           1 |  5 | Breaking Bad         |          2008 | Drama     |  3 | Kimbra     | Masters   |
| 21 |    9.5 |         5 |           1 |  5 | Breaking Bad         |          2008 | Drama     |  2 | Wyatt      | Skaggs    |
| 21 |    9.5 |         5 |           1 |  5 | Breaking Bad         |          2008 | Drama     |  1 | Thomas     | Stoneman  |
| 22 |    9.0 |         5 |           3 |  5 | Breaking Bad         |          2008 | Drama     |  7 | Marlon     | Crafford  |
| 22 |    9.0 |         5 |           3 |  5 | Breaking Bad         |          2008 | Drama     |  6 | Pinkie     | Petit     |
| 22 |    9.0 |         5 |           3 |  5 | Breaking Bad         |          2008 | Drama     |  5 | Colt       | Steele    |
| 22 |    9.0 |         5 |           3 |  5 | Breaking Bad         |          2008 | Drama     |  4 | Domingo    | Cortes    |
| 22 |    9.0 |         5 |           3 |  5 | Breaking Bad         |          2008 | Drama     |  3 | Kimbra     | Masters   |
| 22 |    9.0 |         5 |           3 |  5 | Breaking Bad         |          2008 | Drama     |  2 | Wyatt      | Skaggs    |
| 22 |    9.0 |         5 |           3 |  5 | Breaking Bad         |          2008 | Drama     |  1 | Thomas     | Stoneman  |
| 23 |    9.1 |         5 |           4 |  5 | Breaking Bad         |          2008 | Drama     |  7 | Marlon     | Crafford  |
| 23 |    9.1 |         5 |           4 |  5 | Breaking Bad         |          2008 | Drama     |  6 | Pinkie     | Petit     |
| 23 |    9.1 |         5 |           4 |  5 | Breaking Bad         |          2008 | Drama     |  5 | Colt       | Steele    |
| 23 |    9.1 |         5 |           4 |  5 | Breaking Bad         |          2008 | Drama     |  4 | Domingo    | Cortes    |
| 23 |    9.1 |         5 |           4 |  5 | Breaking Bad         |          2008 | Drama     |  3 | Kimbra     | Masters   |
| 23 |    9.1 |         5 |           4 |  5 | Breaking Bad         |          2008 | Drama     |  2 | Wyatt      | Skaggs    |
| 23 |    9.1 |         5 |           4 |  5 | Breaking Bad         |          2008 | Drama     |  1 | Thomas     | Stoneman  |
| 24 |    9.3 |         5 |           2 |  5 | Breaking Bad         |          2008 | Drama     |  7 | Marlon     | Crafford  |
| 24 |    9.3 |         5 |           2 |  5 | Breaking Bad         |          2008 | Drama     |  6 | Pinkie     | Petit     |
| 24 |    9.3 |         5 |           2 |  5 | Breaking Bad         |          2008 | Drama     |  5 | Colt       | Steele    |
| 24 |    9.3 |         5 |           2 |  5 | Breaking Bad         |          2008 | Drama     |  4 | Domingo    | Cortes    |
| 24 |    9.3 |         5 |           2 |  5 | Breaking Bad         |          2008 | Drama     |  3 | Kimbra     | Masters   |
| 24 |    9.3 |         5 |           2 |  5 | Breaking Bad         |          2008 | Drama     |  2 | Wyatt      | Skaggs    |
| 24 |    9.3 |         5 |           2 |  5 | Breaking Bad         |          2008 | Drama     |  1 | Thomas     | Stoneman  |
| 25 |    9.9 |         5 |           5 |  5 | Breaking Bad         |          2008 | Drama     |  7 | Marlon     | Crafford  |
| 25 |    9.9 |         5 |           5 |  5 | Breaking Bad         |          2008 | Drama     |  6 | Pinkie     | Petit     |
| 25 |    9.9 |         5 |           5 |  5 | Breaking Bad         |          2008 | Drama     |  5 | Colt       | Steele    |
| 25 |    9.9 |         5 |           5 |  5 | Breaking Bad         |          2008 | Drama     |  4 | Domingo    | Cortes    |
| 25 |    9.9 |         5 |           5 |  5 | Breaking Bad         |          2008 | Drama     |  3 | Kimbra     | Masters   |
| 25 |    9.9 |         5 |           5 |  5 | Breaking Bad         |          2008 | Drama     |  2 | Wyatt      | Skaggs    |
| 25 |    9.9 |         5 |           5 |  5 | Breaking Bad         |          2008 | Drama     |  1 | Thomas     | Stoneman  |
| 26 |    6.5 |         6 |           2 |  6 | Curb Your Enthusiasm |          2000 | Comedy    |  7 | Marlon     | Crafford  |
| 26 |    6.5 |         6 |           2 |  6 | Curb Your Enthusiasm |          2000 | Comedy    |  6 | Pinkie     | Petit     |
| 26 |    6.5 |         6 |           2 |  6 | Curb Your Enthusiasm |          2000 | Comedy    |  5 | Colt       | Steele    |
| 26 |    6.5 |         6 |           2 |  6 | Curb Your Enthusiasm |          2000 | Comedy    |  4 | Domingo    | Cortes    |
| 26 |    6.5 |         6 |           2 |  6 | Curb Your Enthusiasm |          2000 | Comedy    |  3 | Kimbra     | Masters   |
| 26 |    6.5 |         6 |           2 |  6 | Curb Your Enthusiasm |          2000 | Comedy    |  2 | Wyatt      | Skaggs    |
| 26 |    6.5 |         6 |           2 |  6 | Curb Your Enthusiasm |          2000 | Comedy    |  1 | Thomas     | Stoneman  |
| 27 |    7.8 |         6 |           3 |  6 | Curb Your Enthusiasm |          2000 | Comedy    |  7 | Marlon     | Crafford  |
| 27 |    7.8 |         6 |           3 |  6 | Curb Your Enthusiasm |          2000 | Comedy    |  6 | Pinkie     | Petit     |
| 27 |    7.8 |         6 |           3 |  6 | Curb Your Enthusiasm |          2000 | Comedy    |  5 | Colt       | Steele    |
| 27 |    7.8 |         6 |           3 |  6 | Curb Your Enthusiasm |          2000 | Comedy    |  4 | Domingo    | Cortes    |
| 27 |    7.8 |         6 |           3 |  6 | Curb Your Enthusiasm |          2000 | Comedy    |  3 | Kimbra     | Masters   |
| 27 |    7.8 |         6 |           3 |  6 | Curb Your Enthusiasm |          2000 | Comedy    |  2 | Wyatt      | Skaggs    |
| 27 |    7.8 |         6 |           3 |  6 | Curb Your Enthusiasm |          2000 | Comedy    |  1 | Thomas     | Stoneman  |
| 28 |    8.8 |         6 |           4 |  6 | Curb Your Enthusiasm |          2000 | Comedy    |  7 | Marlon     | Crafford  |
| 28 |    8.8 |         6 |           4 |  6 | Curb Your Enthusiasm |          2000 | Comedy    |  6 | Pinkie     | Petit     |
| 28 |    8.8 |         6 |           4 |  6 | Curb Your Enthusiasm |          2000 | Comedy    |  5 | Colt       | Steele    |
| 28 |    8.8 |         6 |           4 |  6 | Curb Your Enthusiasm |          2000 | Comedy    |  4 | Domingo    | Cortes    |
| 28 |    8.8 |         6 |           4 |  6 | Curb Your Enthusiasm |          2000 | Comedy    |  3 | Kimbra     | Masters   |
| 28 |    8.8 |         6 |           4 |  6 | Curb Your Enthusiasm |          2000 | Comedy    |  2 | Wyatt      | Skaggs    |
| 28 |    8.8 |         6 |           4 |  6 | Curb Your Enthusiasm |          2000 | Comedy    |  1 | Thomas     | Stoneman  |
| 29 |    8.4 |         6 |           2 |  6 | Curb Your Enthusiasm |          2000 | Comedy    |  7 | Marlon     | Crafford  |
| 29 |    8.4 |         6 |           2 |  6 | Curb Your Enthusiasm |          2000 | Comedy    |  6 | Pinkie     | Petit     |
| 29 |    8.4 |         6 |           2 |  6 | Curb Your Enthusiasm |          2000 | Comedy    |  5 | Colt       | Steele    |
| 29 |    8.4 |         6 |           2 |  6 | Curb Your Enthusiasm |          2000 | Comedy    |  4 | Domingo    | Cortes    |
| 29 |    8.4 |         6 |           2 |  6 | Curb Your Enthusiasm |          2000 | Comedy    |  3 | Kimbra     | Masters   |
| 29 |    8.4 |         6 |           2 |  6 | Curb Your Enthusiasm |          2000 | Comedy    |  2 | Wyatt      | Skaggs    |
| 29 |    8.4 |         6 |           2 |  6 | Curb Your Enthusiasm |          2000 | Comedy    |  1 | Thomas     | Stoneman  |
| 30 |    9.1 |         6 |           5 |  6 | Curb Your Enthusiasm |          2000 | Comedy    |  7 | Marlon     | Crafford  |
| 30 |    9.1 |         6 |           5 |  6 | Curb Your Enthusiasm |          2000 | Comedy    |  6 | Pinkie     | Petit     |
| 30 |    9.1 |         6 |           5 |  6 | Curb Your Enthusiasm |          2000 | Comedy    |  5 | Colt       | Steele    |
| 30 |    9.1 |         6 |           5 |  6 | Curb Your Enthusiasm |          2000 | Comedy    |  4 | Domingo    | Cortes    |
| 30 |    9.1 |         6 |           5 |  6 | Curb Your Enthusiasm |          2000 | Comedy    |  3 | Kimbra     | Masters   |
| 30 |    9.1 |         6 |           5 |  6 | Curb Your Enthusiasm |          2000 | Comedy    |  2 | Wyatt      | Skaggs    |
| 30 |    9.1 |         6 |           5 |  6 | Curb Your Enthusiasm |          2000 | Comedy    |  1 | Thomas     | Stoneman  |
| 31 |    9.1 |         7 |           2 |  7 | Fargo                |          2014 | Drama     |  7 | Marlon     | Crafford  |
| 31 |    9.1 |         7 |           2 |  7 | Fargo                |          2014 | Drama     |  6 | Pinkie     | Petit     |
| 31 |    9.1 |         7 |           2 |  7 | Fargo                |          2014 | Drama     |  5 | Colt       | Steele    |
| 31 |    9.1 |         7 |           2 |  7 | Fargo                |          2014 | Drama     |  4 | Domingo    | Cortes    |
| 31 |    9.1 |         7 |           2 |  7 | Fargo                |          2014 | Drama     |  3 | Kimbra     | Masters   |
| 31 |    9.1 |         7 |           2 |  7 | Fargo                |          2014 | Drama     |  2 | Wyatt      | Skaggs    |
| 31 |    9.1 |         7 |           2 |  7 | Fargo                |          2014 | Drama     |  1 | Thomas     | Stoneman  |
| 32 |    9.7 |         7 |           5 |  7 | Fargo                |          2014 | Drama     |  7 | Marlon     | Crafford  |
| 32 |    9.7 |         7 |           5 |  7 | Fargo                |          2014 | Drama     |  6 | Pinkie     | Petit     |
| 32 |    9.7 |         7 |           5 |  7 | Fargo                |          2014 | Drama     |  5 | Colt       | Steele    |
| 32 |    9.7 |         7 |           5 |  7 | Fargo                |          2014 | Drama     |  4 | Domingo    | Cortes    |
| 32 |    9.7 |         7 |           5 |  7 | Fargo                |          2014 | Drama     |  3 | Kimbra     | Masters   |
| 32 |    9.7 |         7 |           5 |  7 | Fargo                |          2014 | Drama     |  2 | Wyatt      | Skaggs    |
| 32 |    9.7 |         7 |           5 |  7 | Fargo                |          2014 | Drama     |  1 | Thomas     | Stoneman  |
| 33 |    8.5 |         8 |           4 |  8 | Freaks and Geeks     |          1999 | Comedy    |  7 | Marlon     | Crafford  |
| 33 |    8.5 |         8 |           4 |  8 | Freaks and Geeks     |          1999 | Comedy    |  6 | Pinkie     | Petit     |
| 33 |    8.5 |         8 |           4 |  8 | Freaks and Geeks     |          1999 | Comedy    |  5 | Colt       | Steele    |
| 33 |    8.5 |         8 |           4 |  8 | Freaks and Geeks     |          1999 | Comedy    |  4 | Domingo    | Cortes    |
| 33 |    8.5 |         8 |           4 |  8 | Freaks and Geeks     |          1999 | Comedy    |  3 | Kimbra     | Masters   |
| 33 |    8.5 |         8 |           4 |  8 | Freaks and Geeks     |          1999 | Comedy    |  2 | Wyatt      | Skaggs    |
| 33 |    8.5 |         8 |           4 |  8 | Freaks and Geeks     |          1999 | Comedy    |  1 | Thomas     | Stoneman  |
| 34 |    7.8 |         8 |           2 |  8 | Freaks and Geeks     |          1999 | Comedy    |  7 | Marlon     | Crafford  |
| 34 |    7.8 |         8 |           2 |  8 | Freaks and Geeks     |          1999 | Comedy    |  6 | Pinkie     | Petit     |
| 34 |    7.8 |         8 |           2 |  8 | Freaks and Geeks     |          1999 | Comedy    |  5 | Colt       | Steele    |
| 34 |    7.8 |         8 |           2 |  8 | Freaks and Geeks     |          1999 | Comedy    |  4 | Domingo    | Cortes    |
| 34 |    7.8 |         8 |           2 |  8 | Freaks and Geeks     |          1999 | Comedy    |  3 | Kimbra     | Masters   |
| 34 |    7.8 |         8 |           2 |  8 | Freaks and Geeks     |          1999 | Comedy    |  2 | Wyatt      | Skaggs    |
| 34 |    7.8 |         8 |           2 |  8 | Freaks and Geeks     |          1999 | Comedy    |  1 | Thomas     | Stoneman  |
| 35 |    8.8 |         8 |           6 |  8 | Freaks and Geeks     |          1999 | Comedy    |  7 | Marlon     | Crafford  |
| 35 |    8.8 |         8 |           6 |  8 | Freaks and Geeks     |          1999 | Comedy    |  6 | Pinkie     | Petit     |
| 35 |    8.8 |         8 |           6 |  8 | Freaks and Geeks     |          1999 | Comedy    |  5 | Colt       | Steele    |
| 35 |    8.8 |         8 |           6 |  8 | Freaks and Geeks     |          1999 | Comedy    |  4 | Domingo    | Cortes    |
| 35 |    8.8 |         8 |           6 |  8 | Freaks and Geeks     |          1999 | Comedy    |  3 | Kimbra     | Masters   |
| 35 |    8.8 |         8 |           6 |  8 | Freaks and Geeks     |          1999 | Comedy    |  2 | Wyatt      | Skaggs    |
| 35 |    8.8 |         8 |           6 |  8 | Freaks and Geeks     |          1999 | Comedy    |  1 | Thomas     | Stoneman  |
| 36 |    9.3 |         8 |           5 |  8 | Freaks and Geeks     |          1999 | Comedy    |  7 | Marlon     | Crafford  |
| 36 |    9.3 |         8 |           5 |  8 | Freaks and Geeks     |          1999 | Comedy    |  6 | Pinkie     | Petit     |
| 36 |    9.3 |         8 |           5 |  8 | Freaks and Geeks     |          1999 | Comedy    |  5 | Colt       | Steele    |
| 36 |    9.3 |         8 |           5 |  8 | Freaks and Geeks     |          1999 | Comedy    |  4 | Domingo    | Cortes    |
| 36 |    9.3 |         8 |           5 |  8 | Freaks and Geeks     |          1999 | Comedy    |  3 | Kimbra     | Masters   |
| 36 |    9.3 |         8 |           5 |  8 | Freaks and Geeks     |          1999 | Comedy    |  2 | Wyatt      | Skaggs    |
| 36 |    9.3 |         8 |           5 |  8 | Freaks and Geeks     |          1999 | Comedy    |  1 | Thomas     | Stoneman  |
| 37 |    5.5 |         9 |           2 |  9 | General Hospital     |          1963 | Drama     |  7 | Marlon     | Crafford  |
| 37 |    5.5 |         9 |           2 |  9 | General Hospital     |          1963 | Drama     |  6 | Pinkie     | Petit     |
| 37 |    5.5 |         9 |           2 |  9 | General Hospital     |          1963 | Drama     |  5 | Colt       | Steele    |
| 37 |    5.5 |         9 |           2 |  9 | General Hospital     |          1963 | Drama     |  4 | Domingo    | Cortes    |
| 37 |    5.5 |         9 |           2 |  9 | General Hospital     |          1963 | Drama     |  3 | Kimbra     | Masters   |
| 37 |    5.5 |         9 |           2 |  9 | General Hospital     |          1963 | Drama     |  2 | Wyatt      | Skaggs    |
| 37 |    5.5 |         9 |           2 |  9 | General Hospital     |          1963 | Drama     |  1 | Thomas     | Stoneman  |
| 38 |    6.8 |         9 |           3 |  9 | General Hospital     |          1963 | Drama     |  7 | Marlon     | Crafford  |
| 38 |    6.8 |         9 |           3 |  9 | General Hospital     |          1963 | Drama     |  6 | Pinkie     | Petit     |
| 38 |    6.8 |         9 |           3 |  9 | General Hospital     |          1963 | Drama     |  5 | Colt       | Steele    |
| 38 |    6.8 |         9 |           3 |  9 | General Hospital     |          1963 | Drama     |  4 | Domingo    | Cortes    |
| 38 |    6.8 |         9 |           3 |  9 | General Hospital     |          1963 | Drama     |  3 | Kimbra     | Masters   |
| 38 |    6.8 |         9 |           3 |  9 | General Hospital     |          1963 | Drama     |  2 | Wyatt      | Skaggs    |
| 38 |    6.8 |         9 |           3 |  9 | General Hospital     |          1963 | Drama     |  1 | Thomas     | Stoneman  |
| 39 |    5.8 |         9 |           4 |  9 | General Hospital     |          1963 | Drama     |  7 | Marlon     | Crafford  |
| 39 |    5.8 |         9 |           4 |  9 | General Hospital     |          1963 | Drama     |  6 | Pinkie     | Petit     |
| 39 |    5.8 |         9 |           4 |  9 | General Hospital     |          1963 | Drama     |  5 | Colt       | Steele    |
| 39 |    5.8 |         9 |           4 |  9 | General Hospital     |          1963 | Drama     |  4 | Domingo    | Cortes    |
| 39 |    5.8 |         9 |           4 |  9 | General Hospital     |          1963 | Drama     |  3 | Kimbra     | Masters   |
| 39 |    5.8 |         9 |           4 |  9 | General Hospital     |          1963 | Drama     |  2 | Wyatt      | Skaggs    |
| 39 |    5.8 |         9 |           4 |  9 | General Hospital     |          1963 | Drama     |  1 | Thomas     | Stoneman  |
| 40 |    4.3 |         9 |           6 |  9 | General Hospital     |          1963 | Drama     |  7 | Marlon     | Crafford  |
| 40 |    4.3 |         9 |           6 |  9 | General Hospital     |          1963 | Drama     |  6 | Pinkie     | Petit     |
| 40 |    4.3 |         9 |           6 |  9 | General Hospital     |          1963 | Drama     |  5 | Colt       | Steele    |
| 40 |    4.3 |         9 |           6 |  9 | General Hospital     |          1963 | Drama     |  4 | Domingo    | Cortes    |
| 40 |    4.3 |         9 |           6 |  9 | General Hospital     |          1963 | Drama     |  3 | Kimbra     | Masters   |
| 40 |    4.3 |         9 |           6 |  9 | General Hospital     |          1963 | Drama     |  2 | Wyatt      | Skaggs    |
| 40 |    4.3 |         9 |           6 |  9 | General Hospital     |          1963 | Drama     |  1 | Thomas     | Stoneman  |
| 41 |    4.5 |         9 |           5 |  9 | General Hospital     |          1963 | Drama     |  7 | Marlon     | Crafford  |
| 41 |    4.5 |         9 |           5 |  9 | General Hospital     |          1963 | Drama     |  6 | Pinkie     | Petit     |
| 41 |    4.5 |         9 |           5 |  9 | General Hospital     |          1963 | Drama     |  5 | Colt       | Steele    |
| 41 |    4.5 |         9 |           5 |  9 | General Hospital     |          1963 | Drama     |  4 | Domingo    | Cortes    |
| 41 |    4.5 |         9 |           5 |  9 | General Hospital     |          1963 | Drama     |  3 | Kimbra     | Masters   |
| 41 |    4.5 |         9 |           5 |  9 | General Hospital     |          1963 | Drama     |  2 | Wyatt      | Skaggs    |
| 41 |    4.5 |         9 |           5 |  9 | General Hospital     |          1963 | Drama     |  1 | Thomas     | Stoneman  |
| 42 |    9.9 |        10 |           5 | 10 | Halt and Catch Fire  |          2014 | Drama     |  7 | Marlon     | Crafford  |
| 42 |    9.9 |        10 |           5 | 10 | Halt and Catch Fire  |          2014 | Drama     |  6 | Pinkie     | Petit     |
| 42 |    9.9 |        10 |           5 | 10 | Halt and Catch Fire  |          2014 | Drama     |  5 | Colt       | Steele    |
| 42 |    9.9 |        10 |           5 | 10 | Halt and Catch Fire  |          2014 | Drama     |  4 | Domingo    | Cortes    |
| 42 |    9.9 |        10 |           5 | 10 | Halt and Catch Fire  |          2014 | Drama     |  3 | Kimbra     | Masters   |
| 42 |    9.9 |        10 |           5 | 10 | Halt and Catch Fire  |          2014 | Drama     |  2 | Wyatt      | Skaggs    |
| 42 |    9.9 |        10 |           5 | 10 | Halt and Catch Fire  |          2014 | Drama     |  1 | Thomas     | Stoneman  |
| 43 |    8.0 |        13 |           3 | 13 | Seinfeld             |          1989 | Comedy    |  7 | Marlon     | Crafford  |
| 43 |    8.0 |        13 |           3 | 13 | Seinfeld             |          1989 | Comedy    |  6 | Pinkie     | Petit     |
| 43 |    8.0 |        13 |           3 | 13 | Seinfeld             |          1989 | Comedy    |  5 | Colt       | Steele    |
| 43 |    8.0 |        13 |           3 | 13 | Seinfeld             |          1989 | Comedy    |  4 | Domingo    | Cortes    |
| 43 |    8.0 |        13 |           3 | 13 | Seinfeld             |          1989 | Comedy    |  3 | Kimbra     | Masters   |
| 43 |    8.0 |        13 |           3 | 13 | Seinfeld             |          1989 | Comedy    |  2 | Wyatt      | Skaggs    |
| 43 |    8.0 |        13 |           3 | 13 | Seinfeld             |          1989 | Comedy    |  1 | Thomas     | Stoneman  |
| 44 |    7.2 |        13 |           4 | 13 | Seinfeld             |          1989 | Comedy    |  7 | Marlon     | Crafford  |
| 44 |    7.2 |        13 |           4 | 13 | Seinfeld             |          1989 | Comedy    |  6 | Pinkie     | Petit     |
| 44 |    7.2 |        13 |           4 | 13 | Seinfeld             |          1989 | Comedy    |  5 | Colt       | Steele    |
| 44 |    7.2 |        13 |           4 | 13 | Seinfeld             |          1989 | Comedy    |  4 | Domingo    | Cortes    |
| 44 |    7.2 |        13 |           4 | 13 | Seinfeld             |          1989 | Comedy    |  3 | Kimbra     | Masters   |
| 44 |    7.2 |        13 |           4 | 13 | Seinfeld             |          1989 | Comedy    |  2 | Wyatt      | Skaggs    |
| 44 |    7.2 |        13 |           4 | 13 | Seinfeld             |          1989 | Comedy    |  1 | Thomas     | Stoneman  |
| 45 |    8.5 |        14 |           2 | 14 | Stranger Things      |          2016 | Drama     |  7 | Marlon     | Crafford  |
| 45 |    8.5 |        14 |           2 | 14 | Stranger Things      |          2016 | Drama     |  6 | Pinkie     | Petit     |
| 45 |    8.5 |        14 |           2 | 14 | Stranger Things      |          2016 | Drama     |  5 | Colt       | Steele    |
| 45 |    8.5 |        14 |           2 | 14 | Stranger Things      |          2016 | Drama     |  4 | Domingo    | Cortes    |
| 45 |    8.5 |        14 |           2 | 14 | Stranger Things      |          2016 | Drama     |  3 | Kimbra     | Masters   |
| 45 |    8.5 |        14 |           2 | 14 | Stranger Things      |          2016 | Drama     |  2 | Wyatt      | Skaggs    |
| 45 |    8.5 |        14 |           2 | 14 | Stranger Things      |          2016 | Drama     |  1 | Thomas     | Stoneman  |
| 46 |    8.9 |        14 |           3 | 14 | Stranger Things      |          2016 | Drama     |  7 | Marlon     | Crafford  |
| 46 |    8.9 |        14 |           3 | 14 | Stranger Things      |          2016 | Drama     |  6 | Pinkie     | Petit     |
| 46 |    8.9 |        14 |           3 | 14 | Stranger Things      |          2016 | Drama     |  5 | Colt       | Steele    |
| 46 |    8.9 |        14 |           3 | 14 | Stranger Things      |          2016 | Drama     |  4 | Domingo    | Cortes    |
| 46 |    8.9 |        14 |           3 | 14 | Stranger Things      |          2016 | Drama     |  3 | Kimbra     | Masters   |
| 46 |    8.9 |        14 |           3 | 14 | Stranger Things      |          2016 | Drama     |  2 | Wyatt      | Skaggs    |
| 46 |    8.9 |        14 |           3 | 14 | Stranger Things      |          2016 | Drama     |  1 | Thomas     | Stoneman  |
| 47 |    8.9 |        14 |           4 | 14 | Stranger Things      |          2016 | Drama     |  7 | Marlon     | Crafford  |
| 47 |    8.9 |        14 |           4 | 14 | Stranger Things      |          2016 | Drama     |  6 | Pinkie     | Petit     |
| 47 |    8.9 |        14 |           4 | 14 | Stranger Things      |          2016 | Drama     |  5 | Colt       | Steele    |
| 47 |    8.9 |        14 |           4 | 14 | Stranger Things      |          2016 | Drama     |  4 | Domingo    | Cortes    |
| 47 |    8.9 |        14 |           4 | 14 | Stranger Things      |          2016 | Drama     |  3 | Kimbra     | Masters   |
| 47 |    8.9 |        14 |           4 | 14 | Stranger Things      |          2016 | Drama     |  2 | Wyatt      | Skaggs    |
| 47 |    8.9 |        14 |           4 | 14 | Stranger Things      |          2016 | Drama     |  1 | Thomas     | Stoneman  |
+----+--------+-----------+-------------+----+----------------------+---------------+-----------+----+------------+-----------+
329 rows in set (0.00 sec)

mysql> select * from reviews inner join series on reviews.series_id=series.id inner join reviewers;
+----+--------+-----------+-------------+----+----------------------+---------------+-----------+----+------------+-----------+
| id | rating | series_id | reviewer_id | id | title                | released_year | genre     | id | first_name | last_name |
+----+--------+-----------+-------------+----+----------------------+---------------+-----------+----+------------+-----------+
|  1 |    8.0 |         1 |           1 |  1 | Archer               |          2009 | Animation |  7 | Marlon     | Crafford  |
|  1 |    8.0 |         1 |           1 |  1 | Archer               |          2009 | Animation |  6 | Pinkie     | Petit     |
|  1 |    8.0 |         1 |           1 |  1 | Archer               |          2009 | Animation |  5 | Colt       | Steele    |
|  1 |    8.0 |         1 |           1 |  1 | Archer               |          2009 | Animation |  4 | Domingo    | Cortes    |
|  1 |    8.0 |         1 |           1 |  1 | Archer               |          2009 | Animation |  3 | Kimbra     | Masters   |
|  1 |    8.0 |         1 |           1 |  1 | Archer               |          2009 | Animation |  2 | Wyatt      | Skaggs    |
|  1 |    8.0 |         1 |           1 |  1 | Archer               |          2009 | Animation |  1 | Thomas     | Stoneman  |
|  2 |    7.5 |         1 |           2 |  1 | Archer               |          2009 | Animation |  7 | Marlon     | Crafford  |
|  2 |    7.5 |         1 |           2 |  1 | Archer               |          2009 | Animation |  6 | Pinkie     | Petit     |
|  2 |    7.5 |         1 |           2 |  1 | Archer               |          2009 | Animation |  5 | Colt       | Steele    |
|  2 |    7.5 |         1 |           2 |  1 | Archer               |          2009 | Animation |  4 | Domingo    | Cortes    |
|  2 |    7.5 |         1 |           2 |  1 | Archer               |          2009 | Animation |  3 | Kimbra     | Masters   |
|  2 |    7.5 |         1 |           2 |  1 | Archer               |          2009 | Animation |  2 | Wyatt      | Skaggs    |
|  2 |    7.5 |         1 |           2 |  1 | Archer               |          2009 | Animation |  1 | Thomas     | Stoneman  |
|  3 |    8.5 |         1 |           3 |  1 | Archer               |          2009 | Animation |  7 | Marlon     | Crafford  |
|  3 |    8.5 |         1 |           3 |  1 | Archer               |          2009 | Animation |  6 | Pinkie     | Petit     |
|  3 |    8.5 |         1 |           3 |  1 | Archer               |          2009 | Animation |  5 | Colt       | Steele    |
|  3 |    8.5 |         1 |           3 |  1 | Archer               |          2009 | Animation |  4 | Domingo    | Cortes    |
|  3 |    8.5 |         1 |           3 |  1 | Archer               |          2009 | Animation |  3 | Kimbra     | Masters   |
|  3 |    8.5 |         1 |           3 |  1 | Archer               |          2009 | Animation |  2 | Wyatt      | Skaggs    |
|  3 |    8.5 |         1 |           3 |  1 | Archer               |          2009 | Animation |  1 | Thomas     | Stoneman  |
|  4 |    7.7 |         1 |           4 |  1 | Archer               |          2009 | Animation |  7 | Marlon     | Crafford  |
|  4 |    7.7 |         1 |           4 |  1 | Archer               |          2009 | Animation |  6 | Pinkie     | Petit     |
|  4 |    7.7 |         1 |           4 |  1 | Archer               |          2009 | Animation |  5 | Colt       | Steele    |
|  4 |    7.7 |         1 |           4 |  1 | Archer               |          2009 | Animation |  4 | Domingo    | Cortes    |
|  4 |    7.7 |         1 |           4 |  1 | Archer               |          2009 | Animation |  3 | Kimbra     | Masters   |
|  4 |    7.7 |         1 |           4 |  1 | Archer               |          2009 | Animation |  2 | Wyatt      | Skaggs    |
|  4 |    7.7 |         1 |           4 |  1 | Archer               |          2009 | Animation |  1 | Thomas     | Stoneman  |
|  5 |    8.9 |         1 |           5 |  1 | Archer               |          2009 | Animation |  7 | Marlon     | Crafford  |
|  5 |    8.9 |         1 |           5 |  1 | Archer               |          2009 | Animation |  6 | Pinkie     | Petit     |
|  5 |    8.9 |         1 |           5 |  1 | Archer               |          2009 | Animation |  5 | Colt       | Steele    |
|  5 |    8.9 |         1 |           5 |  1 | Archer               |          2009 | Animation |  4 | Domingo    | Cortes    |
|  5 |    8.9 |         1 |           5 |  1 | Archer               |          2009 | Animation |  3 | Kimbra     | Masters   |
|  5 |    8.9 |         1 |           5 |  1 | Archer               |          2009 | Animation |  2 | Wyatt      | Skaggs    |
|  5 |    8.9 |         1 |           5 |  1 | Archer               |          2009 | Animation |  1 | Thomas     | Stoneman  |
|  6 |    8.1 |         2 |           1 |  2 | Arrested Development |          2003 | Comedy    |  7 | Marlon     | Crafford  |
|  6 |    8.1 |         2 |           1 |  2 | Arrested Development |          2003 | Comedy    |  6 | Pinkie     | Petit     |
|  6 |    8.1 |         2 |           1 |  2 | Arrested Development |          2003 | Comedy    |  5 | Colt       | Steele    |
|  6 |    8.1 |         2 |           1 |  2 | Arrested Development |          2003 | Comedy    |  4 | Domingo    | Cortes    |
|  6 |    8.1 |         2 |           1 |  2 | Arrested Development |          2003 | Comedy    |  3 | Kimbra     | Masters   |
|  6 |    8.1 |         2 |           1 |  2 | Arrested Development |          2003 | Comedy    |  2 | Wyatt      | Skaggs    |
|  6 |    8.1 |         2 |           1 |  2 | Arrested Development |          2003 | Comedy    |  1 | Thomas     | Stoneman  |
|  7 |    6.0 |         2 |           4 |  2 | Arrested Development |          2003 | Comedy    |  7 | Marlon     | Crafford  |
|  7 |    6.0 |         2 |           4 |  2 | Arrested Development |          2003 | Comedy    |  6 | Pinkie     | Petit     |
|  7 |    6.0 |         2 |           4 |  2 | Arrested Development |          2003 | Comedy    |  5 | Colt       | Steele    |
|  7 |    6.0 |         2 |           4 |  2 | Arrested Development |          2003 | Comedy    |  4 | Domingo    | Cortes    |
|  7 |    6.0 |         2 |           4 |  2 | Arrested Development |          2003 | Comedy    |  3 | Kimbra     | Masters   |
|  7 |    6.0 |         2 |           4 |  2 | Arrested Development |          2003 | Comedy    |  2 | Wyatt      | Skaggs    |
|  7 |    6.0 |         2 |           4 |  2 | Arrested Development |          2003 | Comedy    |  1 | Thomas     | Stoneman  |
|  8 |    8.0 |         2 |           3 |  2 | Arrested Development |          2003 | Comedy    |  7 | Marlon     | Crafford  |
|  8 |    8.0 |         2 |           3 |  2 | Arrested Development |          2003 | Comedy    |  6 | Pinkie     | Petit     |
|  8 |    8.0 |         2 |           3 |  2 | Arrested Development |          2003 | Comedy    |  5 | Colt       | Steele    |
|  8 |    8.0 |         2 |           3 |  2 | Arrested Development |          2003 | Comedy    |  4 | Domingo    | Cortes    |
|  8 |    8.0 |         2 |           3 |  2 | Arrested Development |          2003 | Comedy    |  3 | Kimbra     | Masters   |
|  8 |    8.0 |         2 |           3 |  2 | Arrested Development |          2003 | Comedy    |  2 | Wyatt      | Skaggs    |
|  8 |    8.0 |         2 |           3 |  2 | Arrested Development |          2003 | Comedy    |  1 | Thomas     | Stoneman  |
|  9 |    8.4 |         2 |           6 |  2 | Arrested Development |          2003 | Comedy    |  7 | Marlon     | Crafford  |
|  9 |    8.4 |         2 |           6 |  2 | Arrested Development |          2003 | Comedy    |  6 | Pinkie     | Petit     |
|  9 |    8.4 |         2 |           6 |  2 | Arrested Development |          2003 | Comedy    |  5 | Colt       | Steele    |
|  9 |    8.4 |         2 |           6 |  2 | Arrested Development |          2003 | Comedy    |  4 | Domingo    | Cortes    |
|  9 |    8.4 |         2 |           6 |  2 | Arrested Development |          2003 | Comedy    |  3 | Kimbra     | Masters   |
|  9 |    8.4 |         2 |           6 |  2 | Arrested Development |          2003 | Comedy    |  2 | Wyatt      | Skaggs    |
|  9 |    8.4 |         2 |           6 |  2 | Arrested Development |          2003 | Comedy    |  1 | Thomas     | Stoneman  |
| 10 |    9.9 |         2 |           5 |  2 | Arrested Development |          2003 | Comedy    |  7 | Marlon     | Crafford  |
| 10 |    9.9 |         2 |           5 |  2 | Arrested Development |          2003 | Comedy    |  6 | Pinkie     | Petit     |
| 10 |    9.9 |         2 |           5 |  2 | Arrested Development |          2003 | Comedy    |  5 | Colt       | Steele    |
| 10 |    9.9 |         2 |           5 |  2 | Arrested Development |          2003 | Comedy    |  4 | Domingo    | Cortes    |
| 10 |    9.9 |         2 |           5 |  2 | Arrested Development |          2003 | Comedy    |  3 | Kimbra     | Masters   |
| 10 |    9.9 |         2 |           5 |  2 | Arrested Development |          2003 | Comedy    |  2 | Wyatt      | Skaggs    |
| 10 |    9.9 |         2 |           5 |  2 | Arrested Development |          2003 | Comedy    |  1 | Thomas     | Stoneman  |
| 11 |    7.0 |         3 |           1 |  3 | Bob's Burgers        |          2011 | Animation |  7 | Marlon     | Crafford  |
| 11 |    7.0 |         3 |           1 |  3 | Bob's Burgers        |          2011 | Animation |  6 | Pinkie     | Petit     |
| 11 |    7.0 |         3 |           1 |  3 | Bob's Burgers        |          2011 | Animation |  5 | Colt       | Steele    |
| 11 |    7.0 |         3 |           1 |  3 | Bob's Burgers        |          2011 | Animation |  4 | Domingo    | Cortes    |
| 11 |    7.0 |         3 |           1 |  3 | Bob's Burgers        |          2011 | Animation |  3 | Kimbra     | Masters   |
| 11 |    7.0 |         3 |           1 |  3 | Bob's Burgers        |          2011 | Animation |  2 | Wyatt      | Skaggs    |
| 11 |    7.0 |         3 |           1 |  3 | Bob's Burgers        |          2011 | Animation |  1 | Thomas     | Stoneman  |
| 12 |    7.5 |         3 |           6 |  3 | Bob's Burgers        |          2011 | Animation |  7 | Marlon     | Crafford  |
| 12 |    7.5 |         3 |           6 |  3 | Bob's Burgers        |          2011 | Animation |  6 | Pinkie     | Petit     |
| 12 |    7.5 |         3 |           6 |  3 | Bob's Burgers        |          2011 | Animation |  5 | Colt       | Steele    |
| 12 |    7.5 |         3 |           6 |  3 | Bob's Burgers        |          2011 | Animation |  4 | Domingo    | Cortes    |
| 12 |    7.5 |         3 |           6 |  3 | Bob's Burgers        |          2011 | Animation |  3 | Kimbra     | Masters   |
| 12 |    7.5 |         3 |           6 |  3 | Bob's Burgers        |          2011 | Animation |  2 | Wyatt      | Skaggs    |
| 12 |    7.5 |         3 |           6 |  3 | Bob's Burgers        |          2011 | Animation |  1 | Thomas     | Stoneman  |
| 13 |    8.0 |         3 |           4 |  3 | Bob's Burgers        |          2011 | Animation |  7 | Marlon     | Crafford  |
| 13 |    8.0 |         3 |           4 |  3 | Bob's Burgers        |          2011 | Animation |  6 | Pinkie     | Petit     |
| 13 |    8.0 |         3 |           4 |  3 | Bob's Burgers        |          2011 | Animation |  5 | Colt       | Steele    |
| 13 |    8.0 |         3 |           4 |  3 | Bob's Burgers        |          2011 | Animation |  4 | Domingo    | Cortes    |
| 13 |    8.0 |         3 |           4 |  3 | Bob's Burgers        |          2011 | Animation |  3 | Kimbra     | Masters   |
| 13 |    8.0 |         3 |           4 |  3 | Bob's Burgers        |          2011 | Animation |  2 | Wyatt      | Skaggs    |
| 13 |    8.0 |         3 |           4 |  3 | Bob's Burgers        |          2011 | Animation |  1 | Thomas     | Stoneman  |
| 14 |    7.1 |         3 |           3 |  3 | Bob's Burgers        |          2011 | Animation |  7 | Marlon     | Crafford  |
| 14 |    7.1 |         3 |           3 |  3 | Bob's Burgers        |          2011 | Animation |  6 | Pinkie     | Petit     |
| 14 |    7.1 |         3 |           3 |  3 | Bob's Burgers        |          2011 | Animation |  5 | Colt       | Steele    |
| 14 |    7.1 |         3 |           3 |  3 | Bob's Burgers        |          2011 | Animation |  4 | Domingo    | Cortes    |
| 14 |    7.1 |         3 |           3 |  3 | Bob's Burgers        |          2011 | Animation |  3 | Kimbra     | Masters   |
| 14 |    7.1 |         3 |           3 |  3 | Bob's Burgers        |          2011 | Animation |  2 | Wyatt      | Skaggs    |
| 14 |    7.1 |         3 |           3 |  3 | Bob's Burgers        |          2011 | Animation |  1 | Thomas     | Stoneman  |
| 15 |    8.0 |         3 |           5 |  3 | Bob's Burgers        |          2011 | Animation |  7 | Marlon     | Crafford  |
| 15 |    8.0 |         3 |           5 |  3 | Bob's Burgers        |          2011 | Animation |  6 | Pinkie     | Petit     |
| 15 |    8.0 |         3 |           5 |  3 | Bob's Burgers        |          2011 | Animation |  5 | Colt       | Steele    |
| 15 |    8.0 |         3 |           5 |  3 | Bob's Burgers        |          2011 | Animation |  4 | Domingo    | Cortes    |
| 15 |    8.0 |         3 |           5 |  3 | Bob's Burgers        |          2011 | Animation |  3 | Kimbra     | Masters   |
| 15 |    8.0 |         3 |           5 |  3 | Bob's Burgers        |          2011 | Animation |  2 | Wyatt      | Skaggs    |
| 15 |    8.0 |         3 |           5 |  3 | Bob's Burgers        |          2011 | Animation |  1 | Thomas     | Stoneman  |
| 16 |    7.5 |         4 |           1 |  4 | Bojack Horseman      |          2014 | Animation |  7 | Marlon     | Crafford  |
| 16 |    7.5 |         4 |           1 |  4 | Bojack Horseman      |          2014 | Animation |  6 | Pinkie     | Petit     |
| 16 |    7.5 |         4 |           1 |  4 | Bojack Horseman      |          2014 | Animation |  5 | Colt       | Steele    |
| 16 |    7.5 |         4 |           1 |  4 | Bojack Horseman      |          2014 | Animation |  4 | Domingo    | Cortes    |
| 16 |    7.5 |         4 |           1 |  4 | Bojack Horseman      |          2014 | Animation |  3 | Kimbra     | Masters   |
| 16 |    7.5 |         4 |           1 |  4 | Bojack Horseman      |          2014 | Animation |  2 | Wyatt      | Skaggs    |
| 16 |    7.5 |         4 |           1 |  4 | Bojack Horseman      |          2014 | Animation |  1 | Thomas     | Stoneman  |
| 17 |    7.8 |         4 |           3 |  4 | Bojack Horseman      |          2014 | Animation |  7 | Marlon     | Crafford  |
| 17 |    7.8 |         4 |           3 |  4 | Bojack Horseman      |          2014 | Animation |  6 | Pinkie     | Petit     |
| 17 |    7.8 |         4 |           3 |  4 | Bojack Horseman      |          2014 | Animation |  5 | Colt       | Steele    |
| 17 |    7.8 |         4 |           3 |  4 | Bojack Horseman      |          2014 | Animation |  4 | Domingo    | Cortes    |
| 17 |    7.8 |         4 |           3 |  4 | Bojack Horseman      |          2014 | Animation |  3 | Kimbra     | Masters   |
| 17 |    7.8 |         4 |           3 |  4 | Bojack Horseman      |          2014 | Animation |  2 | Wyatt      | Skaggs    |
| 17 |    7.8 |         4 |           3 |  4 | Bojack Horseman      |          2014 | Animation |  1 | Thomas     | Stoneman  |
| 18 |    8.3 |         4 |           4 |  4 | Bojack Horseman      |          2014 | Animation |  7 | Marlon     | Crafford  |
| 18 |    8.3 |         4 |           4 |  4 | Bojack Horseman      |          2014 | Animation |  6 | Pinkie     | Petit     |
| 18 |    8.3 |         4 |           4 |  4 | Bojack Horseman      |          2014 | Animation |  5 | Colt       | Steele    |
| 18 |    8.3 |         4 |           4 |  4 | Bojack Horseman      |          2014 | Animation |  4 | Domingo    | Cortes    |
| 18 |    8.3 |         4 |           4 |  4 | Bojack Horseman      |          2014 | Animation |  3 | Kimbra     | Masters   |
| 18 |    8.3 |         4 |           4 |  4 | Bojack Horseman      |          2014 | Animation |  2 | Wyatt      | Skaggs    |
| 18 |    8.3 |         4 |           4 |  4 | Bojack Horseman      |          2014 | Animation |  1 | Thomas     | Stoneman  |
| 19 |    7.6 |         4 |           2 |  4 | Bojack Horseman      |          2014 | Animation |  7 | Marlon     | Crafford  |
| 19 |    7.6 |         4 |           2 |  4 | Bojack Horseman      |          2014 | Animation |  6 | Pinkie     | Petit     |
| 19 |    7.6 |         4 |           2 |  4 | Bojack Horseman      |          2014 | Animation |  5 | Colt       | Steele    |
| 19 |    7.6 |         4 |           2 |  4 | Bojack Horseman      |          2014 | Animation |  4 | Domingo    | Cortes    |
| 19 |    7.6 |         4 |           2 |  4 | Bojack Horseman      |          2014 | Animation |  3 | Kimbra     | Masters   |
| 19 |    7.6 |         4 |           2 |  4 | Bojack Horseman      |          2014 | Animation |  2 | Wyatt      | Skaggs    |
| 19 |    7.6 |         4 |           2 |  4 | Bojack Horseman      |          2014 | Animation |  1 | Thomas     | Stoneman  |
| 20 |    8.5 |         4 |           5 |  4 | Bojack Horseman      |          2014 | Animation |  7 | Marlon     | Crafford  |
| 20 |    8.5 |         4 |           5 |  4 | Bojack Horseman      |          2014 | Animation |  6 | Pinkie     | Petit     |
| 20 |    8.5 |         4 |           5 |  4 | Bojack Horseman      |          2014 | Animation |  5 | Colt       | Steele    |
| 20 |    8.5 |         4 |           5 |  4 | Bojack Horseman      |          2014 | Animation |  4 | Domingo    | Cortes    |
| 20 |    8.5 |         4 |           5 |  4 | Bojack Horseman      |          2014 | Animation |  3 | Kimbra     | Masters   |
| 20 |    8.5 |         4 |           5 |  4 | Bojack Horseman      |          2014 | Animation |  2 | Wyatt      | Skaggs    |
| 20 |    8.5 |         4 |           5 |  4 | Bojack Horseman      |          2014 | Animation |  1 | Thomas     | Stoneman  |
| 21 |    9.5 |         5 |           1 |  5 | Breaking Bad         |          2008 | Drama     |  7 | Marlon     | Crafford  |
| 21 |    9.5 |         5 |           1 |  5 | Breaking Bad         |          2008 | Drama     |  6 | Pinkie     | Petit     |
| 21 |    9.5 |         5 |           1 |  5 | Breaking Bad         |          2008 | Drama     |  5 | Colt       | Steele    |
| 21 |    9.5 |         5 |           1 |  5 | Breaking Bad         |          2008 | Drama     |  4 | Domingo    | Cortes    |
| 21 |    9.5 |         5 |           1 |  5 | Breaking Bad         |          2008 | Drama     |  3 | Kimbra     | Masters   |
| 21 |    9.5 |         5 |           1 |  5 | Breaking Bad         |          2008 | Drama     |  2 | Wyatt      | Skaggs    |
| 21 |    9.5 |         5 |           1 |  5 | Breaking Bad         |          2008 | Drama     |  1 | Thomas     | Stoneman  |
| 22 |    9.0 |         5 |           3 |  5 | Breaking Bad         |          2008 | Drama     |  7 | Marlon     | Crafford  |
| 22 |    9.0 |         5 |           3 |  5 | Breaking Bad         |          2008 | Drama     |  6 | Pinkie     | Petit     |
| 22 |    9.0 |         5 |           3 |  5 | Breaking Bad         |          2008 | Drama     |  5 | Colt       | Steele    |
| 22 |    9.0 |         5 |           3 |  5 | Breaking Bad         |          2008 | Drama     |  4 | Domingo    | Cortes    |
| 22 |    9.0 |         5 |           3 |  5 | Breaking Bad         |          2008 | Drama     |  3 | Kimbra     | Masters   |
| 22 |    9.0 |         5 |           3 |  5 | Breaking Bad         |          2008 | Drama     |  2 | Wyatt      | Skaggs    |
| 22 |    9.0 |         5 |           3 |  5 | Breaking Bad         |          2008 | Drama     |  1 | Thomas     | Stoneman  |
| 23 |    9.1 |         5 |           4 |  5 | Breaking Bad         |          2008 | Drama     |  7 | Marlon     | Crafford  |
| 23 |    9.1 |         5 |           4 |  5 | Breaking Bad         |          2008 | Drama     |  6 | Pinkie     | Petit     |
| 23 |    9.1 |         5 |           4 |  5 | Breaking Bad         |          2008 | Drama     |  5 | Colt       | Steele    |
| 23 |    9.1 |         5 |           4 |  5 | Breaking Bad         |          2008 | Drama     |  4 | Domingo    | Cortes    |
| 23 |    9.1 |         5 |           4 |  5 | Breaking Bad         |          2008 | Drama     |  3 | Kimbra     | Masters   |
| 23 |    9.1 |         5 |           4 |  5 | Breaking Bad         |          2008 | Drama     |  2 | Wyatt      | Skaggs    |
| 23 |    9.1 |         5 |           4 |  5 | Breaking Bad         |          2008 | Drama     |  1 | Thomas     | Stoneman  |
| 24 |    9.3 |         5 |           2 |  5 | Breaking Bad         |          2008 | Drama     |  7 | Marlon     | Crafford  |
| 24 |    9.3 |         5 |           2 |  5 | Breaking Bad         |          2008 | Drama     |  6 | Pinkie     | Petit     |
| 24 |    9.3 |         5 |           2 |  5 | Breaking Bad         |          2008 | Drama     |  5 | Colt       | Steele    |
| 24 |    9.3 |         5 |           2 |  5 | Breaking Bad         |          2008 | Drama     |  4 | Domingo    | Cortes    |
| 24 |    9.3 |         5 |           2 |  5 | Breaking Bad         |          2008 | Drama     |  3 | Kimbra     | Masters   |
| 24 |    9.3 |         5 |           2 |  5 | Breaking Bad         |          2008 | Drama     |  2 | Wyatt      | Skaggs    |
| 24 |    9.3 |         5 |           2 |  5 | Breaking Bad         |          2008 | Drama     |  1 | Thomas     | Stoneman  |
| 25 |    9.9 |         5 |           5 |  5 | Breaking Bad         |          2008 | Drama     |  7 | Marlon     | Crafford  |
| 25 |    9.9 |         5 |           5 |  5 | Breaking Bad         |          2008 | Drama     |  6 | Pinkie     | Petit     |
| 25 |    9.9 |         5 |           5 |  5 | Breaking Bad         |          2008 | Drama     |  5 | Colt       | Steele    |
| 25 |    9.9 |         5 |           5 |  5 | Breaking Bad         |          2008 | Drama     |  4 | Domingo    | Cortes    |
| 25 |    9.9 |         5 |           5 |  5 | Breaking Bad         |          2008 | Drama     |  3 | Kimbra     | Masters   |
| 25 |    9.9 |         5 |           5 |  5 | Breaking Bad         |          2008 | Drama     |  2 | Wyatt      | Skaggs    |
| 25 |    9.9 |         5 |           5 |  5 | Breaking Bad         |          2008 | Drama     |  1 | Thomas     | Stoneman  |
| 26 |    6.5 |         6 |           2 |  6 | Curb Your Enthusiasm |          2000 | Comedy    |  7 | Marlon     | Crafford  |
| 26 |    6.5 |         6 |           2 |  6 | Curb Your Enthusiasm |          2000 | Comedy    |  6 | Pinkie     | Petit     |
| 26 |    6.5 |         6 |           2 |  6 | Curb Your Enthusiasm |          2000 | Comedy    |  5 | Colt       | Steele    |
| 26 |    6.5 |         6 |           2 |  6 | Curb Your Enthusiasm |          2000 | Comedy    |  4 | Domingo    | Cortes    |
| 26 |    6.5 |         6 |           2 |  6 | Curb Your Enthusiasm |          2000 | Comedy    |  3 | Kimbra     | Masters   |
| 26 |    6.5 |         6 |           2 |  6 | Curb Your Enthusiasm |          2000 | Comedy    |  2 | Wyatt      | Skaggs    |
| 26 |    6.5 |         6 |           2 |  6 | Curb Your Enthusiasm |          2000 | Comedy    |  1 | Thomas     | Stoneman  |
| 27 |    7.8 |         6 |           3 |  6 | Curb Your Enthusiasm |          2000 | Comedy    |  7 | Marlon     | Crafford  |
| 27 |    7.8 |         6 |           3 |  6 | Curb Your Enthusiasm |          2000 | Comedy    |  6 | Pinkie     | Petit     |
| 27 |    7.8 |         6 |           3 |  6 | Curb Your Enthusiasm |          2000 | Comedy    |  5 | Colt       | Steele    |
| 27 |    7.8 |         6 |           3 |  6 | Curb Your Enthusiasm |          2000 | Comedy    |  4 | Domingo    | Cortes    |
| 27 |    7.8 |         6 |           3 |  6 | Curb Your Enthusiasm |          2000 | Comedy    |  3 | Kimbra     | Masters   |
| 27 |    7.8 |         6 |           3 |  6 | Curb Your Enthusiasm |          2000 | Comedy    |  2 | Wyatt      | Skaggs    |
| 27 |    7.8 |         6 |           3 |  6 | Curb Your Enthusiasm |          2000 | Comedy    |  1 | Thomas     | Stoneman  |
| 28 |    8.8 |         6 |           4 |  6 | Curb Your Enthusiasm |          2000 | Comedy    |  7 | Marlon     | Crafford  |
| 28 |    8.8 |         6 |           4 |  6 | Curb Your Enthusiasm |          2000 | Comedy    |  6 | Pinkie     | Petit     |
| 28 |    8.8 |         6 |           4 |  6 | Curb Your Enthusiasm |          2000 | Comedy    |  5 | Colt       | Steele    |
| 28 |    8.8 |         6 |           4 |  6 | Curb Your Enthusiasm |          2000 | Comedy    |  4 | Domingo    | Cortes    |
| 28 |    8.8 |         6 |           4 |  6 | Curb Your Enthusiasm |          2000 | Comedy    |  3 | Kimbra     | Masters   |
| 28 |    8.8 |         6 |           4 |  6 | Curb Your Enthusiasm |          2000 | Comedy    |  2 | Wyatt      | Skaggs    |
| 28 |    8.8 |         6 |           4 |  6 | Curb Your Enthusiasm |          2000 | Comedy    |  1 | Thomas     | Stoneman  |
| 29 |    8.4 |         6 |           2 |  6 | Curb Your Enthusiasm |          2000 | Comedy    |  7 | Marlon     | Crafford  |
| 29 |    8.4 |         6 |           2 |  6 | Curb Your Enthusiasm |          2000 | Comedy    |  6 | Pinkie     | Petit     |
| 29 |    8.4 |         6 |           2 |  6 | Curb Your Enthusiasm |          2000 | Comedy    |  5 | Colt       | Steele    |
| 29 |    8.4 |         6 |           2 |  6 | Curb Your Enthusiasm |          2000 | Comedy    |  4 | Domingo    | Cortes    |
| 29 |    8.4 |         6 |           2 |  6 | Curb Your Enthusiasm |          2000 | Comedy    |  3 | Kimbra     | Masters   |
| 29 |    8.4 |         6 |           2 |  6 | Curb Your Enthusiasm |          2000 | Comedy    |  2 | Wyatt      | Skaggs    |
| 29 |    8.4 |         6 |           2 |  6 | Curb Your Enthusiasm |          2000 | Comedy    |  1 | Thomas     | Stoneman  |
| 30 |    9.1 |         6 |           5 |  6 | Curb Your Enthusiasm |          2000 | Comedy    |  7 | Marlon     | Crafford  |
| 30 |    9.1 |         6 |           5 |  6 | Curb Your Enthusiasm |          2000 | Comedy    |  6 | Pinkie     | Petit     |
| 30 |    9.1 |         6 |           5 |  6 | Curb Your Enthusiasm |          2000 | Comedy    |  5 | Colt       | Steele    |
| 30 |    9.1 |         6 |           5 |  6 | Curb Your Enthusiasm |          2000 | Comedy    |  4 | Domingo    | Cortes    |
| 30 |    9.1 |         6 |           5 |  6 | Curb Your Enthusiasm |          2000 | Comedy    |  3 | Kimbra     | Masters   |
| 30 |    9.1 |         6 |           5 |  6 | Curb Your Enthusiasm |          2000 | Comedy    |  2 | Wyatt      | Skaggs    |
| 30 |    9.1 |         6 |           5 |  6 | Curb Your Enthusiasm |          2000 | Comedy    |  1 | Thomas     | Stoneman  |
| 31 |    9.1 |         7 |           2 |  7 | Fargo                |          2014 | Drama     |  7 | Marlon     | Crafford  |
| 31 |    9.1 |         7 |           2 |  7 | Fargo                |          2014 | Drama     |  6 | Pinkie     | Petit     |
| 31 |    9.1 |         7 |           2 |  7 | Fargo                |          2014 | Drama     |  5 | Colt       | Steele    |
| 31 |    9.1 |         7 |           2 |  7 | Fargo                |          2014 | Drama     |  4 | Domingo    | Cortes    |
| 31 |    9.1 |         7 |           2 |  7 | Fargo                |          2014 | Drama     |  3 | Kimbra     | Masters   |
| 31 |    9.1 |         7 |           2 |  7 | Fargo                |          2014 | Drama     |  2 | Wyatt      | Skaggs    |
| 31 |    9.1 |         7 |           2 |  7 | Fargo                |          2014 | Drama     |  1 | Thomas     | Stoneman  |
| 32 |    9.7 |         7 |           5 |  7 | Fargo                |          2014 | Drama     |  7 | Marlon     | Crafford  |
| 32 |    9.7 |         7 |           5 |  7 | Fargo                |          2014 | Drama     |  6 | Pinkie     | Petit     |
| 32 |    9.7 |         7 |           5 |  7 | Fargo                |          2014 | Drama     |  5 | Colt       | Steele    |
| 32 |    9.7 |         7 |           5 |  7 | Fargo                |          2014 | Drama     |  4 | Domingo    | Cortes    |
| 32 |    9.7 |         7 |           5 |  7 | Fargo                |          2014 | Drama     |  3 | Kimbra     | Masters   |
| 32 |    9.7 |         7 |           5 |  7 | Fargo                |          2014 | Drama     |  2 | Wyatt      | Skaggs    |
| 32 |    9.7 |         7 |           5 |  7 | Fargo                |          2014 | Drama     |  1 | Thomas     | Stoneman  |
| 33 |    8.5 |         8 |           4 |  8 | Freaks and Geeks     |          1999 | Comedy    |  7 | Marlon     | Crafford  |
| 33 |    8.5 |         8 |           4 |  8 | Freaks and Geeks     |          1999 | Comedy    |  6 | Pinkie     | Petit     |
| 33 |    8.5 |         8 |           4 |  8 | Freaks and Geeks     |          1999 | Comedy    |  5 | Colt       | Steele    |
| 33 |    8.5 |         8 |           4 |  8 | Freaks and Geeks     |          1999 | Comedy    |  4 | Domingo    | Cortes    |
| 33 |    8.5 |         8 |           4 |  8 | Freaks and Geeks     |          1999 | Comedy    |  3 | Kimbra     | Masters   |
| 33 |    8.5 |         8 |           4 |  8 | Freaks and Geeks     |          1999 | Comedy    |  2 | Wyatt      | Skaggs    |
| 33 |    8.5 |         8 |           4 |  8 | Freaks and Geeks     |          1999 | Comedy    |  1 | Thomas     | Stoneman  |
| 34 |    7.8 |         8 |           2 |  8 | Freaks and Geeks     |          1999 | Comedy    |  7 | Marlon     | Crafford  |
| 34 |    7.8 |         8 |           2 |  8 | Freaks and Geeks     |          1999 | Comedy    |  6 | Pinkie     | Petit     |
| 34 |    7.8 |         8 |           2 |  8 | Freaks and Geeks     |          1999 | Comedy    |  5 | Colt       | Steele    |
| 34 |    7.8 |         8 |           2 |  8 | Freaks and Geeks     |          1999 | Comedy    |  4 | Domingo    | Cortes    |
| 34 |    7.8 |         8 |           2 |  8 | Freaks and Geeks     |          1999 | Comedy    |  3 | Kimbra     | Masters   |
| 34 |    7.8 |         8 |           2 |  8 | Freaks and Geeks     |          1999 | Comedy    |  2 | Wyatt      | Skaggs    |
| 34 |    7.8 |         8 |           2 |  8 | Freaks and Geeks     |          1999 | Comedy    |  1 | Thomas     | Stoneman  |
| 35 |    8.8 |         8 |           6 |  8 | Freaks and Geeks     |          1999 | Comedy    |  7 | Marlon     | Crafford  |
| 35 |    8.8 |         8 |           6 |  8 | Freaks and Geeks     |          1999 | Comedy    |  6 | Pinkie     | Petit     |
| 35 |    8.8 |         8 |           6 |  8 | Freaks and Geeks     |          1999 | Comedy    |  5 | Colt       | Steele    |
| 35 |    8.8 |         8 |           6 |  8 | Freaks and Geeks     |          1999 | Comedy    |  4 | Domingo    | Cortes    |
| 35 |    8.8 |         8 |           6 |  8 | Freaks and Geeks     |          1999 | Comedy    |  3 | Kimbra     | Masters   |
| 35 |    8.8 |         8 |           6 |  8 | Freaks and Geeks     |          1999 | Comedy    |  2 | Wyatt      | Skaggs    |
| 35 |    8.8 |         8 |           6 |  8 | Freaks and Geeks     |          1999 | Comedy    |  1 | Thomas     | Stoneman  |
| 36 |    9.3 |         8 |           5 |  8 | Freaks and Geeks     |          1999 | Comedy    |  7 | Marlon     | Crafford  |
| 36 |    9.3 |         8 |           5 |  8 | Freaks and Geeks     |          1999 | Comedy    |  6 | Pinkie     | Petit     |
| 36 |    9.3 |         8 |           5 |  8 | Freaks and Geeks     |          1999 | Comedy    |  5 | Colt       | Steele    |
| 36 |    9.3 |         8 |           5 |  8 | Freaks and Geeks     |          1999 | Comedy    |  4 | Domingo    | Cortes    |
| 36 |    9.3 |         8 |           5 |  8 | Freaks and Geeks     |          1999 | Comedy    |  3 | Kimbra     | Masters   |
| 36 |    9.3 |         8 |           5 |  8 | Freaks and Geeks     |          1999 | Comedy    |  2 | Wyatt      | Skaggs    |
| 36 |    9.3 |         8 |           5 |  8 | Freaks and Geeks     |          1999 | Comedy    |  1 | Thomas     | Stoneman  |
| 37 |    5.5 |         9 |           2 |  9 | General Hospital     |          1963 | Drama     |  7 | Marlon     | Crafford  |
| 37 |    5.5 |         9 |           2 |  9 | General Hospital     |          1963 | Drama     |  6 | Pinkie     | Petit     |
| 37 |    5.5 |         9 |           2 |  9 | General Hospital     |          1963 | Drama     |  5 | Colt       | Steele    |
| 37 |    5.5 |         9 |           2 |  9 | General Hospital     |          1963 | Drama     |  4 | Domingo    | Cortes    |
| 37 |    5.5 |         9 |           2 |  9 | General Hospital     |          1963 | Drama     |  3 | Kimbra     | Masters   |
| 37 |    5.5 |         9 |           2 |  9 | General Hospital     |          1963 | Drama     |  2 | Wyatt      | Skaggs    |
| 37 |    5.5 |         9 |           2 |  9 | General Hospital     |          1963 | Drama     |  1 | Thomas     | Stoneman  |
| 38 |    6.8 |         9 |           3 |  9 | General Hospital     |          1963 | Drama     |  7 | Marlon     | Crafford  |
| 38 |    6.8 |         9 |           3 |  9 | General Hospital     |          1963 | Drama     |  6 | Pinkie     | Petit     |
| 38 |    6.8 |         9 |           3 |  9 | General Hospital     |          1963 | Drama     |  5 | Colt       | Steele    |
| 38 |    6.8 |         9 |           3 |  9 | General Hospital     |          1963 | Drama     |  4 | Domingo    | Cortes    |
| 38 |    6.8 |         9 |           3 |  9 | General Hospital     |          1963 | Drama     |  3 | Kimbra     | Masters   |
| 38 |    6.8 |         9 |           3 |  9 | General Hospital     |          1963 | Drama     |  2 | Wyatt      | Skaggs    |
| 38 |    6.8 |         9 |           3 |  9 | General Hospital     |          1963 | Drama     |  1 | Thomas     | Stoneman  |
| 39 |    5.8 |         9 |           4 |  9 | General Hospital     |          1963 | Drama     |  7 | Marlon     | Crafford  |
| 39 |    5.8 |         9 |           4 |  9 | General Hospital     |          1963 | Drama     |  6 | Pinkie     | Petit     |
| 39 |    5.8 |         9 |           4 |  9 | General Hospital     |          1963 | Drama     |  5 | Colt       | Steele    |
| 39 |    5.8 |         9 |           4 |  9 | General Hospital     |          1963 | Drama     |  4 | Domingo    | Cortes    |
| 39 |    5.8 |         9 |           4 |  9 | General Hospital     |          1963 | Drama     |  3 | Kimbra     | Masters   |
| 39 |    5.8 |         9 |           4 |  9 | General Hospital     |          1963 | Drama     |  2 | Wyatt      | Skaggs    |
| 39 |    5.8 |         9 |           4 |  9 | General Hospital     |          1963 | Drama     |  1 | Thomas     | Stoneman  |
| 40 |    4.3 |         9 |           6 |  9 | General Hospital     |          1963 | Drama     |  7 | Marlon     | Crafford  |
| 40 |    4.3 |         9 |           6 |  9 | General Hospital     |          1963 | Drama     |  6 | Pinkie     | Petit     |
| 40 |    4.3 |         9 |           6 |  9 | General Hospital     |          1963 | Drama     |  5 | Colt       | Steele    |
| 40 |    4.3 |         9 |           6 |  9 | General Hospital     |          1963 | Drama     |  4 | Domingo    | Cortes    |
| 40 |    4.3 |         9 |           6 |  9 | General Hospital     |          1963 | Drama     |  3 | Kimbra     | Masters   |
| 40 |    4.3 |         9 |           6 |  9 | General Hospital     |          1963 | Drama     |  2 | Wyatt      | Skaggs    |
| 40 |    4.3 |         9 |           6 |  9 | General Hospital     |          1963 | Drama     |  1 | Thomas     | Stoneman  |
| 41 |    4.5 |         9 |           5 |  9 | General Hospital     |          1963 | Drama     |  7 | Marlon     | Crafford  |
| 41 |    4.5 |         9 |           5 |  9 | General Hospital     |          1963 | Drama     |  6 | Pinkie     | Petit     |
| 41 |    4.5 |         9 |           5 |  9 | General Hospital     |          1963 | Drama     |  5 | Colt       | Steele    |
| 41 |    4.5 |         9 |           5 |  9 | General Hospital     |          1963 | Drama     |  4 | Domingo    | Cortes    |
| 41 |    4.5 |         9 |           5 |  9 | General Hospital     |          1963 | Drama     |  3 | Kimbra     | Masters   |
| 41 |    4.5 |         9 |           5 |  9 | General Hospital     |          1963 | Drama     |  2 | Wyatt      | Skaggs    |
| 41 |    4.5 |         9 |           5 |  9 | General Hospital     |          1963 | Drama     |  1 | Thomas     | Stoneman  |
| 42 |    9.9 |        10 |           5 | 10 | Halt and Catch Fire  |          2014 | Drama     |  7 | Marlon     | Crafford  |
| 42 |    9.9 |        10 |           5 | 10 | Halt and Catch Fire  |          2014 | Drama     |  6 | Pinkie     | Petit     |
| 42 |    9.9 |        10 |           5 | 10 | Halt and Catch Fire  |          2014 | Drama     |  5 | Colt       | Steele    |
| 42 |    9.9 |        10 |           5 | 10 | Halt and Catch Fire  |          2014 | Drama     |  4 | Domingo    | Cortes    |
| 42 |    9.9 |        10 |           5 | 10 | Halt and Catch Fire  |          2014 | Drama     |  3 | Kimbra     | Masters   |
| 42 |    9.9 |        10 |           5 | 10 | Halt and Catch Fire  |          2014 | Drama     |  2 | Wyatt      | Skaggs    |
| 42 |    9.9 |        10 |           5 | 10 | Halt and Catch Fire  |          2014 | Drama     |  1 | Thomas     | Stoneman  |
| 43 |    8.0 |        13 |           3 | 13 | Seinfeld             |          1989 | Comedy    |  7 | Marlon     | Crafford  |
| 43 |    8.0 |        13 |           3 | 13 | Seinfeld             |          1989 | Comedy    |  6 | Pinkie     | Petit     |
| 43 |    8.0 |        13 |           3 | 13 | Seinfeld             |          1989 | Comedy    |  5 | Colt       | Steele    |
| 43 |    8.0 |        13 |           3 | 13 | Seinfeld             |          1989 | Comedy    |  4 | Domingo    | Cortes    |
| 43 |    8.0 |        13 |           3 | 13 | Seinfeld             |          1989 | Comedy    |  3 | Kimbra     | Masters   |
| 43 |    8.0 |        13 |           3 | 13 | Seinfeld             |          1989 | Comedy    |  2 | Wyatt      | Skaggs    |
| 43 |    8.0 |        13 |           3 | 13 | Seinfeld             |          1989 | Comedy    |  1 | Thomas     | Stoneman  |
| 44 |    7.2 |        13 |           4 | 13 | Seinfeld             |          1989 | Comedy    |  7 | Marlon     | Crafford  |
| 44 |    7.2 |        13 |           4 | 13 | Seinfeld             |          1989 | Comedy    |  6 | Pinkie     | Petit     |
| 44 |    7.2 |        13 |           4 | 13 | Seinfeld             |          1989 | Comedy    |  5 | Colt       | Steele    |
| 44 |    7.2 |        13 |           4 | 13 | Seinfeld             |          1989 | Comedy    |  4 | Domingo    | Cortes    |
| 44 |    7.2 |        13 |           4 | 13 | Seinfeld             |          1989 | Comedy    |  3 | Kimbra     | Masters   |
| 44 |    7.2 |        13 |           4 | 13 | Seinfeld             |          1989 | Comedy    |  2 | Wyatt      | Skaggs    |
| 44 |    7.2 |        13 |           4 | 13 | Seinfeld             |          1989 | Comedy    |  1 | Thomas     | Stoneman  |
| 45 |    8.5 |        14 |           2 | 14 | Stranger Things      |          2016 | Drama     |  7 | Marlon     | Crafford  |
| 45 |    8.5 |        14 |           2 | 14 | Stranger Things      |          2016 | Drama     |  6 | Pinkie     | Petit     |
| 45 |    8.5 |        14 |           2 | 14 | Stranger Things      |          2016 | Drama     |  5 | Colt       | Steele    |
| 45 |    8.5 |        14 |           2 | 14 | Stranger Things      |          2016 | Drama     |  4 | Domingo    | Cortes    |
| 45 |    8.5 |        14 |           2 | 14 | Stranger Things      |          2016 | Drama     |  3 | Kimbra     | Masters   |
| 45 |    8.5 |        14 |           2 | 14 | Stranger Things      |          2016 | Drama     |  2 | Wyatt      | Skaggs    |
| 45 |    8.5 |        14 |           2 | 14 | Stranger Things      |          2016 | Drama     |  1 | Thomas     | Stoneman  |
| 46 |    8.9 |        14 |           3 | 14 | Stranger Things      |          2016 | Drama     |  7 | Marlon     | Crafford  |
| 46 |    8.9 |        14 |           3 | 14 | Stranger Things      |          2016 | Drama     |  6 | Pinkie     | Petit     |
| 46 |    8.9 |        14 |           3 | 14 | Stranger Things      |          2016 | Drama     |  5 | Colt       | Steele    |
| 46 |    8.9 |        14 |           3 | 14 | Stranger Things      |          2016 | Drama     |  4 | Domingo    | Cortes    |
| 46 |    8.9 |        14 |           3 | 14 | Stranger Things      |          2016 | Drama     |  3 | Kimbra     | Masters   |
| 46 |    8.9 |        14 |           3 | 14 | Stranger Things      |          2016 | Drama     |  2 | Wyatt      | Skaggs    |
| 46 |    8.9 |        14 |           3 | 14 | Stranger Things      |          2016 | Drama     |  1 | Thomas     | Stoneman  |
| 47 |    8.9 |        14 |           4 | 14 | Stranger Things      |          2016 | Drama     |  7 | Marlon     | Crafford  |
| 47 |    8.9 |        14 |           4 | 14 | Stranger Things      |          2016 | Drama     |  6 | Pinkie     | Petit     |
| 47 |    8.9 |        14 |           4 | 14 | Stranger Things      |          2016 | Drama     |  5 | Colt       | Steele    |
| 47 |    8.9 |        14 |           4 | 14 | Stranger Things      |          2016 | Drama     |  4 | Domingo    | Cortes    |
| 47 |    8.9 |        14 |           4 | 14 | Stranger Things      |          2016 | Drama     |  3 | Kimbra     | Masters   |
| 47 |    8.9 |        14 |           4 | 14 | Stranger Things      |          2016 | Drama     |  2 | Wyatt      | Skaggs    |
| 47 |    8.9 |        14 |           4 | 14 | Stranger Things      |          2016 | Drama     |  1 | Thomas     | Stoneman  |
+----+--------+-----------+-------------+----+----------------------+---------------+-----------+----+------------+-----------+
329 rows in set (0.01 sec)

mysql> select * from reviews inner join series on reviews.series_id=series.id inner join reviewers;
+----+--------+-----------+-------------+----+----------------------+---------------+-----------+----+------------+-----------+
| id | rating | series_id | reviewer_id | id | title                | released_year | genre     | id | first_name | last_name |
+----+--------+-----------+-------------+----+----------------------+---------------+-----------+----+------------+-----------+
|  1 |    8.0 |         1 |           1 |  1 | Archer               |          2009 | Animation |  7 | Marlon     | Crafford  |
|  1 |    8.0 |         1 |           1 |  1 | Archer               |          2009 | Animation |  6 | Pinkie     | Petit     |
|  1 |    8.0 |         1 |           1 |  1 | Archer               |          2009 | Animation |  5 | Colt       | Steele    |
|  1 |    8.0 |         1 |           1 |  1 | Archer               |          2009 | Animation |  4 | Domingo    | Cortes    |
|  1 |    8.0 |         1 |           1 |  1 | Archer               |          2009 | Animation |  3 | Kimbra     | Masters   |
|  1 |    8.0 |         1 |           1 |  1 | Archer               |          2009 | Animation |  2 | Wyatt      | Skaggs    |
|  1 |    8.0 |         1 |           1 |  1 | Archer               |          2009 | Animation |  1 | Thomas     | Stoneman  |
|  2 |    7.5 |         1 |           2 |  1 | Archer               |          2009 | Animation |  7 | Marlon     | Crafford  |
|  2 |    7.5 |         1 |           2 |  1 | Archer               |          2009 | Animation |  6 | Pinkie     | Petit     |
|  2 |    7.5 |         1 |           2 |  1 | Archer               |          2009 | Animation |  5 | Colt       | Steele    |
|  2 |    7.5 |         1 |           2 |  1 | Archer               |          2009 | Animation |  4 | Domingo    | Cortes    |
|  2 |    7.5 |         1 |           2 |  1 | Archer               |          2009 | Animation |  3 | Kimbra     | Masters   |
|  2 |    7.5 |         1 |           2 |  1 | Archer               |          2009 | Animation |  2 | Wyatt      | Skaggs    |
|  2 |    7.5 |         1 |           2 |  1 | Archer               |          2009 | Animation |  1 | Thomas     | Stoneman  |
|  3 |    8.5 |         1 |           3 |  1 | Archer               |          2009 | Animation |  7 | Marlon     | Crafford  |
|  3 |    8.5 |         1 |           3 |  1 | Archer               |          2009 | Animation |  6 | Pinkie     | Petit     |
|  3 |    8.5 |         1 |           3 |  1 | Archer               |          2009 | Animation |  5 | Colt       | Steele    |
|  3 |    8.5 |         1 |           3 |  1 | Archer               |          2009 | Animation |  4 | Domingo    | Cortes    |
|  3 |    8.5 |         1 |           3 |  1 | Archer               |          2009 | Animation |  3 | Kimbra     | Masters   |
|  3 |    8.5 |         1 |           3 |  1 | Archer               |          2009 | Animation |  2 | Wyatt      | Skaggs    |
|  3 |    8.5 |         1 |           3 |  1 | Archer               |          2009 | Animation |  1 | Thomas     | Stoneman  |
|  4 |    7.7 |         1 |           4 |  1 | Archer               |          2009 | Animation |  7 | Marlon     | Crafford  |
|  4 |    7.7 |         1 |           4 |  1 | Archer               |          2009 | Animation |  6 | Pinkie     | Petit     |
|  4 |    7.7 |         1 |           4 |  1 | Archer               |          2009 | Animation |  5 | Colt       | Steele    |
|  4 |    7.7 |         1 |           4 |  1 | Archer               |          2009 | Animation |  4 | Domingo    | Cortes    |
|  4 |    7.7 |         1 |           4 |  1 | Archer               |          2009 | Animation |  3 | Kimbra     | Masters   |
|  4 |    7.7 |         1 |           4 |  1 | Archer               |          2009 | Animation |  2 | Wyatt      | Skaggs    |
|  4 |    7.7 |         1 |           4 |  1 | Archer               |          2009 | Animation |  1 | Thomas     | Stoneman  |
|  5 |    8.9 |         1 |           5 |  1 | Archer               |          2009 | Animation |  7 | Marlon     | Crafford  |
|  5 |    8.9 |         1 |           5 |  1 | Archer               |          2009 | Animation |  6 | Pinkie     | Petit     |
|  5 |    8.9 |         1 |           5 |  1 | Archer               |          2009 | Animation |  5 | Colt       | Steele    |
|  5 |    8.9 |         1 |           5 |  1 | Archer               |          2009 | Animation |  4 | Domingo    | Cortes    |
|  5 |    8.9 |         1 |           5 |  1 | Archer               |          2009 | Animation |  3 | Kimbra     | Masters   |
|  5 |    8.9 |         1 |           5 |  1 | Archer               |          2009 | Animation |  2 | Wyatt      | Skaggs    |
|  5 |    8.9 |         1 |           5 |  1 | Archer               |          2009 | Animation |  1 | Thomas     | Stoneman  |
|  6 |    8.1 |         2 |           1 |  2 | Arrested Development |          2003 | Comedy    |  7 | Marlon     | Crafford  |
|  6 |    8.1 |         2 |           1 |  2 | Arrested Development |          2003 | Comedy    |  6 | Pinkie     | Petit     |
|  6 |    8.1 |         2 |           1 |  2 | Arrested Development |          2003 | Comedy    |  5 | Colt       | Steele    |
|  6 |    8.1 |         2 |           1 |  2 | Arrested Development |          2003 | Comedy    |  4 | Domingo    | Cortes    |
|  6 |    8.1 |         2 |           1 |  2 | Arrested Development |          2003 | Comedy    |  3 | Kimbra     | Masters   |
|  6 |    8.1 |         2 |           1 |  2 | Arrested Development |          2003 | Comedy    |  2 | Wyatt      | Skaggs    |
|  6 |    8.1 |         2 |           1 |  2 | Arrested Development |          2003 | Comedy    |  1 | Thomas     | Stoneman  |
|  7 |    6.0 |         2 |           4 |  2 | Arrested Development |          2003 | Comedy    |  7 | Marlon     | Crafford  |
|  7 |    6.0 |         2 |           4 |  2 | Arrested Development |          2003 | Comedy    |  6 | Pinkie     | Petit     |
|  7 |    6.0 |         2 |           4 |  2 | Arrested Development |          2003 | Comedy    |  5 | Colt       | Steele    |
|  7 |    6.0 |         2 |           4 |  2 | Arrested Development |          2003 | Comedy    |  4 | Domingo    | Cortes    |
|  7 |    6.0 |         2 |           4 |  2 | Arrested Development |          2003 | Comedy    |  3 | Kimbra     | Masters   |
|  7 |    6.0 |         2 |           4 |  2 | Arrested Development |          2003 | Comedy    |  2 | Wyatt      | Skaggs    |
|  7 |    6.0 |         2 |           4 |  2 | Arrested Development |          2003 | Comedy    |  1 | Thomas     | Stoneman  |
|  8 |    8.0 |         2 |           3 |  2 | Arrested Development |          2003 | Comedy    |  7 | Marlon     | Crafford  |
|  8 |    8.0 |         2 |           3 |  2 | Arrested Development |          2003 | Comedy    |  6 | Pinkie     | Petit     |
|  8 |    8.0 |         2 |           3 |  2 | Arrested Development |          2003 | Comedy    |  5 | Colt       | Steele    |
|  8 |    8.0 |         2 |           3 |  2 | Arrested Development |          2003 | Comedy    |  4 | Domingo    | Cortes    |
|  8 |    8.0 |         2 |           3 |  2 | Arrested Development |          2003 | Comedy    |  3 | Kimbra     | Masters   |
|  8 |    8.0 |         2 |           3 |  2 | Arrested Development |          2003 | Comedy    |  2 | Wyatt      | Skaggs    |
|  8 |    8.0 |         2 |           3 |  2 | Arrested Development |          2003 | Comedy    |  1 | Thomas     | Stoneman  |
|  9 |    8.4 |         2 |           6 |  2 | Arrested Development |          2003 | Comedy    |  7 | Marlon     | Crafford  |
|  9 |    8.4 |         2 |           6 |  2 | Arrested Development |          2003 | Comedy    |  6 | Pinkie     | Petit     |
|  9 |    8.4 |         2 |           6 |  2 | Arrested Development |          2003 | Comedy    |  5 | Colt       | Steele    |
|  9 |    8.4 |         2 |           6 |  2 | Arrested Development |          2003 | Comedy    |  4 | Domingo    | Cortes    |
|  9 |    8.4 |         2 |           6 |  2 | Arrested Development |          2003 | Comedy    |  3 | Kimbra     | Masters   |
|  9 |    8.4 |         2 |           6 |  2 | Arrested Development |          2003 | Comedy    |  2 | Wyatt      | Skaggs    |
|  9 |    8.4 |         2 |           6 |  2 | Arrested Development |          2003 | Comedy    |  1 | Thomas     | Stoneman  |
| 10 |    9.9 |         2 |           5 |  2 | Arrested Development |          2003 | Comedy    |  7 | Marlon     | Crafford  |
| 10 |    9.9 |         2 |           5 |  2 | Arrested Development |          2003 | Comedy    |  6 | Pinkie     | Petit     |
| 10 |    9.9 |         2 |           5 |  2 | Arrested Development |          2003 | Comedy    |  5 | Colt       | Steele    |
| 10 |    9.9 |         2 |           5 |  2 | Arrested Development |          2003 | Comedy    |  4 | Domingo    | Cortes    |
| 10 |    9.9 |         2 |           5 |  2 | Arrested Development |          2003 | Comedy    |  3 | Kimbra     | Masters   |
| 10 |    9.9 |         2 |           5 |  2 | Arrested Development |          2003 | Comedy    |  2 | Wyatt      | Skaggs    |
| 10 |    9.9 |         2 |           5 |  2 | Arrested Development |          2003 | Comedy    |  1 | Thomas     | Stoneman  |
| 11 |    7.0 |         3 |           1 |  3 | Bob's Burgers        |          2011 | Animation |  7 | Marlon     | Crafford  |
| 11 |    7.0 |         3 |           1 |  3 | Bob's Burgers        |          2011 | Animation |  6 | Pinkie     | Petit     |
| 11 |    7.0 |         3 |           1 |  3 | Bob's Burgers        |          2011 | Animation |  5 | Colt       | Steele    |
| 11 |    7.0 |         3 |           1 |  3 | Bob's Burgers        |          2011 | Animation |  4 | Domingo    | Cortes    |
| 11 |    7.0 |         3 |           1 |  3 | Bob's Burgers        |          2011 | Animation |  3 | Kimbra     | Masters   |
| 11 |    7.0 |         3 |           1 |  3 | Bob's Burgers        |          2011 | Animation |  2 | Wyatt      | Skaggs    |
| 11 |    7.0 |         3 |           1 |  3 | Bob's Burgers        |          2011 | Animation |  1 | Thomas     | Stoneman  |
| 12 |    7.5 |         3 |           6 |  3 | Bob's Burgers        |          2011 | Animation |  7 | Marlon     | Crafford  |
| 12 |    7.5 |         3 |           6 |  3 | Bob's Burgers        |          2011 | Animation |  6 | Pinkie     | Petit     |
| 12 |    7.5 |         3 |           6 |  3 | Bob's Burgers        |          2011 | Animation |  5 | Colt       | Steele    |
| 12 |    7.5 |         3 |           6 |  3 | Bob's Burgers        |          2011 | Animation |  4 | Domingo    | Cortes    |
| 12 |    7.5 |         3 |           6 |  3 | Bob's Burgers        |          2011 | Animation |  3 | Kimbra     | Masters   |
| 12 |    7.5 |         3 |           6 |  3 | Bob's Burgers        |          2011 | Animation |  2 | Wyatt      | Skaggs    |
| 12 |    7.5 |         3 |           6 |  3 | Bob's Burgers        |          2011 | Animation |  1 | Thomas     | Stoneman  |
| 13 |    8.0 |         3 |           4 |  3 | Bob's Burgers        |          2011 | Animation |  7 | Marlon     | Crafford  |
| 13 |    8.0 |         3 |           4 |  3 | Bob's Burgers        |          2011 | Animation |  6 | Pinkie     | Petit     |
| 13 |    8.0 |         3 |           4 |  3 | Bob's Burgers        |          2011 | Animation |  5 | Colt       | Steele    |
| 13 |    8.0 |         3 |           4 |  3 | Bob's Burgers        |          2011 | Animation |  4 | Domingo    | Cortes    |
| 13 |    8.0 |         3 |           4 |  3 | Bob's Burgers        |          2011 | Animation |  3 | Kimbra     | Masters   |
| 13 |    8.0 |         3 |           4 |  3 | Bob's Burgers        |          2011 | Animation |  2 | Wyatt      | Skaggs    |
| 13 |    8.0 |         3 |           4 |  3 | Bob's Burgers        |          2011 | Animation |  1 | Thomas     | Stoneman  |
| 14 |    7.1 |         3 |           3 |  3 | Bob's Burgers        |          2011 | Animation |  7 | Marlon     | Crafford  |
| 14 |    7.1 |         3 |           3 |  3 | Bob's Burgers        |          2011 | Animation |  6 | Pinkie     | Petit     |
| 14 |    7.1 |         3 |           3 |  3 | Bob's Burgers        |          2011 | Animation |  5 | Colt       | Steele    |
| 14 |    7.1 |         3 |           3 |  3 | Bob's Burgers        |          2011 | Animation |  4 | Domingo    | Cortes    |
| 14 |    7.1 |         3 |           3 |  3 | Bob's Burgers        |          2011 | Animation |  3 | Kimbra     | Masters   |
| 14 |    7.1 |         3 |           3 |  3 | Bob's Burgers        |          2011 | Animation |  2 | Wyatt      | Skaggs    |
| 14 |    7.1 |         3 |           3 |  3 | Bob's Burgers        |          2011 | Animation |  1 | Thomas     | Stoneman  |
| 15 |    8.0 |         3 |           5 |  3 | Bob's Burgers        |          2011 | Animation |  7 | Marlon     | Crafford  |
| 15 |    8.0 |         3 |           5 |  3 | Bob's Burgers        |          2011 | Animation |  6 | Pinkie     | Petit     |
| 15 |    8.0 |         3 |           5 |  3 | Bob's Burgers        |          2011 | Animation |  5 | Colt       | Steele    |
| 15 |    8.0 |         3 |           5 |  3 | Bob's Burgers        |          2011 | Animation |  4 | Domingo    | Cortes    |
| 15 |    8.0 |         3 |           5 |  3 | Bob's Burgers        |          2011 | Animation |  3 | Kimbra     | Masters   |
| 15 |    8.0 |         3 |           5 |  3 | Bob's Burgers        |          2011 | Animation |  2 | Wyatt      | Skaggs    |
| 15 |    8.0 |         3 |           5 |  3 | Bob's Burgers        |          2011 | Animation |  1 | Thomas     | Stoneman  |
| 16 |    7.5 |         4 |           1 |  4 | Bojack Horseman      |          2014 | Animation |  7 | Marlon     | Crafford  |
| 16 |    7.5 |         4 |           1 |  4 | Bojack Horseman      |          2014 | Animation |  6 | Pinkie     | Petit     |
| 16 |    7.5 |         4 |           1 |  4 | Bojack Horseman      |          2014 | Animation |  5 | Colt       | Steele    |
| 16 |    7.5 |         4 |           1 |  4 | Bojack Horseman      |          2014 | Animation |  4 | Domingo    | Cortes    |
| 16 |    7.5 |         4 |           1 |  4 | Bojack Horseman      |          2014 | Animation |  3 | Kimbra     | Masters   |
| 16 |    7.5 |         4 |           1 |  4 | Bojack Horseman      |          2014 | Animation |  2 | Wyatt      | Skaggs    |
| 16 |    7.5 |         4 |           1 |  4 | Bojack Horseman      |          2014 | Animation |  1 | Thomas     | Stoneman  |
| 17 |    7.8 |         4 |           3 |  4 | Bojack Horseman      |          2014 | Animation |  7 | Marlon     | Crafford  |
| 17 |    7.8 |         4 |           3 |  4 | Bojack Horseman      |          2014 | Animation |  6 | Pinkie     | Petit     |
| 17 |    7.8 |         4 |           3 |  4 | Bojack Horseman      |          2014 | Animation |  5 | Colt       | Steele    |
| 17 |    7.8 |         4 |           3 |  4 | Bojack Horseman      |          2014 | Animation |  4 | Domingo    | Cortes    |
| 17 |    7.8 |         4 |           3 |  4 | Bojack Horseman      |          2014 | Animation |  3 | Kimbra     | Masters   |
| 17 |    7.8 |         4 |           3 |  4 | Bojack Horseman      |          2014 | Animation |  2 | Wyatt      | Skaggs    |
| 17 |    7.8 |         4 |           3 |  4 | Bojack Horseman      |          2014 | Animation |  1 | Thomas     | Stoneman  |
| 18 |    8.3 |         4 |           4 |  4 | Bojack Horseman      |          2014 | Animation |  7 | Marlon     | Crafford  |
| 18 |    8.3 |         4 |           4 |  4 | Bojack Horseman      |          2014 | Animation |  6 | Pinkie     | Petit     |
| 18 |    8.3 |         4 |           4 |  4 | Bojack Horseman      |          2014 | Animation |  5 | Colt       | Steele    |
| 18 |    8.3 |         4 |           4 |  4 | Bojack Horseman      |          2014 | Animation |  4 | Domingo    | Cortes    |
| 18 |    8.3 |         4 |           4 |  4 | Bojack Horseman      |          2014 | Animation |  3 | Kimbra     | Masters   |
| 18 |    8.3 |         4 |           4 |  4 | Bojack Horseman      |          2014 | Animation |  2 | Wyatt      | Skaggs    |
| 18 |    8.3 |         4 |           4 |  4 | Bojack Horseman      |          2014 | Animation |  1 | Thomas     | Stoneman  |
| 19 |    7.6 |         4 |           2 |  4 | Bojack Horseman      |          2014 | Animation |  7 | Marlon     | Crafford  |
| 19 |    7.6 |         4 |           2 |  4 | Bojack Horseman      |          2014 | Animation |  6 | Pinkie     | Petit     |
| 19 |    7.6 |         4 |           2 |  4 | Bojack Horseman      |          2014 | Animation |  5 | Colt       | Steele    |
| 19 |    7.6 |         4 |           2 |  4 | Bojack Horseman      |          2014 | Animation |  4 | Domingo    | Cortes    |
| 19 |    7.6 |         4 |           2 |  4 | Bojack Horseman      |          2014 | Animation |  3 | Kimbra     | Masters   |
| 19 |    7.6 |         4 |           2 |  4 | Bojack Horseman      |          2014 | Animation |  2 | Wyatt      | Skaggs    |
| 19 |    7.6 |         4 |           2 |  4 | Bojack Horseman      |          2014 | Animation |  1 | Thomas     | Stoneman  |
| 20 |    8.5 |         4 |           5 |  4 | Bojack Horseman      |          2014 | Animation |  7 | Marlon     | Crafford  |
| 20 |    8.5 |         4 |           5 |  4 | Bojack Horseman      |          2014 | Animation |  6 | Pinkie     | Petit     |
| 20 |    8.5 |         4 |           5 |  4 | Bojack Horseman      |          2014 | Animation |  5 | Colt       | Steele    |
| 20 |    8.5 |         4 |           5 |  4 | Bojack Horseman      |          2014 | Animation |  4 | Domingo    | Cortes    |
| 20 |    8.5 |         4 |           5 |  4 | Bojack Horseman      |          2014 | Animation |  3 | Kimbra     | Masters   |
| 20 |    8.5 |         4 |           5 |  4 | Bojack Horseman      |          2014 | Animation |  2 | Wyatt      | Skaggs    |
| 20 |    8.5 |         4 |           5 |  4 | Bojack Horseman      |          2014 | Animation |  1 | Thomas     | Stoneman  |
| 21 |    9.5 |         5 |           1 |  5 | Breaking Bad         |          2008 | Drama     |  7 | Marlon     | Crafford  |
| 21 |    9.5 |         5 |           1 |  5 | Breaking Bad         |          2008 | Drama     |  6 | Pinkie     | Petit     |
| 21 |    9.5 |         5 |           1 |  5 | Breaking Bad         |          2008 | Drama     |  5 | Colt       | Steele    |
| 21 |    9.5 |         5 |           1 |  5 | Breaking Bad         |          2008 | Drama     |  4 | Domingo    | Cortes    |
| 21 |    9.5 |         5 |           1 |  5 | Breaking Bad         |          2008 | Drama     |  3 | Kimbra     | Masters   |
| 21 |    9.5 |         5 |           1 |  5 | Breaking Bad         |          2008 | Drama     |  2 | Wyatt      | Skaggs    |
| 21 |    9.5 |         5 |           1 |  5 | Breaking Bad         |          2008 | Drama     |  1 | Thomas     | Stoneman  |
| 22 |    9.0 |         5 |           3 |  5 | Breaking Bad         |          2008 | Drama     |  7 | Marlon     | Crafford  |
| 22 |    9.0 |         5 |           3 |  5 | Breaking Bad         |          2008 | Drama     |  6 | Pinkie     | Petit     |
| 22 |    9.0 |         5 |           3 |  5 | Breaking Bad         |          2008 | Drama     |  5 | Colt       | Steele    |
| 22 |    9.0 |         5 |           3 |  5 | Breaking Bad         |          2008 | Drama     |  4 | Domingo    | Cortes    |
| 22 |    9.0 |         5 |           3 |  5 | Breaking Bad         |          2008 | Drama     |  3 | Kimbra     | Masters   |
| 22 |    9.0 |         5 |           3 |  5 | Breaking Bad         |          2008 | Drama     |  2 | Wyatt      | Skaggs    |
| 22 |    9.0 |         5 |           3 |  5 | Breaking Bad         |          2008 | Drama     |  1 | Thomas     | Stoneman  |
| 23 |    9.1 |         5 |           4 |  5 | Breaking Bad         |          2008 | Drama     |  7 | Marlon     | Crafford  |
| 23 |    9.1 |         5 |           4 |  5 | Breaking Bad         |          2008 | Drama     |  6 | Pinkie     | Petit     |
| 23 |    9.1 |         5 |           4 |  5 | Breaking Bad         |          2008 | Drama     |  5 | Colt       | Steele    |
| 23 |    9.1 |         5 |           4 |  5 | Breaking Bad         |          2008 | Drama     |  4 | Domingo    | Cortes    |
| 23 |    9.1 |         5 |           4 |  5 | Breaking Bad         |          2008 | Drama     |  3 | Kimbra     | Masters   |
| 23 |    9.1 |         5 |           4 |  5 | Breaking Bad         |          2008 | Drama     |  2 | Wyatt      | Skaggs    |
| 23 |    9.1 |         5 |           4 |  5 | Breaking Bad         |          2008 | Drama     |  1 | Thomas     | Stoneman  |
| 24 |    9.3 |         5 |           2 |  5 | Breaking Bad         |          2008 | Drama     |  7 | Marlon     | Crafford  |
| 24 |    9.3 |         5 |           2 |  5 | Breaking Bad         |          2008 | Drama     |  6 | Pinkie     | Petit     |
| 24 |    9.3 |         5 |           2 |  5 | Breaking Bad         |          2008 | Drama     |  5 | Colt       | Steele    |
| 24 |    9.3 |         5 |           2 |  5 | Breaking Bad         |          2008 | Drama     |  4 | Domingo    | Cortes    |
| 24 |    9.3 |         5 |           2 |  5 | Breaking Bad         |          2008 | Drama     |  3 | Kimbra     | Masters   |
| 24 |    9.3 |         5 |           2 |  5 | Breaking Bad         |          2008 | Drama     |  2 | Wyatt      | Skaggs    |
| 24 |    9.3 |         5 |           2 |  5 | Breaking Bad         |          2008 | Drama     |  1 | Thomas     | Stoneman  |
| 25 |    9.9 |         5 |           5 |  5 | Breaking Bad         |          2008 | Drama     |  7 | Marlon     | Crafford  |
| 25 |    9.9 |         5 |           5 |  5 | Breaking Bad         |          2008 | Drama     |  6 | Pinkie     | Petit     |
| 25 |    9.9 |         5 |           5 |  5 | Breaking Bad         |          2008 | Drama     |  5 | Colt       | Steele    |
| 25 |    9.9 |         5 |           5 |  5 | Breaking Bad         |          2008 | Drama     |  4 | Domingo    | Cortes    |
| 25 |    9.9 |         5 |           5 |  5 | Breaking Bad         |          2008 | Drama     |  3 | Kimbra     | Masters   |
| 25 |    9.9 |         5 |           5 |  5 | Breaking Bad         |          2008 | Drama     |  2 | Wyatt      | Skaggs    |
| 25 |    9.9 |         5 |           5 |  5 | Breaking Bad         |          2008 | Drama     |  1 | Thomas     | Stoneman  |
| 26 |    6.5 |         6 |           2 |  6 | Curb Your Enthusiasm |          2000 | Comedy    |  7 | Marlon     | Crafford  |
| 26 |    6.5 |         6 |           2 |  6 | Curb Your Enthusiasm |          2000 | Comedy    |  6 | Pinkie     | Petit     |
| 26 |    6.5 |         6 |           2 |  6 | Curb Your Enthusiasm |          2000 | Comedy    |  5 | Colt       | Steele    |
| 26 |    6.5 |         6 |           2 |  6 | Curb Your Enthusiasm |          2000 | Comedy    |  4 | Domingo    | Cortes    |
| 26 |    6.5 |         6 |           2 |  6 | Curb Your Enthusiasm |          2000 | Comedy    |  3 | Kimbra     | Masters   |
| 26 |    6.5 |         6 |           2 |  6 | Curb Your Enthusiasm |          2000 | Comedy    |  2 | Wyatt      | Skaggs    |
| 26 |    6.5 |         6 |           2 |  6 | Curb Your Enthusiasm |          2000 | Comedy    |  1 | Thomas     | Stoneman  |
| 27 |    7.8 |         6 |           3 |  6 | Curb Your Enthusiasm |          2000 | Comedy    |  7 | Marlon     | Crafford  |
| 27 |    7.8 |         6 |           3 |  6 | Curb Your Enthusiasm |          2000 | Comedy    |  6 | Pinkie     | Petit     |
| 27 |    7.8 |         6 |           3 |  6 | Curb Your Enthusiasm |          2000 | Comedy    |  5 | Colt       | Steele    |
| 27 |    7.8 |         6 |           3 |  6 | Curb Your Enthusiasm |          2000 | Comedy    |  4 | Domingo    | Cortes    |
| 27 |    7.8 |         6 |           3 |  6 | Curb Your Enthusiasm |          2000 | Comedy    |  3 | Kimbra     | Masters   |
| 27 |    7.8 |         6 |           3 |  6 | Curb Your Enthusiasm |          2000 | Comedy    |  2 | Wyatt      | Skaggs    |
| 27 |    7.8 |         6 |           3 |  6 | Curb Your Enthusiasm |          2000 | Comedy    |  1 | Thomas     | Stoneman  |
| 28 |    8.8 |         6 |           4 |  6 | Curb Your Enthusiasm |          2000 | Comedy    |  7 | Marlon     | Crafford  |
| 28 |    8.8 |         6 |           4 |  6 | Curb Your Enthusiasm |          2000 | Comedy    |  6 | Pinkie     | Petit     |
| 28 |    8.8 |         6 |           4 |  6 | Curb Your Enthusiasm |          2000 | Comedy    |  5 | Colt       | Steele    |
| 28 |    8.8 |         6 |           4 |  6 | Curb Your Enthusiasm |          2000 | Comedy    |  4 | Domingo    | Cortes    |
| 28 |    8.8 |         6 |           4 |  6 | Curb Your Enthusiasm |          2000 | Comedy    |  3 | Kimbra     | Masters   |
| 28 |    8.8 |         6 |           4 |  6 | Curb Your Enthusiasm |          2000 | Comedy    |  2 | Wyatt      | Skaggs    |
| 28 |    8.8 |         6 |           4 |  6 | Curb Your Enthusiasm |          2000 | Comedy    |  1 | Thomas     | Stoneman  |
| 29 |    8.4 |         6 |           2 |  6 | Curb Your Enthusiasm |          2000 | Comedy    |  7 | Marlon     | Crafford  |
| 29 |    8.4 |         6 |           2 |  6 | Curb Your Enthusiasm |          2000 | Comedy    |  6 | Pinkie     | Petit     |
| 29 |    8.4 |         6 |           2 |  6 | Curb Your Enthusiasm |          2000 | Comedy    |  5 | Colt       | Steele    |
| 29 |    8.4 |         6 |           2 |  6 | Curb Your Enthusiasm |          2000 | Comedy    |  4 | Domingo    | Cortes    |
| 29 |    8.4 |         6 |           2 |  6 | Curb Your Enthusiasm |          2000 | Comedy    |  3 | Kimbra     | Masters   |
| 29 |    8.4 |         6 |           2 |  6 | Curb Your Enthusiasm |          2000 | Comedy    |  2 | Wyatt      | Skaggs    |
| 29 |    8.4 |         6 |           2 |  6 | Curb Your Enthusiasm |          2000 | Comedy    |  1 | Thomas     | Stoneman  |
| 30 |    9.1 |         6 |           5 |  6 | Curb Your Enthusiasm |          2000 | Comedy    |  7 | Marlon     | Crafford  |
| 30 |    9.1 |         6 |           5 |  6 | Curb Your Enthusiasm |          2000 | Comedy    |  6 | Pinkie     | Petit     |
| 30 |    9.1 |         6 |           5 |  6 | Curb Your Enthusiasm |          2000 | Comedy    |  5 | Colt       | Steele    |
| 30 |    9.1 |         6 |           5 |  6 | Curb Your Enthusiasm |          2000 | Comedy    |  4 | Domingo    | Cortes    |
| 30 |    9.1 |         6 |           5 |  6 | Curb Your Enthusiasm |          2000 | Comedy    |  3 | Kimbra     | Masters   |
| 30 |    9.1 |         6 |           5 |  6 | Curb Your Enthusiasm |          2000 | Comedy    |  2 | Wyatt      | Skaggs    |
| 30 |    9.1 |         6 |           5 |  6 | Curb Your Enthusiasm |          2000 | Comedy    |  1 | Thomas     | Stoneman  |
| 31 |    9.1 |         7 |           2 |  7 | Fargo                |          2014 | Drama     |  7 | Marlon     | Crafford  |
| 31 |    9.1 |         7 |           2 |  7 | Fargo                |          2014 | Drama     |  6 | Pinkie     | Petit     |
| 31 |    9.1 |         7 |           2 |  7 | Fargo                |          2014 | Drama     |  5 | Colt       | Steele    |
| 31 |    9.1 |         7 |           2 |  7 | Fargo                |          2014 | Drama     |  4 | Domingo    | Cortes    |
| 31 |    9.1 |         7 |           2 |  7 | Fargo                |          2014 | Drama     |  3 | Kimbra     | Masters   |
| 31 |    9.1 |         7 |           2 |  7 | Fargo                |          2014 | Drama     |  2 | Wyatt      | Skaggs    |
| 31 |    9.1 |         7 |           2 |  7 | Fargo                |          2014 | Drama     |  1 | Thomas     | Stoneman  |
| 32 |    9.7 |         7 |           5 |  7 | Fargo                |          2014 | Drama     |  7 | Marlon     | Crafford  |
| 32 |    9.7 |         7 |           5 |  7 | Fargo                |          2014 | Drama     |  6 | Pinkie     | Petit     |
| 32 |    9.7 |         7 |           5 |  7 | Fargo                |          2014 | Drama     |  5 | Colt       | Steele    |
| 32 |    9.7 |         7 |           5 |  7 | Fargo                |          2014 | Drama     |  4 | Domingo    | Cortes    |
| 32 |    9.7 |         7 |           5 |  7 | Fargo                |          2014 | Drama     |  3 | Kimbra     | Masters   |
| 32 |    9.7 |         7 |           5 |  7 | Fargo                |          2014 | Drama     |  2 | Wyatt      | Skaggs    |
| 32 |    9.7 |         7 |           5 |  7 | Fargo                |          2014 | Drama     |  1 | Thomas     | Stoneman  |
| 33 |    8.5 |         8 |           4 |  8 | Freaks and Geeks     |          1999 | Comedy    |  7 | Marlon     | Crafford  |
| 33 |    8.5 |         8 |           4 |  8 | Freaks and Geeks     |          1999 | Comedy    |  6 | Pinkie     | Petit     |
| 33 |    8.5 |         8 |           4 |  8 | Freaks and Geeks     |          1999 | Comedy    |  5 | Colt       | Steele    |
| 33 |    8.5 |         8 |           4 |  8 | Freaks and Geeks     |          1999 | Comedy    |  4 | Domingo    | Cortes    |
| 33 |    8.5 |         8 |           4 |  8 | Freaks and Geeks     |          1999 | Comedy    |  3 | Kimbra     | Masters   |
| 33 |    8.5 |         8 |           4 |  8 | Freaks and Geeks     |          1999 | Comedy    |  2 | Wyatt      | Skaggs    |
| 33 |    8.5 |         8 |           4 |  8 | Freaks and Geeks     |          1999 | Comedy    |  1 | Thomas     | Stoneman  |
| 34 |    7.8 |         8 |           2 |  8 | Freaks and Geeks     |          1999 | Comedy    |  7 | Marlon     | Crafford  |
| 34 |    7.8 |         8 |           2 |  8 | Freaks and Geeks     |          1999 | Comedy    |  6 | Pinkie     | Petit     |
| 34 |    7.8 |         8 |           2 |  8 | Freaks and Geeks     |          1999 | Comedy    |  5 | Colt       | Steele    |
| 34 |    7.8 |         8 |           2 |  8 | Freaks and Geeks     |          1999 | Comedy    |  4 | Domingo    | Cortes    |
| 34 |    7.8 |         8 |           2 |  8 | Freaks and Geeks     |          1999 | Comedy    |  3 | Kimbra     | Masters   |
| 34 |    7.8 |         8 |           2 |  8 | Freaks and Geeks     |          1999 | Comedy    |  2 | Wyatt      | Skaggs    |
| 34 |    7.8 |         8 |           2 |  8 | Freaks and Geeks     |          1999 | Comedy    |  1 | Thomas     | Stoneman  |
| 35 |    8.8 |         8 |           6 |  8 | Freaks and Geeks     |          1999 | Comedy    |  7 | Marlon     | Crafford  |
| 35 |    8.8 |         8 |           6 |  8 | Freaks and Geeks     |          1999 | Comedy    |  6 | Pinkie     | Petit     |
| 35 |    8.8 |         8 |           6 |  8 | Freaks and Geeks     |          1999 | Comedy    |  5 | Colt       | Steele    |
| 35 |    8.8 |         8 |           6 |  8 | Freaks and Geeks     |          1999 | Comedy    |  4 | Domingo    | Cortes    |
| 35 |    8.8 |         8 |           6 |  8 | Freaks and Geeks     |          1999 | Comedy    |  3 | Kimbra     | Masters   |
| 35 |    8.8 |         8 |           6 |  8 | Freaks and Geeks     |          1999 | Comedy    |  2 | Wyatt      | Skaggs    |
| 35 |    8.8 |         8 |           6 |  8 | Freaks and Geeks     |          1999 | Comedy    |  1 | Thomas     | Stoneman  |
| 36 |    9.3 |         8 |           5 |  8 | Freaks and Geeks     |          1999 | Comedy    |  7 | Marlon     | Crafford  |
| 36 |    9.3 |         8 |           5 |  8 | Freaks and Geeks     |          1999 | Comedy    |  6 | Pinkie     | Petit     |
| 36 |    9.3 |         8 |           5 |  8 | Freaks and Geeks     |          1999 | Comedy    |  5 | Colt       | Steele    |
| 36 |    9.3 |         8 |           5 |  8 | Freaks and Geeks     |          1999 | Comedy    |  4 | Domingo    | Cortes    |
| 36 |    9.3 |         8 |           5 |  8 | Freaks and Geeks     |          1999 | Comedy    |  3 | Kimbra     | Masters   |
| 36 |    9.3 |         8 |           5 |  8 | Freaks and Geeks     |          1999 | Comedy    |  2 | Wyatt      | Skaggs    |
| 36 |    9.3 |         8 |           5 |  8 | Freaks and Geeks     |          1999 | Comedy    |  1 | Thomas     | Stoneman  |
| 37 |    5.5 |         9 |           2 |  9 | General Hospital     |          1963 | Drama     |  7 | Marlon     | Crafford  |
| 37 |    5.5 |         9 |           2 |  9 | General Hospital     |          1963 | Drama     |  6 | Pinkie     | Petit     |
| 37 |    5.5 |         9 |           2 |  9 | General Hospital     |          1963 | Drama     |  5 | Colt       | Steele    |
| 37 |    5.5 |         9 |           2 |  9 | General Hospital     |          1963 | Drama     |  4 | Domingo    | Cortes    |
| 37 |    5.5 |         9 |           2 |  9 | General Hospital     |          1963 | Drama     |  3 | Kimbra     | Masters   |
| 37 |    5.5 |         9 |           2 |  9 | General Hospital     |          1963 | Drama     |  2 | Wyatt      | Skaggs    |
| 37 |    5.5 |         9 |           2 |  9 | General Hospital     |          1963 | Drama     |  1 | Thomas     | Stoneman  |
| 38 |    6.8 |         9 |           3 |  9 | General Hospital     |          1963 | Drama     |  7 | Marlon     | Crafford  |
| 38 |    6.8 |         9 |           3 |  9 | General Hospital     |          1963 | Drama     |  6 | Pinkie     | Petit     |
| 38 |    6.8 |         9 |           3 |  9 | General Hospital     |          1963 | Drama     |  5 | Colt       | Steele    |
| 38 |    6.8 |         9 |           3 |  9 | General Hospital     |          1963 | Drama     |  4 | Domingo    | Cortes    |
| 38 |    6.8 |         9 |           3 |  9 | General Hospital     |          1963 | Drama     |  3 | Kimbra     | Masters   |
| 38 |    6.8 |         9 |           3 |  9 | General Hospital     |          1963 | Drama     |  2 | Wyatt      | Skaggs    |
| 38 |    6.8 |         9 |           3 |  9 | General Hospital     |          1963 | Drama     |  1 | Thomas     | Stoneman  |
| 39 |    5.8 |         9 |           4 |  9 | General Hospital     |          1963 | Drama     |  7 | Marlon     | Crafford  |
| 39 |    5.8 |         9 |           4 |  9 | General Hospital     |          1963 | Drama     |  6 | Pinkie     | Petit     |
| 39 |    5.8 |         9 |           4 |  9 | General Hospital     |          1963 | Drama     |  5 | Colt       | Steele    |
| 39 |    5.8 |         9 |           4 |  9 | General Hospital     |          1963 | Drama     |  4 | Domingo    | Cortes    |
| 39 |    5.8 |         9 |           4 |  9 | General Hospital     |          1963 | Drama     |  3 | Kimbra     | Masters   |
| 39 |    5.8 |         9 |           4 |  9 | General Hospital     |          1963 | Drama     |  2 | Wyatt      | Skaggs    |
| 39 |    5.8 |         9 |           4 |  9 | General Hospital     |          1963 | Drama     |  1 | Thomas     | Stoneman  |
| 40 |    4.3 |         9 |           6 |  9 | General Hospital     |          1963 | Drama     |  7 | Marlon     | Crafford  |
| 40 |    4.3 |         9 |           6 |  9 | General Hospital     |          1963 | Drama     |  6 | Pinkie     | Petit     |
| 40 |    4.3 |         9 |           6 |  9 | General Hospital     |          1963 | Drama     |  5 | Colt       | Steele    |
| 40 |    4.3 |         9 |           6 |  9 | General Hospital     |          1963 | Drama     |  4 | Domingo    | Cortes    |
| 40 |    4.3 |         9 |           6 |  9 | General Hospital     |          1963 | Drama     |  3 | Kimbra     | Masters   |
| 40 |    4.3 |         9 |           6 |  9 | General Hospital     |          1963 | Drama     |  2 | Wyatt      | Skaggs    |
| 40 |    4.3 |         9 |           6 |  9 | General Hospital     |          1963 | Drama     |  1 | Thomas     | Stoneman  |
| 41 |    4.5 |         9 |           5 |  9 | General Hospital     |          1963 | Drama     |  7 | Marlon     | Crafford  |
| 41 |    4.5 |         9 |           5 |  9 | General Hospital     |          1963 | Drama     |  6 | Pinkie     | Petit     |
| 41 |    4.5 |         9 |           5 |  9 | General Hospital     |          1963 | Drama     |  5 | Colt       | Steele    |
| 41 |    4.5 |         9 |           5 |  9 | General Hospital     |          1963 | Drama     |  4 | Domingo    | Cortes    |
| 41 |    4.5 |         9 |           5 |  9 | General Hospital     |          1963 | Drama     |  3 | Kimbra     | Masters   |
| 41 |    4.5 |         9 |           5 |  9 | General Hospital     |          1963 | Drama     |  2 | Wyatt      | Skaggs    |
| 41 |    4.5 |         9 |           5 |  9 | General Hospital     |          1963 | Drama     |  1 | Thomas     | Stoneman  |
| 42 |    9.9 |        10 |           5 | 10 | Halt and Catch Fire  |          2014 | Drama     |  7 | Marlon     | Crafford  |
| 42 |    9.9 |        10 |           5 | 10 | Halt and Catch Fire  |          2014 | Drama     |  6 | Pinkie     | Petit     |
| 42 |    9.9 |        10 |           5 | 10 | Halt and Catch Fire  |          2014 | Drama     |  5 | Colt       | Steele    |
| 42 |    9.9 |        10 |           5 | 10 | Halt and Catch Fire  |          2014 | Drama     |  4 | Domingo    | Cortes    |
| 42 |    9.9 |        10 |           5 | 10 | Halt and Catch Fire  |          2014 | Drama     |  3 | Kimbra     | Masters   |
| 42 |    9.9 |        10 |           5 | 10 | Halt and Catch Fire  |          2014 | Drama     |  2 | Wyatt      | Skaggs    |
| 42 |    9.9 |        10 |           5 | 10 | Halt and Catch Fire  |          2014 | Drama     |  1 | Thomas     | Stoneman  |
| 43 |    8.0 |        13 |           3 | 13 | Seinfeld             |          1989 | Comedy    |  7 | Marlon     | Crafford  |
| 43 |    8.0 |        13 |           3 | 13 | Seinfeld             |          1989 | Comedy    |  6 | Pinkie     | Petit     |
| 43 |    8.0 |        13 |           3 | 13 | Seinfeld             |          1989 | Comedy    |  5 | Colt       | Steele    |
| 43 |    8.0 |        13 |           3 | 13 | Seinfeld             |          1989 | Comedy    |  4 | Domingo    | Cortes    |
| 43 |    8.0 |        13 |           3 | 13 | Seinfeld             |          1989 | Comedy    |  3 | Kimbra     | Masters   |
| 43 |    8.0 |        13 |           3 | 13 | Seinfeld             |          1989 | Comedy    |  2 | Wyatt      | Skaggs    |
| 43 |    8.0 |        13 |           3 | 13 | Seinfeld             |          1989 | Comedy    |  1 | Thomas     | Stoneman  |
| 44 |    7.2 |        13 |           4 | 13 | Seinfeld             |          1989 | Comedy    |  7 | Marlon     | Crafford  |
| 44 |    7.2 |        13 |           4 | 13 | Seinfeld             |          1989 | Comedy    |  6 | Pinkie     | Petit     |
| 44 |    7.2 |        13 |           4 | 13 | Seinfeld             |          1989 | Comedy    |  5 | Colt       | Steele    |
| 44 |    7.2 |        13 |           4 | 13 | Seinfeld             |          1989 | Comedy    |  4 | Domingo    | Cortes    |
| 44 |    7.2 |        13 |           4 | 13 | Seinfeld             |          1989 | Comedy    |  3 | Kimbra     | Masters   |
| 44 |    7.2 |        13 |           4 | 13 | Seinfeld             |          1989 | Comedy    |  2 | Wyatt      | Skaggs    |
| 44 |    7.2 |        13 |           4 | 13 | Seinfeld             |          1989 | Comedy    |  1 | Thomas     | Stoneman  |
| 45 |    8.5 |        14 |           2 | 14 | Stranger Things      |          2016 | Drama     |  7 | Marlon     | Crafford  |
| 45 |    8.5 |        14 |           2 | 14 | Stranger Things      |          2016 | Drama     |  6 | Pinkie     | Petit     |
| 45 |    8.5 |        14 |           2 | 14 | Stranger Things      |          2016 | Drama     |  5 | Colt       | Steele    |
| 45 |    8.5 |        14 |           2 | 14 | Stranger Things      |          2016 | Drama     |  4 | Domingo    | Cortes    |
| 45 |    8.5 |        14 |           2 | 14 | Stranger Things      |          2016 | Drama     |  3 | Kimbra     | Masters   |
| 45 |    8.5 |        14 |           2 | 14 | Stranger Things      |          2016 | Drama     |  2 | Wyatt      | Skaggs    |
| 45 |    8.5 |        14 |           2 | 14 | Stranger Things      |          2016 | Drama     |  1 | Thomas     | Stoneman  |
| 46 |    8.9 |        14 |           3 | 14 | Stranger Things      |          2016 | Drama     |  7 | Marlon     | Crafford  |
| 46 |    8.9 |        14 |           3 | 14 | Stranger Things      |          2016 | Drama     |  6 | Pinkie     | Petit     |
| 46 |    8.9 |        14 |           3 | 14 | Stranger Things      |          2016 | Drama     |  5 | Colt       | Steele    |
| 46 |    8.9 |        14 |           3 | 14 | Stranger Things      |          2016 | Drama     |  4 | Domingo    | Cortes    |
| 46 |    8.9 |        14 |           3 | 14 | Stranger Things      |          2016 | Drama     |  3 | Kimbra     | Masters   |
| 46 |    8.9 |        14 |           3 | 14 | Stranger Things      |          2016 | Drama     |  2 | Wyatt      | Skaggs    |
| 46 |    8.9 |        14 |           3 | 14 | Stranger Things      |          2016 | Drama     |  1 | Thomas     | Stoneman  |
| 47 |    8.9 |        14 |           4 | 14 | Stranger Things      |          2016 | Drama     |  7 | Marlon     | Crafford  |
| 47 |    8.9 |        14 |           4 | 14 | Stranger Things      |          2016 | Drama     |  6 | Pinkie     | Petit     |
| 47 |    8.9 |        14 |           4 | 14 | Stranger Things      |          2016 | Drama     |  5 | Colt       | Steele    |
| 47 |    8.9 |        14 |           4 | 14 | Stranger Things      |          2016 | Drama     |  4 | Domingo    | Cortes    |
| 47 |    8.9 |        14 |           4 | 14 | Stranger Things      |          2016 | Drama     |  3 | Kimbra     | Masters   |
| 47 |    8.9 |        14 |           4 | 14 | Stranger Things      |          2016 | Drama     |  2 | Wyatt      | Skaggs    |
| 47 |    8.9 |        14 |           4 | 14 | Stranger Things      |          2016 | Drama     |  1 | Thomas     | Stoneman  |
+----+--------+-----------+-------------+----+----------------------+---------------+-----------+----+------------+-----------+
329 rows in set (0.00 sec)

mysql> SELECT 
    ->     title,rating,concat(Full_Name,' ',Last_Name) as Reviews 
    ->     
    -> FROM
    ->     reviews
    ->         INNER JOIN
    ->     series ON reviews.series_id = series.id
    ->         INNER JOIN
    ->     reviewers on
    ->      reviewers.id=reviews.reviewer_id;
ERROR 1054 (42S22): Unknown column 'Full_Name' in 'field list'
mysql> select * from reviewers;
+----+------------+-----------+
| id | first_name | last_name |
+----+------------+-----------+
|  1 | Thomas     | Stoneman  |
|  2 | Wyatt      | Skaggs    |
|  3 | Kimbra     | Masters   |
|  4 | Domingo    | Cortes    |
|  5 | Colt       | Steele    |
|  6 | Pinkie     | Petit     |
|  7 | Marlon     | Crafford  |
+----+------------+-----------+
7 rows in set (0.00 sec)

mysql> SELECT      title,rating,concat(Full_Name,' ',Last_Name) as Reviews       FROM     reviews
    INNER JOIN     series ON reviews.series_id = series.id         INNER JOIN     reviewers on      reviewers.id=reviews.reviewer_id;
ERROR 1054 (42S22): Unknown column 'Full_Name' in 'field list'
mysql> SELECT 
    ->     title,rating,concat(First_Name,' ',Last_Name) as Reviews 
    ->     
    -> FROM
    ->     reviews
    ->         INNER JOIN
    ->     series ON reviews.series_id = series.id
    ->         INNER JOIN
    ->     reviewers on
    ->      reviewers.id=reviews.reviewer_id;
+----------------------+--------+-----------------+
| title                | rating | Reviews         |
+----------------------+--------+-----------------+
| Archer               |    8.0 | Thomas Stoneman |
| Arrested Development |    8.1 | Thomas Stoneman |
| Bob's Burgers        |    7.0 | Thomas Stoneman |
| Bojack Horseman      |    7.5 | Thomas Stoneman |
| Breaking Bad         |    9.5 | Thomas Stoneman |
| Archer               |    7.5 | Wyatt Skaggs    |
| Bojack Horseman      |    7.6 | Wyatt Skaggs    |
| Breaking Bad         |    9.3 | Wyatt Skaggs    |
| Curb Your Enthusiasm |    6.5 | Wyatt Skaggs    |
| Curb Your Enthusiasm |    8.4 | Wyatt Skaggs    |
| Fargo                |    9.1 | Wyatt Skaggs    |
| Freaks and Geeks     |    7.8 | Wyatt Skaggs    |
| General Hospital     |    5.5 | Wyatt Skaggs    |
| Stranger Things      |    8.5 | Wyatt Skaggs    |
| Archer               |    8.5 | Kimbra Masters  |
| Arrested Development |    8.0 | Kimbra Masters  |
| Bob's Burgers        |    7.1 | Kimbra Masters  |
| Bojack Horseman      |    7.8 | Kimbra Masters  |
| Breaking Bad         |    9.0 | Kimbra Masters  |
| Curb Your Enthusiasm |    7.8 | Kimbra Masters  |
| General Hospital     |    6.8 | Kimbra Masters  |
| Seinfeld             |    8.0 | Kimbra Masters  |
| Stranger Things      |    8.9 | Kimbra Masters  |
| Archer               |    7.7 | Domingo Cortes  |
| Arrested Development |    6.0 | Domingo Cortes  |
| Bob's Burgers        |    8.0 | Domingo Cortes  |
| Bojack Horseman      |    8.3 | Domingo Cortes  |
| Breaking Bad         |    9.1 | Domingo Cortes  |
| Curb Your Enthusiasm |    8.8 | Domingo Cortes  |
| Freaks and Geeks     |    8.5 | Domingo Cortes  |
| General Hospital     |    5.8 | Domingo Cortes  |
| Seinfeld             |    7.2 | Domingo Cortes  |
| Stranger Things      |    8.9 | Domingo Cortes  |
| Archer               |    8.9 | Colt Steele     |
| Arrested Development |    9.9 | Colt Steele     |
| Bob's Burgers        |    8.0 | Colt Steele     |
| Bojack Horseman      |    8.5 | Colt Steele     |
| Breaking Bad         |    9.9 | Colt Steele     |
| Curb Your Enthusiasm |    9.1 | Colt Steele     |
| Fargo                |    9.7 | Colt Steele     |
| Freaks and Geeks     |    9.3 | Colt Steele     |
| General Hospital     |    4.5 | Colt Steele     |
| Halt and Catch Fire  |    9.9 | Colt Steele     |
| Arrested Development |    8.4 | Pinkie Petit    |
| Bob's Burgers        |    7.5 | Pinkie Petit    |
| Freaks and Geeks     |    8.8 | Pinkie Petit    |
| General Hospital     |    4.3 | Pinkie Petit    |
+----------------------+--------+-----------------+
47 rows in set (0.00 sec)

mysql> 
